###############################################################################
#
# IAR ELF Linker V9.10.2.313/W64 for ARM                  12/Oct/2025  16:26:52
# Copyright 2007-2021 IAR Systems AB.
#
#    Output file  =
#        C:\Users\Zagros\Desktop\STM\CODE\TTP229\EWARM\TTP229\Exe\TTP229.out
#    Map file     =
#        C:\Users\Zagros\Desktop\STM\CODE\TTP229\EWARM\TTP229\List\TTP229.map
#    Command line =
#        -f
#        C:\Users\Zagros\Desktop\STM\CODE\TTP229\EWARM\TTP229\Exe\TTP229.out.rsp
#        (C:\Users\Zagros\Desktop\STM\CODE\TTP229\EWARM\TTP229\Obj\Application\User\Core\main.o
#        C:\Users\Zagros\Desktop\STM\CODE\TTP229\EWARM\TTP229\Obj\Application\EWARM\startup_stm32f103xb.o
#        C:\Users\Zagros\Desktop\STM\CODE\TTP229\EWARM\TTP229\Obj\Drivers\STM32F1xx_HAL_Driver\stm32f1xx_hal.o
#        C:\Users\Zagros\Desktop\STM\CODE\TTP229\EWARM\TTP229\Obj\Drivers\STM32F1xx_HAL_Driver\stm32f1xx_hal_cortex.o
#        C:\Users\Zagros\Desktop\STM\CODE\TTP229\EWARM\TTP229\Obj\Drivers\STM32F1xx_HAL_Driver\stm32f1xx_hal_dma.o
#        C:\Users\Zagros\Desktop\STM\CODE\TTP229\EWARM\TTP229\Obj\Drivers\STM32F1xx_HAL_Driver\stm32f1xx_hal_exti.o
#        C:\Users\Zagros\Desktop\STM\CODE\TTP229\EWARM\TTP229\Obj\Drivers\STM32F1xx_HAL_Driver\stm32f1xx_hal_flash.o
#        C:\Users\Zagros\Desktop\STM\CODE\TTP229\EWARM\TTP229\Obj\Drivers\STM32F1xx_HAL_Driver\stm32f1xx_hal_flash_ex.o
#        C:\Users\Zagros\Desktop\STM\CODE\TTP229\EWARM\TTP229\Obj\Drivers\STM32F1xx_HAL_Driver\stm32f1xx_hal_gpio.o
#        C:\Users\Zagros\Desktop\STM\CODE\TTP229\EWARM\TTP229\Obj\Drivers\STM32F1xx_HAL_Driver\stm32f1xx_hal_gpio_ex.o
#        C:\Users\Zagros\Desktop\STM\CODE\TTP229\EWARM\TTP229\Obj\Application\User\Core\stm32f1xx_hal_msp.o
#        C:\Users\Zagros\Desktop\STM\CODE\TTP229\EWARM\TTP229\Obj\Drivers\STM32F1xx_HAL_Driver\stm32f1xx_hal_pwr.o
#        C:\Users\Zagros\Desktop\STM\CODE\TTP229\EWARM\TTP229\Obj\Drivers\STM32F1xx_HAL_Driver\stm32f1xx_hal_rcc.o
#        C:\Users\Zagros\Desktop\STM\CODE\TTP229\EWARM\TTP229\Obj\Drivers\STM32F1xx_HAL_Driver\stm32f1xx_hal_rcc_ex.o
#        C:\Users\Zagros\Desktop\STM\CODE\TTP229\EWARM\TTP229\Obj\Application\User\Core\stm32f1xx_it.o
#        C:\Users\Zagros\Desktop\STM\CODE\TTP229\EWARM\TTP229\Obj\Drivers\CMSIS\system_stm32f1xx.o
#        C:\Users\Zagros\Desktop\STM\CODE\TTP229\EWARM\TTP229\Obj\Application\User\Core\ttp229.o
#        --no_out_extension -o
#        C:\Users\Zagros\Desktop\STM\CODE\TTP229\EWARM\TTP229\Exe\TTP229.out
#        --redirect _Printf=_PrintfFullNoMb --redirect _Scanf=_ScanfFullNoMb
#        --map
#        C:\Users\Zagros\Desktop\STM\CODE\TTP229\EWARM\TTP229\List\TTP229.map
#        --config
#        C:\Users\Zagros\Desktop\STM\CODE\TTP229\EWARM/stm32f103xb_flash.icf
#        --semihosting --entry __iar_program_start --vfe --text_out locale)
#
###############################################################################

*******************************************************************************
*** RUNTIME MODEL ATTRIBUTES
***

CppFlavor       = *
__SystemLibrary = DLib
__dlib_version  = 6


*******************************************************************************
*** HEAP SELECTION
***

The basic heap was selected because no calls to memory allocation
functions were found in the application outside of system library
functions, and there are calls to deallocation functions in the
application.


*******************************************************************************
*** PLACEMENT SUMMARY
***

"A0":  place at address 0x800'0000 { ro section .intvec };
"P1":  place in [from 0x800'0000 to 0x801'ffff] { ro };
define block CSTACK with size = 1K, alignment = 8 { };
define block HEAP with size = 512, alignment = 8 { };
"P2":  place in [from 0x2000'0000 to 0x2000'4fff] {
          rw, block CSTACK, block HEAP };
initialize by copy { rw };

  Section            Kind         Address   Size  Object
  -------            ----         -------   ----  ------
"A0":                                       0xec
  .intvec            ro code   0x800'0000   0xec  startup_stm32f103xb.o [1]
                             - 0x800'00ec   0xec

"P1":                                      0xba4
  .text              ro code   0x800'00ec  0x496  stm32f1xx_hal_rcc.o [4]
  .text              ro code   0x800'0582   0x2a  copy_init3.o [6]
  .text              ro code   0x800'05ac    0xc  stm32f1xx_hal.o [4]
  .text              ro code   0x800'05b8   0x40  stm32f1xx_hal.o [4]
  .text              ro code   0x800'05f8   0xac  stm32f1xx_hal_cortex.o [4]
  .text              ro code   0x800'06a4  0x1c8  stm32f1xx_hal_gpio.o [4]
  .text              ro code   0x800'086c  0x102  main.o [2]
  .text              ro code   0x800'0970   0x24  stm32f1xx_hal.o [4]
  .text              ro code   0x800'0994   0x14  memset.o [6]
  .text              ro code   0x800'09a8   0x94  ttp229.o [2]
  .text              ro code   0x800'0a3c   0x44  stm32f1xx_hal_msp.o [2]
  .text              ro code   0x800'0a80   0x66  ABImemset.o [6]
  .text              ro code   0x800'0ae8   0x28  data_init.o [6]
  .iar.init_table    const     0x800'0b10   0x14  - Linker created -
  .text              ro code   0x800'0b24   0x1e  cmain.o [6]
  .text              ro code   0x800'0b42    0x4  low_level_init.o [5]
  .text              ro code   0x800'0b46    0x4  exit.o [5]
  .text              ro code   0x800'0b4c    0xa  cexit.o [6]
  .text              ro code   0x800'0b58   0x14  exit.o [7]
  .text              ro code   0x800'0b6c   0x1c  cstartup_M.o [6]
  .text              ro code   0x800'0b88   0x14  stm32f1xx_it.o [2]
  .text              ro code   0x800'0b9c   0x10  stm32f1xx_hal.o [4]
  .text              ro code   0x800'0bac   0x14  system_stm32f1xx.o [3]
  Initializer bytes  const     0x800'0bc0   0x14  <for P2-1>
  .text              ro code   0x800'0bd4   0x10  startup_stm32f103xb.o [1]
  .text              ro code   0x800'0be4    0x4  startup_stm32f103xb.o [1]
  .text              ro code   0x800'0be8    0x4  startup_stm32f103xb.o [1]
  .text              ro code   0x800'0bec    0x4  startup_stm32f103xb.o [1]
  .text              ro code   0x800'0bf0    0x4  startup_stm32f103xb.o [1]
  .text              ro code   0x800'0bf4    0x4  startup_stm32f103xb.o [1]
  .text              ro code   0x800'0bf8    0x4  startup_stm32f103xb.o [1]
  .text              ro code   0x800'0bfc    0x4  startup_stm32f103xb.o [1]
  .text              ro code   0x800'0c00    0x4  startup_stm32f103xb.o [1]
  .text              ro code   0x800'0c04    0x4  startup_stm32f103xb.o [1]
  .text              ro code   0x800'0c08    0x4  startup_stm32f103xb.o [1]
  .text              ro code   0x800'0c0c    0x4  startup_stm32f103xb.o [1]
  .text              ro code   0x800'0c10    0x4  startup_stm32f103xb.o [1]
  .text              ro code   0x800'0c14    0x4  startup_stm32f103xb.o [1]
  .text              ro code   0x800'0c18    0x4  startup_stm32f103xb.o [1]
  .text              ro code   0x800'0c1c    0x4  startup_stm32f103xb.o [1]
  .text              ro code   0x800'0c20    0x4  startup_stm32f103xb.o [1]
  .text              ro code   0x800'0c24    0x4  startup_stm32f103xb.o [1]
  .text              ro code   0x800'0c28    0x4  startup_stm32f103xb.o [1]
  .text              ro code   0x800'0c2c    0x4  startup_stm32f103xb.o [1]
  .text              ro code   0x800'0c30    0x4  startup_stm32f103xb.o [1]
  .text              ro code   0x800'0c34    0x4  startup_stm32f103xb.o [1]
  .text              ro code   0x800'0c38    0x4  startup_stm32f103xb.o [1]
  .text              ro code   0x800'0c3c    0x4  startup_stm32f103xb.o [1]
  .text              ro code   0x800'0c40    0x4  startup_stm32f103xb.o [1]
  .text              ro code   0x800'0c44    0x4  startup_stm32f103xb.o [1]
  .text              ro code   0x800'0c48    0x4  startup_stm32f103xb.o [1]
  .text              ro code   0x800'0c4c    0x4  startup_stm32f103xb.o [1]
  .text              ro code   0x800'0c50    0x4  startup_stm32f103xb.o [1]
  .text              ro code   0x800'0c54    0x4  startup_stm32f103xb.o [1]
  .text              ro code   0x800'0c58    0x4  startup_stm32f103xb.o [1]
  .text              ro code   0x800'0c5c    0x4  startup_stm32f103xb.o [1]
  .text              ro code   0x800'0c60    0x4  startup_stm32f103xb.o [1]
  .text              ro code   0x800'0c64    0x4  startup_stm32f103xb.o [1]
  .text              ro code   0x800'0c68    0x4  startup_stm32f103xb.o [1]
  .text              ro code   0x800'0c6c    0x4  startup_stm32f103xb.o [1]
  .text              ro code   0x800'0c70    0x4  startup_stm32f103xb.o [1]
  .text              ro code   0x800'0c74    0x4  startup_stm32f103xb.o [1]
  .text              ro code   0x800'0c78    0x4  startup_stm32f103xb.o [1]
  .text              ro code   0x800'0c7c    0x4  startup_stm32f103xb.o [1]
  .text              ro code   0x800'0c80    0x4  startup_stm32f103xb.o [1]
  .text              ro code   0x800'0c84    0x4  startup_stm32f103xb.o [1]
  .text              ro code   0x800'0c88    0x4  startup_stm32f103xb.o [1]
  .text              ro code   0x800'0c8c    0x4  startup_stm32f103xb.o [1]
  .rodata            const     0x800'0c90    0x0  copy_init3.o [6]
                             - 0x800'0c90  0xba4

"P2", part 1 of 2:                          0x14
  P2-1                        0x2000'0000   0x14  <Init block>
    .data            inited   0x2000'0000    0xc  stm32f1xx_hal.o [4]
    .data            inited   0x2000'000c    0x4  system_stm32f1xx.o [3]
    .bss             inited   0x2000'0010    0x2  main.o [2]
    .bss             inited   0x2000'0012    0x2  ttp229.o [2]
                            - 0x2000'0014   0x14

"P2", part 2 of 2:                         0x400
  CSTACK                      0x2000'0018  0x400  <Block>
    CSTACK           uninit   0x2000'0018  0x400  <Block tail>
                            - 0x2000'0418  0x400

Unused ranges:

         From           To      Size
         ----           --      ----
   0x800'0c90   0x801'ffff  0x1'f370
  0x2000'0014  0x2000'0017       0x4
  0x2000'0418  0x2000'4fff    0x4be8


*******************************************************************************
*** INIT TABLE
***

          Address      Size
          -------      ----
Copy (__iar_copy_init3)
    1 source range, total size 0x14:
           0x800'0bc0  0x14
    1 destination range, total size 0x14:
          0x2000'0000  0x14



*******************************************************************************
*** MODULE SUMMARY
***

    Module                  ro code  ro data  rw data
    ------                  -------  -------  -------
command line/config:
    -------------------------------------------------
    Total:

C:\Users\Zagros\Desktop\STM\CODE\TTP229\EWARM\TTP229\Obj\Application\EWARM: [1]
    startup_stm32f103xb.o       424
    -------------------------------------------------
    Total:                      424

C:\Users\Zagros\Desktop\STM\CODE\TTP229\EWARM\TTP229\Obj\Application\User\Core: [2]
    main.o                      258        2        2
    stm32f1xx_hal_msp.o          68
    stm32f1xx_it.o               20
    ttp229.o                    148        2        2
    -------------------------------------------------
    Total:                      494        4        4

C:\Users\Zagros\Desktop\STM\CODE\TTP229\EWARM\TTP229\Obj\Drivers\CMSIS: [3]
    system_stm32f1xx.o           20        4        4
    -------------------------------------------------
    Total:                       20        4        4

C:\Users\Zagros\Desktop\STM\CODE\TTP229\EWARM\TTP229\Obj\Drivers\STM32F1xx_HAL_Driver: [4]
    stm32f1xx_hal.o             128       12       12
    stm32f1xx_hal_cortex.o      172
    stm32f1xx_hal_gpio.o        456
    stm32f1xx_hal_rcc.o       1'174
    -------------------------------------------------
    Total:                    1'930       12       12

dl7M_tln.a: [5]
    exit.o                        4
    low_level_init.o              4
    -------------------------------------------------
    Total:                        8

rt7M_tl.a: [6]
    ABImemset.o                 102
    cexit.o                      10
    cmain.o                      30
    copy_init3.o                 42
    cstartup_M.o                 28
    data_init.o                  40
    memset.o                     20
    -------------------------------------------------
    Total:                      272

shb_l.a: [7]
    exit.o                       20
    -------------------------------------------------
    Total:                       20

    Gaps                          8
    Linker created                        20    1'024
-----------------------------------------------------
    Grand Total:              3'176       40    1'044


*******************************************************************************
*** ENTRY LIST
***

Entry                       Address   Size  Type      Object
-----                       -------   ----  ----      ------
.iar.init_table$$Base    0x800'0b10          --   Gb  - Linker created -
.iar.init_table$$Limit   0x800'0b24          --   Gb  - Linker created -
?main                    0x800'0b25         Code  Gb  cmain.o [6]
AHBPrescTable            0x800'0bb0   0x10  Data  Gb  system_stm32f1xx.o [3]
BusFault_Handler         0x800'0b8f    0x2  Code  Gb  stm32f1xx_it.o [2]
CSTACK$$Base            0x2000'0018          --   Gb  - Linker created -
CSTACK$$Limit           0x2000'0418          --   Gb  - Linker created -
DebugMon_Handler         0x800'0b95    0x2  Code  Gb  stm32f1xx_it.o [2]
HAL_GPIO_Init            0x800'06a5  0x180  Code  Gb  stm32f1xx_hal_gpio.o [4]
HAL_GPIO_ReadPin         0x800'0825    0xc  Code  Gb  stm32f1xx_hal_gpio.o [4]
HAL_GPIO_WritePin        0x800'0831    0x8  Code  Gb  stm32f1xx_hal_gpio.o [4]
HAL_GetTick              0x800'05ad    0xc  Code  Gb  stm32f1xx_hal.o [4]
HAL_IncTick              0x800'0b9d   0x10  Code  Gb  stm32f1xx_hal.o [4]
HAL_Init                 0x800'0971   0x20  Code  Gb  stm32f1xx_hal.o [4]
HAL_InitTick             0x800'05b9   0x40  Code  Gb  stm32f1xx_hal.o [4]
HAL_MspInit              0x800'0a3d   0x44  Code  Gb  stm32f1xx_hal_msp.o [2]
HAL_NVIC_SetPriority     0x800'062d   0x3a  Code  Gb  stm32f1xx_hal_cortex.o [4]
HAL_NVIC_SetPriorityGrouping
                         0x800'0613   0x1a  Code  Gb  stm32f1xx_hal_cortex.o [4]
HAL_RCC_ClockConfig      0x800'0401   0xf4  Code  Gb  stm32f1xx_hal_rcc.o [4]
HAL_RCC_GetSysClockFreq
                         0x800'0509   0x3a  Code  Gb  stm32f1xx_hal_rcc.o [4]
HAL_RCC_GetSysClockFreq::aPLLMULFactorTable
                         0x800'0570   0x10  Data  Lc  stm32f1xx_hal_rcc.o [4]
HAL_RCC_GetSysClockFreq::aPredivFactorTable
                         0x800'0580    0x2  Data  Lc  stm32f1xx_hal_rcc.o [4]
HAL_RCC_OscConfig        0x800'00ed  0x30c  Code  Gb  stm32f1xx_hal_rcc.o [4]
HAL_SYSTICK_Config       0x800'0667   0x28  Code  Gb  stm32f1xx_hal_cortex.o [4]
HardFault_Handler        0x800'0b8b    0x2  Code  Gb  stm32f1xx_it.o [2]
MemManage_Handler        0x800'0b8d    0x2  Code  Gb  stm32f1xx_it.o [2]
NMI_Handler              0x800'0b89    0x2  Code  Gb  stm32f1xx_it.o [2]
PendSV_Handler           0x800'0b97    0x2  Code  Gb  stm32f1xx_it.o [2]
Region$$Table$$Base      0x800'0b10          --   Gb  - Linker created -
Region$$Table$$Limit     0x800'0b24          --   Gb  - Linker created -
SVC_Handler              0x800'0b93    0x2  Code  Gb  stm32f1xx_it.o [2]
SysTick_Handler          0x800'0b99    0x4  Code  Gb  stm32f1xx_it.o [2]
SystemClock_Config       0x800'0909   0x66  Code  Gb  main.o [2]
SystemCoreClock         0x2000'000c    0x4  Data  Gb  system_stm32f1xx.o [3]
SystemInit               0x800'0bad    0x2  Code  Gb  system_stm32f1xx.o [3]
UsageFault_Handler       0x800'0b91    0x2  Code  Gb  stm32f1xx_it.o [2]
__NVIC_SetPriority       0x800'05f9   0x1a  Code  Lc  stm32f1xx_hal_cortex.o [4]
__aeabi_memset           0x800'0a81         Code  Gb  ABImemset.o [6]
__cmain                  0x800'0b25         Code  Gb  cmain.o [6]
__exit                   0x800'0b59   0x14  Code  Gb  exit.o [7]
__iar_Memset             0x800'0a81         Code  Gb  ABImemset.o [6]
__iar_Memset_word        0x800'0a89         Code  Gb  ABImemset.o [6]
__iar_copy_init3         0x800'0583   0x2a  Code  Gb  copy_init3.o [6]
__iar_data_init3         0x800'0ae9   0x28  Code  Gb  data_init.o [6]
__iar_program_start      0x800'0b6d         Code  Gb  cstartup_M.o [6]
__low_level_init         0x800'0b43    0x4  Code  Gb  low_level_init.o [5]
__vector_table           0x800'0000         Data  Gb  startup_stm32f103xb.o [1]
_call_main               0x800'0b31         Code  Gb  cmain.o [6]
_exit                    0x800'0b4d         Code  Gb  cexit.o [6]
clkControl               0x800'09a9    0xa  Code  Gb  ttp229.o [2]
detectTouch              0x800'09d7   0x26  Code  Gb  ttp229.o [2]
exit                     0x800'0b47    0x4  Code  Gb  exit.o [5]
keys                    0x2000'0010    0x2  Data  Gb  main.o [2]
lastSingleKey16         0x2000'0013    0x1  Data  Gb  ttp229.o [2]
main                     0x800'086d   0x8e  Code  Gb  main.o [2]
memset                   0x800'0995   0x14  Code  Gb  memset.o [6]
peekKey16                0x800'09fd    0xc  Code  Gb  ttp229.o [2]
readBit                  0x800'09bb   0x1c  Code  Gb  ttp229.o [2]
readDataPin              0x800'09b3    0x8  Code  Gb  ttp229.o [2]
scanSingle16             0x800'0a0f   0x26  Code  Gb  ttp229.o [2]
singleKey16             0x2000'0012    0x1  Data  Gb  ttp229.o [2]
uwTick                  0x2000'0004    0x4  Data  Gb  stm32f1xx_hal.o [4]
uwTickFreq              0x2000'0000    0x1  Data  Gb  stm32f1xx_hal.o [4]
uwTickPrio              0x2000'0008    0x4  Data  Gb  stm32f1xx_hal.o [4]


[1] = C:\Users\Zagros\Desktop\STM\CODE\TTP229\EWARM\TTP229\Obj\Application\EWARM
[2] = C:\Users\Zagros\Desktop\STM\CODE\TTP229\EWARM\TTP229\Obj\Application\User\Core
[3] = C:\Users\Zagros\Desktop\STM\CODE\TTP229\EWARM\TTP229\Obj\Drivers\CMSIS
[4] = C:\Users\Zagros\Desktop\STM\CODE\TTP229\EWARM\TTP229\Obj\Drivers\STM32F1xx_HAL_Driver
[5] = dl7M_tln.a
[6] = rt7M_tl.a
[7] = shb_l.a

  3'176 bytes of readonly  code memory
     40 bytes of readonly  data memory
  1'044 bytes of readwrite data memory

Errors: none
Warnings: none
