###############################################################################
#
# IAR ELF Linker V9.10.2.313/W64 for ARM                  21/Sep/2025  12:41:37
# Copyright 2007-2021 IAR Systems AB.
#
#    Output file  =
#        C:\Users\Zagros\Desktop\STM\CODE\SRF05\EWARM\SRF05\Exe\SRF05.out
#    Map file     =
#        C:\Users\Zagros\Desktop\STM\CODE\SRF05\EWARM\SRF05\List\SRF05.map
#    Command line =
#        -f
#        C:\Users\Zagros\Desktop\STM\CODE\SRF05\EWARM\SRF05\Exe\SRF05.out.rsp
#        (C:\Users\Zagros\Desktop\STM\CODE\SRF05\EWARM\SRF05\Obj\Application\User\Core\main.o
#        C:\Users\Zagros\Desktop\STM\CODE\SRF05\EWARM\SRF05\Obj\Application\User\Core\SRF05.o
#        C:\Users\Zagros\Desktop\STM\CODE\SRF05\EWARM\SRF05\Obj\Application\EWARM\startup_stm32f103xb.o
#        C:\Users\Zagros\Desktop\STM\CODE\SRF05\EWARM\SRF05\Obj\Drivers\STM32F1xx_HAL_Driver\stm32f1xx_hal.o
#        C:\Users\Zagros\Desktop\STM\CODE\SRF05\EWARM\SRF05\Obj\Drivers\STM32F1xx_HAL_Driver\stm32f1xx_hal_cortex.o
#        C:\Users\Zagros\Desktop\STM\CODE\SRF05\EWARM\SRF05\Obj\Drivers\STM32F1xx_HAL_Driver\stm32f1xx_hal_dma.o
#        C:\Users\Zagros\Desktop\STM\CODE\SRF05\EWARM\SRF05\Obj\Drivers\STM32F1xx_HAL_Driver\stm32f1xx_hal_exti.o
#        C:\Users\Zagros\Desktop\STM\CODE\SRF05\EWARM\SRF05\Obj\Drivers\STM32F1xx_HAL_Driver\stm32f1xx_hal_flash.o
#        C:\Users\Zagros\Desktop\STM\CODE\SRF05\EWARM\SRF05\Obj\Drivers\STM32F1xx_HAL_Driver\stm32f1xx_hal_flash_ex.o
#        C:\Users\Zagros\Desktop\STM\CODE\SRF05\EWARM\SRF05\Obj\Drivers\STM32F1xx_HAL_Driver\stm32f1xx_hal_gpio.o
#        C:\Users\Zagros\Desktop\STM\CODE\SRF05\EWARM\SRF05\Obj\Drivers\STM32F1xx_HAL_Driver\stm32f1xx_hal_gpio_ex.o
#        C:\Users\Zagros\Desktop\STM\CODE\SRF05\EWARM\SRF05\Obj\Application\User\Core\stm32f1xx_hal_msp.o
#        C:\Users\Zagros\Desktop\STM\CODE\SRF05\EWARM\SRF05\Obj\Drivers\STM32F1xx_HAL_Driver\stm32f1xx_hal_pwr.o
#        C:\Users\Zagros\Desktop\STM\CODE\SRF05\EWARM\SRF05\Obj\Drivers\STM32F1xx_HAL_Driver\stm32f1xx_hal_rcc.o
#        C:\Users\Zagros\Desktop\STM\CODE\SRF05\EWARM\SRF05\Obj\Drivers\STM32F1xx_HAL_Driver\stm32f1xx_hal_rcc_ex.o
#        C:\Users\Zagros\Desktop\STM\CODE\SRF05\EWARM\SRF05\Obj\Drivers\STM32F1xx_HAL_Driver\stm32f1xx_hal_tim.o
#        C:\Users\Zagros\Desktop\STM\CODE\SRF05\EWARM\SRF05\Obj\Drivers\STM32F1xx_HAL_Driver\stm32f1xx_hal_tim_ex.o
#        C:\Users\Zagros\Desktop\STM\CODE\SRF05\EWARM\SRF05\Obj\Application\User\Core\stm32f1xx_it.o
#        C:\Users\Zagros\Desktop\STM\CODE\SRF05\EWARM\SRF05\Obj\Drivers\CMSIS\system_stm32f1xx.o
#        --no_out_extension -o
#        C:\Users\Zagros\Desktop\STM\CODE\SRF05\EWARM\SRF05\Exe\SRF05.out
#        --redirect _Printf=_PrintfFullNoMb --redirect _Scanf=_ScanfFullNoMb
#        --map
#        C:\Users\Zagros\Desktop\STM\CODE\SRF05\EWARM\SRF05\List\SRF05.map
#        --config
#        C:\Users\Zagros\Desktop\STM\CODE\SRF05\EWARM/stm32f103xb_flash.icf
#        --semihosting --entry __iar_program_start --vfe --text_out locale)
#
###############################################################################

*******************************************************************************
*** RUNTIME MODEL ATTRIBUTES
***

CppFlavor       = *
__SystemLibrary = DLib
__dlib_version  = 6


*******************************************************************************
*** HEAP SELECTION
***

The basic heap was selected because no calls to memory allocation
functions were found in the application outside of system library
functions, and there are calls to deallocation functions in the
application.


*******************************************************************************
*** PLACEMENT SUMMARY
***

"A0":  place at address 0x800'0000 { ro section .intvec };
"P1":  place in [from 0x800'0000 to 0x801'ffff] { ro };
define block CSTACK with size = 1K, alignment = 8 { };
define block HEAP with size = 512, alignment = 8 { };
"P2":  place in [from 0x2000'0000 to 0x2000'4fff] {
          rw, block CSTACK, block HEAP };
initialize by copy { rw };

  Section            Kind         Address    Size  Object
  -------            ----         -------    ----  ------
"A0":                                        0xec
  .intvec            ro code   0x800'0000    0xec  startup_stm32f103xb.o [1]
                             - 0x800'00ec    0xec

"P1":                                      0x14d8
  .text              ro code   0x800'00ec   0x702  stm32f1xx_hal_tim.o [4]
  .text              ro code   0x800'07ee    0x2a  copy_init3.o [6]
  .text              ro code   0x800'0818    0xb0  stm32f1xx_hal_msp.o [2]
  .text              ro code   0x800'08c8     0x2  stm32f1xx_hal_tim.o [4]
  .text              ro code   0x800'08cc    0xe0  SRF05.o [2]
  .text              ro code   0x800'09ac     0x2  stm32f1xx_hal_tim.o [4]
  .text              ro code   0x800'09ae     0x2  stm32f1xx_hal_tim.o [4]
  .text              ro code   0x800'09b0     0x2  stm32f1xx_hal_tim_ex.o [4]
  .text              ro code   0x800'09b2     0x2  stm32f1xx_hal_tim.o [4]
  .text              ro code   0x800'09b4     0x2  stm32f1xx_hal_tim_ex.o [4]
  .text              ro code   0x800'09b6     0x2  stm32f1xx_hal_tim.o [4]
  .text              ro code   0x800'09b8    0x14  memset.o [6]
  .text              ro code   0x800'09cc   0x1bc  stm32f1xx_hal_gpio.o [4]
  .text              ro code   0x800'0b88    0xc4  stm32f1xx_hal_cortex.o [4]
  .text              ro code   0x800'0c4c    0x28  stm32f1xx_hal.o [4]
  .text              ro code   0x800'0c74    0x66  ABImemset.o [6]
  .text              ro code   0x800'0cdc     0xc  stm32f1xx_hal.o [4]
  .text              ro code   0x800'0ce8   0x496  stm32f1xx_hal_rcc.o [4]
  .text              ro code   0x800'1180    0x40  stm32f1xx_hal.o [4]
  .text              ro code   0x800'11c0   0x186  main.o [2]
  .text              ro code   0x800'1348    0x24  stm32f1xx_hal.o [4]
  .text              ro code   0x800'136c    0x64  stm32f1xx_hal_tim_ex.o [4]
  .text              ro code   0x800'13d0    0x38  zero_init3.o [6]
  .text              ro code   0x800'1408    0x28  data_init.o [6]
  .iar.init_table    const     0x800'1430    0x24  - Linker created -
  .text              ro code   0x800'1454    0x20  stm32f1xx_it.o [2]
  .text              ro code   0x800'1474    0x10  stm32f1xx_hal.o [4]
  .text              ro code   0x800'1484    0x1e  cmain.o [6]
  .text              ro code   0x800'14a2     0x4  low_level_init.o [5]
  .text              ro code   0x800'14a6     0x4  exit.o [5]
  .text              ro code   0x800'14ac     0xa  cexit.o [6]
  .text              ro code   0x800'14b8    0x14  exit.o [7]
  .text              ro code   0x800'14cc    0x1c  cstartup_M.o [6]
  .text              ro code   0x800'14e8    0x14  system_stm32f1xx.o [3]
  .text              ro code   0x800'14fc    0x10  startup_stm32f103xb.o [1]
  Initializer bytes  const     0x800'150c    0x10  <for P2-1>
  .text              ro code   0x800'151c     0x4  startup_stm32f103xb.o [1]
  .text              ro code   0x800'1520     0x4  startup_stm32f103xb.o [1]
  .text              ro code   0x800'1524     0x4  startup_stm32f103xb.o [1]
  .text              ro code   0x800'1528     0x4  startup_stm32f103xb.o [1]
  .text              ro code   0x800'152c     0x4  startup_stm32f103xb.o [1]
  .text              ro code   0x800'1530     0x4  startup_stm32f103xb.o [1]
  .text              ro code   0x800'1534     0x4  startup_stm32f103xb.o [1]
  .text              ro code   0x800'1538     0x4  startup_stm32f103xb.o [1]
  .text              ro code   0x800'153c     0x4  startup_stm32f103xb.o [1]
  .text              ro code   0x800'1540     0x4  startup_stm32f103xb.o [1]
  .text              ro code   0x800'1544     0x4  startup_stm32f103xb.o [1]
  .text              ro code   0x800'1548     0x4  startup_stm32f103xb.o [1]
  .text              ro code   0x800'154c     0x4  startup_stm32f103xb.o [1]
  .text              ro code   0x800'1550     0x4  startup_stm32f103xb.o [1]
  .text              ro code   0x800'1554     0x4  startup_stm32f103xb.o [1]
  .text              ro code   0x800'1558     0x4  startup_stm32f103xb.o [1]
  .text              ro code   0x800'155c     0x4  startup_stm32f103xb.o [1]
  .text              ro code   0x800'1560     0x4  startup_stm32f103xb.o [1]
  .text              ro code   0x800'1564     0x4  startup_stm32f103xb.o [1]
  .text              ro code   0x800'1568     0x4  startup_stm32f103xb.o [1]
  .text              ro code   0x800'156c     0x4  startup_stm32f103xb.o [1]
  .text              ro code   0x800'1570     0x4  startup_stm32f103xb.o [1]
  .text              ro code   0x800'1574     0x4  startup_stm32f103xb.o [1]
  .text              ro code   0x800'1578     0x4  startup_stm32f103xb.o [1]
  .text              ro code   0x800'157c     0x4  startup_stm32f103xb.o [1]
  .text              ro code   0x800'1580     0x4  startup_stm32f103xb.o [1]
  .text              ro code   0x800'1584     0x4  startup_stm32f103xb.o [1]
  .text              ro code   0x800'1588     0x4  startup_stm32f103xb.o [1]
  .text              ro code   0x800'158c     0x4  startup_stm32f103xb.o [1]
  .text              ro code   0x800'1590     0x4  startup_stm32f103xb.o [1]
  .text              ro code   0x800'1594     0x4  startup_stm32f103xb.o [1]
  .text              ro code   0x800'1598     0x4  startup_stm32f103xb.o [1]
  .text              ro code   0x800'159c     0x4  startup_stm32f103xb.o [1]
  .text              ro code   0x800'15a0     0x4  startup_stm32f103xb.o [1]
  .text              ro code   0x800'15a4     0x4  startup_stm32f103xb.o [1]
  .text              ro code   0x800'15a8     0x4  startup_stm32f103xb.o [1]
  .text              ro code   0x800'15ac     0x4  startup_stm32f103xb.o [1]
  .text              ro code   0x800'15b0     0x4  startup_stm32f103xb.o [1]
  .text              ro code   0x800'15b4     0x4  startup_stm32f103xb.o [1]
  .text              ro code   0x800'15b8     0x4  startup_stm32f103xb.o [1]
  .text              ro code   0x800'15bc     0x4  startup_stm32f103xb.o [1]
  .text              ro code   0x800'15c0     0x4  startup_stm32f103xb.o [1]
  .rodata            const     0x800'15c4     0x0  zero_init3.o [6]
  .rodata            const     0x800'15c4     0x0  copy_init3.o [6]
                             - 0x800'15c4  0x14d8

"P2", part 1 of 3:                           0x10
  P2-1                        0x2000'0000    0x10  <Init block>
    .data            inited   0x2000'0000     0xc  stm32f1xx_hal.o [4]
    .data            inited   0x2000'000c     0x4  system_stm32f1xx.o [3]
                            - 0x2000'0010    0x10

"P2", part 2 of 3:                           0x5c
  .bss               zero     0x2000'0010    0x4c  main.o [2]
  .bss               zero     0x2000'005c    0x10  SRF05.o [2]
                            - 0x2000'006c    0x5c

"P2", part 3 of 3:                          0x400
  CSTACK                      0x2000'0070   0x400  <Block>
    CSTACK           uninit   0x2000'0070   0x400  <Block tail>
                            - 0x2000'0470   0x400

Unused ranges:

         From           To      Size
         ----           --      ----
   0x800'15c4   0x801'ffff  0x1'ea3c
  0x2000'006c  0x2000'006f       0x4
  0x2000'0470  0x2000'4fff    0x4b90


*******************************************************************************
*** INIT TABLE
***

          Address      Size
          -------      ----
Zero (__iar_zero_init3)
    1 destination range, total size 0x5c:
          0x2000'0010  0x5c

Copy (__iar_copy_init3)
    1 source range, total size 0x10:
           0x800'150c  0x10
    1 destination range, total size 0x10:
          0x2000'0000  0x10



*******************************************************************************
*** MODULE SUMMARY
***

    Module                  ro code  ro data  rw data
    ------                  -------  -------  -------
command line/config:
    -------------------------------------------------
    Total:

C:\Users\Zagros\Desktop\STM\CODE\SRF05\EWARM\SRF05\Obj\Application\EWARM: [1]
    startup_stm32f103xb.o       420
    -------------------------------------------------
    Total:                      420

C:\Users\Zagros\Desktop\STM\CODE\SRF05\EWARM\SRF05\Obj\Application\User\Core: [2]
    SRF05.o                     224                16
    main.o                      390                76
    stm32f1xx_hal_msp.o         176
    stm32f1xx_it.o               32
    -------------------------------------------------
    Total:                      822                92

C:\Users\Zagros\Desktop\STM\CODE\SRF05\EWARM\SRF05\Obj\Drivers\CMSIS: [3]
    system_stm32f1xx.o           20        4        4
    -------------------------------------------------
    Total:                       20        4        4

C:\Users\Zagros\Desktop\STM\CODE\SRF05\EWARM\SRF05\Obj\Drivers\STM32F1xx_HAL_Driver: [4]
    stm32f1xx_hal.o             168       12       12
    stm32f1xx_hal_cortex.o      196
    stm32f1xx_hal_gpio.o        444
    stm32f1xx_hal_rcc.o       1'174
    stm32f1xx_hal_tim.o       1'804
    stm32f1xx_hal_tim_ex.o      104
    -------------------------------------------------
    Total:                    3'890       12       12

dl7M_tln.a: [5]
    exit.o                        4
    low_level_init.o              4
    -------------------------------------------------
    Total:                        8

rt7M_tl.a: [6]
    ABImemset.o                 102
    cexit.o                      10
    cmain.o                      30
    copy_init3.o                 42
    cstartup_M.o                 28
    data_init.o                  40
    memset.o                     20
    zero_init3.o                 56
    -------------------------------------------------
    Total:                      328

shb_l.a: [7]
    exit.o                       20
    -------------------------------------------------
    Total:                       20

    Gaps                         12
    Linker created                        36    1'024
-----------------------------------------------------
    Grand Total:              5'520       52    1'132


*******************************************************************************
*** ENTRY LIST
***

Entry                       Address   Size  Type      Object
-----                       -------   ----  ----      ------
.iar.init_table$$Base    0x800'1430          --   Gb  - Linker created -
.iar.init_table$$Limit   0x800'1454          --   Gb  - Linker created -
?main                    0x800'1485         Code  Gb  cmain.o [6]
AHBPrescTable            0x800'14ec   0x10  Data  Gb  system_stm32f1xx.o [3]
BusFault_Handler         0x800'145b    0x2  Code  Gb  stm32f1xx_it.o [2]
CSTACK$$Base            0x2000'0070          --   Gb  - Linker created -
CSTACK$$Limit           0x2000'0470          --   Gb  - Linker created -
DebugMon_Handler         0x800'1461    0x2  Code  Gb  stm32f1xx_it.o [2]
Error_Handler            0x800'1343    0x4  Code  Gb  main.o [2]
HAL_Delay                0x800'0c4d   0x28  Code  Gb  stm32f1xx_hal.o [4]
HAL_GPIO_Init            0x800'09cd  0x180  Code  Gb  stm32f1xx_hal_gpio.o [4]
HAL_GPIO_WritePin        0x800'0b4d    0x8  Code  Gb  stm32f1xx_hal_gpio.o [4]
HAL_GetTick              0x800'0cdd    0xc  Code  Gb  stm32f1xx_hal.o [4]
HAL_IncTick              0x800'1475   0x10  Code  Gb  stm32f1xx_hal.o [4]
HAL_Init                 0x800'1349   0x20  Code  Gb  stm32f1xx_hal.o [4]
HAL_InitTick             0x800'1181   0x40  Code  Gb  stm32f1xx_hal.o [4]
HAL_MspInit              0x800'0819   0x3a  Code  Gb  stm32f1xx_hal_msp.o [2]
HAL_NVIC_EnableIRQ       0x800'0bf7   0x16  Code  Gb  stm32f1xx_hal_cortex.o [4]
HAL_NVIC_SetPriority     0x800'0bbd   0x3a  Code  Gb  stm32f1xx_hal_cortex.o [4]
HAL_NVIC_SetPriorityGrouping
                         0x800'0ba3   0x1a  Code  Gb  stm32f1xx_hal_cortex.o [4]
HAL_RCC_ClockConfig      0x800'0ffd   0xf4  Code  Gb  stm32f1xx_hal_rcc.o [4]
HAL_RCC_GetSysClockFreq
                         0x800'1105   0x3a  Code  Gb  stm32f1xx_hal_rcc.o [4]
HAL_RCC_GetSysClockFreq::aPLLMULFactorTable
                         0x800'116c   0x10  Data  Lc  stm32f1xx_hal_rcc.o [4]
HAL_RCC_GetSysClockFreq::aPredivFactorTable
                         0x800'117c    0x2  Data  Lc  stm32f1xx_hal_rcc.o [4]
HAL_RCC_OscConfig        0x800'0ce9  0x30c  Code  Gb  stm32f1xx_hal_rcc.o [4]
HAL_SYSTICK_Config       0x800'0c0d   0x28  Code  Gb  stm32f1xx_hal_cortex.o [4]
HAL_TIMEx_BreakCallback
                         0x800'09b1    0x2  Code  Gb  stm32f1xx_hal_tim_ex.o [4]
HAL_TIMEx_CommutCallback
                         0x800'09b5    0x2  Code  Gb  stm32f1xx_hal_tim_ex.o [4]
HAL_TIMEx_MasterConfigSynchronization
                         0x800'136d   0x56  Code  Gb  stm32f1xx_hal_tim_ex.o [4]
HAL_TIM_Base_Init        0x800'00ed   0x1a  Code  Gb  stm32f1xx_hal_tim.o [4]
HAL_TIM_Base_MspInit     0x800'0853   0x66  Code  Gb  stm32f1xx_hal_msp.o [2]
HAL_TIM_ConfigClockSource
                         0x800'058b   0xaa  Code  Gb  stm32f1xx_hal_tim.o [4]
HAL_TIM_IC_CaptureCallback
                         0x800'08ff   0x8e  Code  Gb  SRF05.o [2]
HAL_TIM_IC_ConfigChannel
                         0x800'0471  0x102  Code  Gb  stm32f1xx_hal_tim.o [4]
HAL_TIM_IC_Init          0x800'019d   0x1c  Code  Gb  stm32f1xx_hal_tim.o [4]
HAL_TIM_IC_MspInit       0x800'08c9    0x2  Code  Gb  stm32f1xx_hal_tim.o [4]
HAL_TIM_IC_Start_IT      0x800'01cd   0xb2  Code  Gb  stm32f1xx_hal_tim.o [4]
HAL_TIM_IC_Stop_IT       0x800'0293   0x70  Code  Gb  stm32f1xx_hal_tim.o [4]
HAL_TIM_IRQHandler       0x800'0341  0x12a  Code  Gb  stm32f1xx_hal_tim.o [4]
HAL_TIM_OC_DelayElapsedCallback
                         0x800'09ad    0x2  Code  Gb  stm32f1xx_hal_tim.o [4]
HAL_TIM_PWM_PulseFinishedCallback
                         0x800'09b7    0x2  Code  Gb  stm32f1xx_hal_tim.o [4]
HAL_TIM_PeriodElapsedCallback
                         0x800'09af    0x2  Code  Gb  stm32f1xx_hal_tim.o [4]
HAL_TIM_ReadCapturedValue
                         0x800'064f   0x2c  Code  Gb  stm32f1xx_hal_tim.o [4]
HAL_TIM_TriggerCallback
                         0x800'09b3    0x2  Code  Gb  stm32f1xx_hal_tim.o [4]
HardFault_Handler        0x800'1457    0x2  Code  Gb  stm32f1xx_it.o [2]
MemManage_Handler        0x800'1459    0x2  Code  Gb  stm32f1xx_it.o [2]
NMI_Handler              0x800'1455    0x2  Code  Gb  stm32f1xx_it.o [2]
PendSV_Handler           0x800'1463    0x2  Code  Gb  stm32f1xx_it.o [2]
Region$$Table$$Base      0x800'1430          --   Gb  - Linker created -
Region$$Table$$Limit     0x800'1454          --   Gb  - Linker created -
SRF05_GetDistance        0x800'08f9    0x6  Code  Gb  SRF05.o [2]
SRF05_Init               0x800'08cd    0xa  Code  Gb  SRF05.o [2]
SRF05_Trigger            0x800'08d7   0x22  Code  Gb  SRF05.o [2]
SVC_Handler              0x800'145f    0x2  Code  Gb  stm32f1xx_it.o [2]
SysTick_Handler          0x800'1465    0x4  Code  Gb  stm32f1xx_it.o [2]
SystemClock_Config       0x800'12dd   0x66  Code  Gb  main.o [2]
SystemCoreClock         0x2000'000c    0x4  Data  Gb  system_stm32f1xx.o [3]
SystemInit               0x800'14e9    0x2  Code  Gb  system_stm32f1xx.o [3]
TIM1_CC_IRQHandler       0x800'1469    0x6  Code  Gb  stm32f1xx_it.o [2]
TIM_Base_SetConfig       0x800'067b   0x6c  Code  Gb  stm32f1xx_hal_tim.o [4]
TIM_CCxChannelCmd        0x800'07d3   0x16  Code  Gb  stm32f1xx_hal_tim.o [4]
TIM_ETR_SetConfig        0x800'07bf   0x14  Code  Gb  stm32f1xx_hal_tim.o [4]
TIM_ITRx_SetConfig       0x800'07af   0x10  Code  Lc  stm32f1xx_hal_tim.o [4]
TIM_TI1_ConfigInputStage
                         0x800'0741   0x1e  Code  Lc  stm32f1xx_hal_tim.o [4]
TIM_TI1_SetConfig        0x800'06e7   0x46  Code  Gb  stm32f1xx_hal_tim.o [4]
TIM_TI2_ConfigInputStage
                         0x800'078b   0x24  Code  Lc  stm32f1xx_hal_tim.o [4]
TIM_TI2_SetConfig        0x800'075f   0x2c  Code  Lc  stm32f1xx_hal_tim.o [4]
UsageFault_Handler       0x800'145d    0x2  Code  Gb  stm32f1xx_it.o [2]
__NVIC_SetPriority       0x800'0b89   0x1a  Code  Lc  stm32f1xx_hal_cortex.o [4]
__aeabi_memset           0x800'0c75         Code  Gb  ABImemset.o [6]
__cmain                  0x800'1485         Code  Gb  cmain.o [6]
__exit                   0x800'14b9   0x14  Code  Gb  exit.o [7]
__iar_Memset             0x800'0c75         Code  Gb  ABImemset.o [6]
__iar_Memset_word        0x800'0c7d         Code  Gb  ABImemset.o [6]
__iar_copy_init3         0x800'07ef   0x2a  Code  Gb  copy_init3.o [6]
__iar_data_init3         0x800'1409   0x28  Code  Gb  data_init.o [6]
__iar_program_start      0x800'14cd         Code  Gb  cstartup_M.o [6]
__iar_zero_init3         0x800'13d1   0x38  Code  Gb  zero_init3.o [6]
__low_level_init         0x800'14a3    0x4  Code  Gb  low_level_init.o [5]
__vector_table           0x800'0000         Data  Gb  startup_stm32f103xb.o [1]
_call_main               0x800'1491         Code  Gb  cmain.o [6]
_exit                    0x800'14ad         Code  Gb  cexit.o [6]
dist                    0x2000'0058    0x4  Data  Gb  main.o [2]
distance                0x2000'0068    0x4  Data  Lc  SRF05.o [2]
exit                     0x800'14a7    0x4  Code  Gb  exit.o [5]
htim1                   0x2000'0010   0x48  Data  Gb  main.o [2]
htim_srf05              0x2000'0060    0x4  Data  Lc  SRF05.o [2]
ic_val1                 0x2000'0064    0x4  Data  Lc  SRF05.o [2]
is_first_captured       0x2000'005c    0x1  Data  Lc  SRF05.o [2]
main                     0x800'11c1  0x10c  Code  Gb  main.o [2]
memset                   0x800'09b9   0x14  Code  Gb  memset.o [6]
uwTick                  0x2000'0004    0x4  Data  Gb  stm32f1xx_hal.o [4]
uwTickFreq              0x2000'0000    0x1  Data  Gb  stm32f1xx_hal.o [4]
uwTickPrio              0x2000'0008    0x4  Data  Gb  stm32f1xx_hal.o [4]


[1] = C:\Users\Zagros\Desktop\STM\CODE\SRF05\EWARM\SRF05\Obj\Application\EWARM
[2] = C:\Users\Zagros\Desktop\STM\CODE\SRF05\EWARM\SRF05\Obj\Application\User\Core
[3] = C:\Users\Zagros\Desktop\STM\CODE\SRF05\EWARM\SRF05\Obj\Drivers\CMSIS
[4] = C:\Users\Zagros\Desktop\STM\CODE\SRF05\EWARM\SRF05\Obj\Drivers\STM32F1xx_HAL_Driver
[5] = dl7M_tln.a
[6] = rt7M_tl.a
[7] = shb_l.a

  5'520 bytes of readonly  code memory
     52 bytes of readonly  data memory
  1'132 bytes of readwrite data memory

Errors: none
Warnings: none
