###############################################################################
#
# IAR ELF Linker V9.10.2.313/W64 for ARM                  14/Sep/2025  14:53:37
# Copyright 2007-2021 IAR Systems AB.
#
#    Output file  =
#        C:\Users\Zagros\Desktop\STM\CODE\DS18B20\EWARM\DS18B20\Exe\DS18B20.out
#    Map file     =
#        C:\Users\Zagros\Desktop\STM\CODE\DS18B20\EWARM\DS18B20\List\DS18B20.map
#    Command line =
#        -f
#        C:\Users\Zagros\Desktop\STM\CODE\DS18B20\EWARM\DS18B20\Exe\DS18B20.out.rsp
#        (C:\Users\Zagros\Desktop\STM\CODE\DS18B20\EWARM\DS18B20\Obj\Application\User\Core\DS18B20.o
#        C:\Users\Zagros\Desktop\STM\CODE\DS18B20\EWARM\DS18B20\Obj\Application\User\Core\main.o
#        C:\Users\Zagros\Desktop\STM\CODE\DS18B20\EWARM\DS18B20\Obj\Application\EWARM\startup_stm32f103xb.o
#        C:\Users\Zagros\Desktop\STM\CODE\DS18B20\EWARM\DS18B20\Obj\Drivers\STM32F1xx_HAL_Driver\stm32f1xx_hal.o
#        C:\Users\Zagros\Desktop\STM\CODE\DS18B20\EWARM\DS18B20\Obj\Drivers\STM32F1xx_HAL_Driver\stm32f1xx_hal_cortex.o
#        C:\Users\Zagros\Desktop\STM\CODE\DS18B20\EWARM\DS18B20\Obj\Drivers\STM32F1xx_HAL_Driver\stm32f1xx_hal_dma.o
#        C:\Users\Zagros\Desktop\STM\CODE\DS18B20\EWARM\DS18B20\Obj\Drivers\STM32F1xx_HAL_Driver\stm32f1xx_hal_exti.o
#        C:\Users\Zagros\Desktop\STM\CODE\DS18B20\EWARM\DS18B20\Obj\Drivers\STM32F1xx_HAL_Driver\stm32f1xx_hal_flash.o
#        C:\Users\Zagros\Desktop\STM\CODE\DS18B20\EWARM\DS18B20\Obj\Drivers\STM32F1xx_HAL_Driver\stm32f1xx_hal_flash_ex.o
#        C:\Users\Zagros\Desktop\STM\CODE\DS18B20\EWARM\DS18B20\Obj\Drivers\STM32F1xx_HAL_Driver\stm32f1xx_hal_gpio.o
#        C:\Users\Zagros\Desktop\STM\CODE\DS18B20\EWARM\DS18B20\Obj\Drivers\STM32F1xx_HAL_Driver\stm32f1xx_hal_gpio_ex.o
#        C:\Users\Zagros\Desktop\STM\CODE\DS18B20\EWARM\DS18B20\Obj\Application\User\Core\stm32f1xx_hal_msp.o
#        C:\Users\Zagros\Desktop\STM\CODE\DS18B20\EWARM\DS18B20\Obj\Drivers\STM32F1xx_HAL_Driver\stm32f1xx_hal_pwr.o
#        C:\Users\Zagros\Desktop\STM\CODE\DS18B20\EWARM\DS18B20\Obj\Drivers\STM32F1xx_HAL_Driver\stm32f1xx_hal_rcc.o
#        C:\Users\Zagros\Desktop\STM\CODE\DS18B20\EWARM\DS18B20\Obj\Drivers\STM32F1xx_HAL_Driver\stm32f1xx_hal_rcc_ex.o
#        C:\Users\Zagros\Desktop\STM\CODE\DS18B20\EWARM\DS18B20\Obj\Drivers\STM32F1xx_HAL_Driver\stm32f1xx_hal_tim.o
#        C:\Users\Zagros\Desktop\STM\CODE\DS18B20\EWARM\DS18B20\Obj\Drivers\STM32F1xx_HAL_Driver\stm32f1xx_hal_tim_ex.o
#        C:\Users\Zagros\Desktop\STM\CODE\DS18B20\EWARM\DS18B20\Obj\Application\User\Core\stm32f1xx_it.o
#        C:\Users\Zagros\Desktop\STM\CODE\DS18B20\EWARM\DS18B20\Obj\Drivers\CMSIS\system_stm32f1xx.o
#        --no_out_extension -o
#        C:\Users\Zagros\Desktop\STM\CODE\DS18B20\EWARM\DS18B20\Exe\DS18B20.out
#        --redirect _Printf=_PrintfFullNoMb --redirect _Scanf=_ScanfFullNoMb
#        --map
#        C:\Users\Zagros\Desktop\STM\CODE\DS18B20\EWARM\DS18B20\List\DS18B20.map
#        --config
#        C:\Users\Zagros\Desktop\STM\CODE\DS18B20\EWARM/stm32f103xb_flash.icf
#        --semihosting --entry __iar_program_start --vfe --text_out locale)
#
###############################################################################

*******************************************************************************
*** RUNTIME MODEL ATTRIBUTES
***

CppFlavor       = *
__SystemLibrary = DLib
__dlib_version  = 6


*******************************************************************************
*** HEAP SELECTION
***

The basic heap was selected because no calls to memory allocation
functions were found in the application outside of system library
functions, and there are calls to deallocation functions in the
application.


*******************************************************************************
*** PLACEMENT SUMMARY
***

"A0":  place at address 0x800'0000 { ro section .intvec };
"P1":  place in [from 0x800'0000 to 0x801'ffff] { ro };
define block CSTACK with size = 1K, alignment = 8 { };
define block HEAP with size = 512, alignment = 8 { };
"P2":  place in [from 0x2000'0000 to 0x2000'4fff] {
          rw, block CSTACK, block HEAP };
initialize by copy { rw };

  Section            Kind         Address    Size  Object
  -------            ----         -------    ----  ------
"A0":                                        0xec
  .intvec            ro code   0x800'0000    0xec  startup_stm32f103xb.o [1]
                             - 0x800'00ec    0xec

"P1":                                      0x1168
  .text              ro code   0x800'00ec   0x496  stm32f1xx_hal_rcc.o [4]
  .text              ro code   0x800'0582    0x2a  copy_init3.o [7]
  .text              ro code   0x800'05ac     0xc  stm32f1xx_hal.o [4]
  .text              ro code   0x800'05b8    0x40  stm32f1xx_hal.o [4]
  .text              ro code   0x800'05f8    0xac  stm32f1xx_hal_cortex.o [4]
  .text              ro code   0x800'06a4   0x250  stm32f1xx_hal_tim.o [4]
  .text              ro code   0x800'08f4    0x68  stm32f1xx_hal_msp.o [2]
  .text              ro code   0x800'095c   0x1c8  stm32f1xx_hal_gpio.o [4]
  .text              ro code   0x800'0b24   0x196  DS18B20.o [2]
  .text              ro code   0x800'0cba    0x14  memset.o [7]
  .text              ro code   0x800'0cd0    0x28  stm32f1xx_hal.o [4]
  .text              ro code   0x800'0cf8    0x24  S32ToFlt.o [6]
  .text              ro code   0x800'0d1c    0xd8  FltMul.o [6]
  .text              ro code   0x800'0df4    0x66  ABImemset.o [7]
  .text              ro code   0x800'0e5c   0x148  main.o [2]
  .text              ro code   0x800'0fa4    0x24  stm32f1xx_hal.o [4]
  .text              ro code   0x800'0fc8    0x64  stm32f1xx_hal_tim_ex.o [4]
  .text              ro code   0x800'102c     0x6  ABImemclr4.o [7]
  .text              ro code   0x800'1034    0x32  ABImemset48.o [7]
  .text              ro code   0x800'1066    0x38  zero_init3.o [7]
  .text              ro code   0x800'10a0    0x28  data_init.o [7]
  .iar.init_table    const     0x800'10c8    0x24  - Linker created -
  .text              ro code   0x800'10ec    0x1e  cmain.o [7]
  .text              ro code   0x800'110a     0x4  low_level_init.o [5]
  .text              ro code   0x800'110e     0x4  exit.o [5]
  .text              ro code   0x800'1114     0xa  cexit.o [7]
  .text              ro code   0x800'1120    0x14  exit.o [8]
  .text              ro code   0x800'1134    0x1c  cstartup_M.o [7]
  .text              ro code   0x800'1150    0x14  stm32f1xx_it.o [2]
  .text              ro code   0x800'1164    0x10  stm32f1xx_hal.o [4]
  .text              ro code   0x800'1174    0x14  system_stm32f1xx.o [3]
  .text              ro code   0x800'1188    0x10  startup_stm32f103xb.o [1]
  Initializer bytes  const     0x800'1198    0x10  <for P2-1>
  .text              ro code   0x800'11a8     0x4  startup_stm32f103xb.o [1]
  .text              ro code   0x800'11ac     0x4  startup_stm32f103xb.o [1]
  .text              ro code   0x800'11b0     0x4  startup_stm32f103xb.o [1]
  .text              ro code   0x800'11b4     0x4  startup_stm32f103xb.o [1]
  .text              ro code   0x800'11b8     0x4  startup_stm32f103xb.o [1]
  .text              ro code   0x800'11bc     0x4  startup_stm32f103xb.o [1]
  .text              ro code   0x800'11c0     0x4  startup_stm32f103xb.o [1]
  .text              ro code   0x800'11c4     0x4  startup_stm32f103xb.o [1]
  .text              ro code   0x800'11c8     0x4  startup_stm32f103xb.o [1]
  .text              ro code   0x800'11cc     0x4  startup_stm32f103xb.o [1]
  .text              ro code   0x800'11d0     0x4  startup_stm32f103xb.o [1]
  .text              ro code   0x800'11d4     0x4  startup_stm32f103xb.o [1]
  .text              ro code   0x800'11d8     0x4  startup_stm32f103xb.o [1]
  .text              ro code   0x800'11dc     0x4  startup_stm32f103xb.o [1]
  .text              ro code   0x800'11e0     0x4  startup_stm32f103xb.o [1]
  .text              ro code   0x800'11e4     0x4  startup_stm32f103xb.o [1]
  .text              ro code   0x800'11e8     0x4  startup_stm32f103xb.o [1]
  .text              ro code   0x800'11ec     0x4  startup_stm32f103xb.o [1]
  .text              ro code   0x800'11f0     0x4  startup_stm32f103xb.o [1]
  .text              ro code   0x800'11f4     0x4  startup_stm32f103xb.o [1]
  .text              ro code   0x800'11f8     0x4  startup_stm32f103xb.o [1]
  .text              ro code   0x800'11fc     0x4  startup_stm32f103xb.o [1]
  .text              ro code   0x800'1200     0x4  startup_stm32f103xb.o [1]
  .text              ro code   0x800'1204     0x4  startup_stm32f103xb.o [1]
  .text              ro code   0x800'1208     0x4  startup_stm32f103xb.o [1]
  .text              ro code   0x800'120c     0x4  startup_stm32f103xb.o [1]
  .text              ro code   0x800'1210     0x4  startup_stm32f103xb.o [1]
  .text              ro code   0x800'1214     0x4  startup_stm32f103xb.o [1]
  .text              ro code   0x800'1218     0x4  startup_stm32f103xb.o [1]
  .text              ro code   0x800'121c     0x4  startup_stm32f103xb.o [1]
  .text              ro code   0x800'1220     0x4  startup_stm32f103xb.o [1]
  .text              ro code   0x800'1224     0x4  startup_stm32f103xb.o [1]
  .text              ro code   0x800'1228     0x4  startup_stm32f103xb.o [1]
  .text              ro code   0x800'122c     0x4  startup_stm32f103xb.o [1]
  .text              ro code   0x800'1230     0x4  startup_stm32f103xb.o [1]
  .text              ro code   0x800'1234     0x4  startup_stm32f103xb.o [1]
  .text              ro code   0x800'1238     0x4  startup_stm32f103xb.o [1]
  .text              ro code   0x800'123c     0x4  startup_stm32f103xb.o [1]
  .text              ro code   0x800'1240     0x4  startup_stm32f103xb.o [1]
  .text              ro code   0x800'1244     0x4  startup_stm32f103xb.o [1]
  .text              ro code   0x800'1248     0x4  startup_stm32f103xb.o [1]
  .text              ro code   0x800'124c     0x4  startup_stm32f103xb.o [1]
  .text              ro code   0x800'1250     0x4  startup_stm32f103xb.o [1]
  .rodata            const     0x800'1254     0x0  zero_init3.o [7]
  .rodata            const     0x800'1254     0x0  copy_init3.o [7]
                             - 0x800'1254  0x1168

"P2", part 1 of 3:                           0x10
  P2-1                        0x2000'0000    0x10  <Init block>
    .data            inited   0x2000'0000     0xc  stm32f1xx_hal.o [4]
    .data            inited   0x2000'000c     0x4  system_stm32f1xx.o [3]
                            - 0x2000'0010    0x10

"P2", part 2 of 3:                           0x4c
  .bss               zero     0x2000'0010    0x4c  main.o [2]
                            - 0x2000'005c    0x4c

"P2", part 3 of 3:                          0x400
  CSTACK                      0x2000'0060   0x400  <Block>
    CSTACK           uninit   0x2000'0060   0x400  <Block tail>
                            - 0x2000'0460   0x400

Unused ranges:

         From           To      Size
         ----           --      ----
   0x800'1254   0x801'ffff  0x1'edac
  0x2000'005c  0x2000'005f       0x4
  0x2000'0460  0x2000'4fff    0x4ba0


*******************************************************************************
*** INIT TABLE
***

          Address      Size
          -------      ----
Zero (__iar_zero_init3)
    1 destination range, total size 0x4c:
          0x2000'0010  0x4c

Copy (__iar_copy_init3)
    1 source range, total size 0x10:
           0x800'1198  0x10
    1 destination range, total size 0x10:
          0x2000'0000  0x10



*******************************************************************************
*** MODULE SUMMARY
***

    Module                  ro code  ro data  rw data
    ------                  -------  -------  -------
command line/config:
    -------------------------------------------------
    Total:

C:\Users\Zagros\Desktop\STM\CODE\DS18B20\EWARM\DS18B20\Obj\Application\EWARM: [1]
    startup_stm32f103xb.o       424
    -------------------------------------------------
    Total:                      424

C:\Users\Zagros\Desktop\STM\CODE\DS18B20\EWARM\DS18B20\Obj\Application\User\Core: [2]
    DS18B20.o                   406
    main.o                      328                76
    stm32f1xx_hal_msp.o         104
    stm32f1xx_it.o               20
    -------------------------------------------------
    Total:                      858                76

C:\Users\Zagros\Desktop\STM\CODE\DS18B20\EWARM\DS18B20\Obj\Drivers\CMSIS: [3]
    system_stm32f1xx.o           20        4        4
    -------------------------------------------------
    Total:                       20        4        4

C:\Users\Zagros\Desktop\STM\CODE\DS18B20\EWARM\DS18B20\Obj\Drivers\STM32F1xx_HAL_Driver: [4]
    stm32f1xx_hal.o             168       12       12
    stm32f1xx_hal_cortex.o      172
    stm32f1xx_hal_gpio.o        456
    stm32f1xx_hal_rcc.o       1'174
    stm32f1xx_hal_tim.o         592
    stm32f1xx_hal_tim_ex.o      100
    -------------------------------------------------
    Total:                    2'662       12       12

dl7M_tlf.a: [5]
    exit.o                        4
    low_level_init.o              4
    -------------------------------------------------
    Total:                        8

m7M_tl.a: [6]
    FltMul.o                    216
    S32ToFlt.o                   36
    -------------------------------------------------
    Total:                      252

rt7M_tl.a: [7]
    ABImemclr4.o                  6
    ABImemset.o                 102
    ABImemset48.o                50
    cexit.o                      10
    cmain.o                      30
    copy_init3.o                 42
    cstartup_M.o                 28
    data_init.o                  40
    memset.o                     20
    zero_init3.o                 56
    -------------------------------------------------
    Total:                      384

shb_l.a: [8]
    exit.o                       20
    -------------------------------------------------
    Total:                       20

    Gaps                         12
    Linker created                        36    1'024
-----------------------------------------------------
    Grand Total:              4'640       52    1'116


*******************************************************************************
*** ENTRY LIST
***

Entry                       Address   Size  Type      Object
-----                       -------   ----  ----      ------
.iar.init_table$$Base    0x800'10c8          --   Gb  - Linker created -
.iar.init_table$$Limit   0x800'10ec          --   Gb  - Linker created -
?main                    0x800'10ed         Code  Gb  cmain.o [7]
AHBPrescTable            0x800'1178   0x10  Data  Gb  system_stm32f1xx.o [3]
BusFault_Handler         0x800'1157    0x2  Code  Gb  stm32f1xx_it.o [2]
CSTACK$$Base            0x2000'0060          --   Gb  - Linker created -
CSTACK$$Limit           0x2000'0460          --   Gb  - Linker created -
DS18B20_GetTemp          0x800'0c71   0x4a  Code  Gb  DS18B20.o [2]
DS18B20_ReadBit          0x800'0be3   0x3e  Code  Gb  DS18B20.o [2]
DS18B20_ReadByte         0x800'0c57   0x1a  Code  Gb  DS18B20.o [2]
DS18B20_Reset            0x800'0b5d   0x42  Code  Gb  DS18B20.o [2]
DS18B20_SetPinInput      0x800'0b37   0x10  Code  Gb  DS18B20.o [2]
DS18B20_SetPinOutput     0x800'0b25   0x12  Code  Gb  DS18B20.o [2]
DS18B20_WriteBit         0x800'0b9f   0x44  Code  Gb  DS18B20.o [2]
DS18B20_WriteByte        0x800'0c41   0x16  Code  Gb  DS18B20.o [2]
DebugMon_Handler         0x800'115d    0x2  Code  Gb  stm32f1xx_it.o [2]
Error_Handler            0x800'0fa1    0x4  Code  Gb  main.o [2]
HAL_Delay                0x800'0cd1   0x28  Code  Gb  stm32f1xx_hal.o [4]
HAL_GPIO_Init            0x800'095d  0x180  Code  Gb  stm32f1xx_hal_gpio.o [4]
HAL_GPIO_ReadPin         0x800'0add    0xc  Code  Gb  stm32f1xx_hal_gpio.o [4]
HAL_GPIO_WritePin        0x800'0ae9    0x8  Code  Gb  stm32f1xx_hal_gpio.o [4]
HAL_GetTick              0x800'05ad    0xc  Code  Gb  stm32f1xx_hal.o [4]
HAL_IncTick              0x800'1165   0x10  Code  Gb  stm32f1xx_hal.o [4]
HAL_Init                 0x800'0fa5   0x20  Code  Gb  stm32f1xx_hal.o [4]
HAL_InitTick             0x800'05b9   0x40  Code  Gb  stm32f1xx_hal.o [4]
HAL_MspInit              0x800'08f5   0x3a  Code  Gb  stm32f1xx_hal_msp.o [2]
HAL_NVIC_SetPriority     0x800'062d   0x3a  Code  Gb  stm32f1xx_hal_cortex.o [4]
HAL_NVIC_SetPriorityGrouping
                         0x800'0613   0x1a  Code  Gb  stm32f1xx_hal_cortex.o [4]
HAL_RCC_ClockConfig      0x800'0401   0xf4  Code  Gb  stm32f1xx_hal_rcc.o [4]
HAL_RCC_GetSysClockFreq
                         0x800'0509   0x3a  Code  Gb  stm32f1xx_hal_rcc.o [4]
HAL_RCC_GetSysClockFreq::aPLLMULFactorTable
                         0x800'0570   0x10  Data  Lc  stm32f1xx_hal_rcc.o [4]
HAL_RCC_GetSysClockFreq::aPredivFactorTable
                         0x800'0580    0x2  Data  Lc  stm32f1xx_hal_rcc.o [4]
HAL_RCC_OscConfig        0x800'00ed  0x30c  Code  Gb  stm32f1xx_hal_rcc.o [4]
HAL_SYSTICK_Config       0x800'0667   0x28  Code  Gb  stm32f1xx_hal_cortex.o [4]
HAL_TIMEx_MasterConfigSynchronization
                         0x800'0fc9   0x56  Code  Gb  stm32f1xx_hal_tim_ex.o [4]
HAL_TIM_Base_Init        0x800'06a5   0x1a  Code  Gb  stm32f1xx_hal_tim.o [4]
HAL_TIM_Base_MspInit     0x800'092f   0x22  Code  Gb  stm32f1xx_hal_msp.o [2]
HAL_TIM_Base_Start       0x800'06bf   0x4a  Code  Gb  stm32f1xx_hal_tim.o [4]
HAL_TIM_ConfigClockSource
                         0x800'0745   0xaa  Code  Gb  stm32f1xx_hal_tim.o [4]
HardFault_Handler        0x800'1153    0x2  Code  Gb  stm32f1xx_it.o [2]
MemManage_Handler        0x800'1155    0x2  Code  Gb  stm32f1xx_it.o [2]
NMI_Handler              0x800'1151    0x2  Code  Gb  stm32f1xx_it.o [2]
PendSV_Handler           0x800'115f    0x2  Code  Gb  stm32f1xx_it.o [2]
Region$$Table$$Base      0x800'10c8          --   Gb  - Linker created -
Region$$Table$$Limit     0x800'10ec          --   Gb  - Linker created -
SVC_Handler              0x800'115b    0x2  Code  Gb  stm32f1xx_it.o [2]
SysTick_Handler          0x800'1161    0x4  Code  Gb  stm32f1xx_it.o [2]
SystemClock_Config       0x800'0f3f   0x62  Code  Gb  main.o [2]
SystemCoreClock         0x2000'000c    0x4  Data  Gb  system_stm32f1xx.o [3]
SystemInit               0x800'1175    0x2  Code  Gb  system_stm32f1xx.o [3]
TIM_Base_SetConfig       0x800'0809   0x6c  Code  Gb  stm32f1xx_hal_tim.o [4]
TIM_ETR_SetConfig        0x800'08db   0x14  Code  Gb  stm32f1xx_hal_tim.o [4]
TIM_ITRx_SetConfig       0x800'08cb   0x10  Code  Lc  stm32f1xx_hal_tim.o [4]
TIM_TI1_ConfigInputStage
                         0x800'0889   0x1e  Code  Lc  stm32f1xx_hal_tim.o [4]
TIM_TI2_ConfigInputStage
                         0x800'08a7   0x24  Code  Lc  stm32f1xx_hal_tim.o [4]
UsageFault_Handler       0x800'1159    0x2  Code  Gb  stm32f1xx_it.o [2]
__NVIC_SetPriority       0x800'05f9   0x1a  Code  Lc  stm32f1xx_hal_cortex.o [4]
__aeabi_fmul             0x800'0d1d         Code  Gb  FltMul.o [6]
__aeabi_i2f              0x800'0cf9         Code  Gb  S32ToFlt.o [6]
__aeabi_memclr4          0x800'102d         Code  Gb  ABImemclr4.o [7]
__aeabi_memset           0x800'0df5         Code  Gb  ABImemset.o [7]
__cmain                  0x800'10ed         Code  Gb  cmain.o [7]
__exit                   0x800'1121   0x14  Code  Gb  exit.o [8]
__iar_Memset             0x800'0df5         Code  Gb  ABImemset.o [7]
__iar_Memset4_word       0x800'1035         Code  Gb  ABImemset48.o [7]
__iar_Memset8_word       0x800'1035         Code  Gb  ABImemset48.o [7]
__iar_Memset_word        0x800'0dfd         Code  Gb  ABImemset.o [7]
__iar_copy_init3         0x800'0583   0x2a  Code  Gb  copy_init3.o [7]
__iar_data_init3         0x800'10a1   0x28  Code  Gb  data_init.o [7]
__iar_program_start      0x800'1135         Code  Gb  cstartup_M.o [7]
__iar_zero_init3         0x800'1067   0x38  Code  Gb  zero_init3.o [7]
__low_level_init         0x800'110b    0x4  Code  Gb  low_level_init.o [5]
__vector_table           0x800'0000         Data  Gb  startup_stm32f103xb.o [1]
_call_main               0x800'10f9         Code  Gb  cmain.o [7]
_exit                    0x800'1115         Code  Gb  cexit.o [7]
exit                     0x800'110f    0x4  Code  Gb  exit.o [5]
htim2                   0x2000'0010   0x48  Data  Gb  main.o [2]
main                     0x800'0e5d   0xc6  Code  Gb  main.o [2]
memset                   0x800'0cbb   0x14  Code  Gb  memset.o [7]
temp                    0x2000'0058    0x4  Data  Gb  main.o [2]
uwTick                  0x2000'0004    0x4  Data  Gb  stm32f1xx_hal.o [4]
uwTickFreq              0x2000'0000    0x1  Data  Gb  stm32f1xx_hal.o [4]
uwTickPrio              0x2000'0008    0x4  Data  Gb  stm32f1xx_hal.o [4]


[1] = C:\Users\Zagros\Desktop\STM\CODE\DS18B20\EWARM\DS18B20\Obj\Application\EWARM
[2] = C:\Users\Zagros\Desktop\STM\CODE\DS18B20\EWARM\DS18B20\Obj\Application\User\Core
[3] = C:\Users\Zagros\Desktop\STM\CODE\DS18B20\EWARM\DS18B20\Obj\Drivers\CMSIS
[4] = C:\Users\Zagros\Desktop\STM\CODE\DS18B20\EWARM\DS18B20\Obj\Drivers\STM32F1xx_HAL_Driver
[5] = dl7M_tlf.a
[6] = m7M_tl.a
[7] = rt7M_tl.a
[8] = shb_l.a

  4'640 bytes of readonly  code memory
     52 bytes of readonly  data memory
  1'116 bytes of readwrite data memory

Errors: none
Warnings: none
