###############################################################################
#
# IAR ELF Linker V9.10.2.313/W64 for ARM                  19/Oct/2025  10:09:13
# Copyright 2007-2021 IAR Systems AB.
#
#    Output file  =
#        C:\Users\Zagros\Desktop\STM\CODE\GY30\EWARM\GY30\Exe\GY30.out
#    Map file     =
#        C:\Users\Zagros\Desktop\STM\CODE\GY30\EWARM\GY30\List\GY30.map
#    Command line =
#        -f C:\Users\Zagros\Desktop\STM\CODE\GY30\EWARM\GY30\Exe\GY30.out.rsp
#        (C:\Users\Zagros\Desktop\STM\CODE\GY30\EWARM\GY30\Obj\Application\User\Core\GY-30.o
#        C:\Users\Zagros\Desktop\STM\CODE\GY30\EWARM\GY30\Obj\Application\User\Core\main.o
#        C:\Users\Zagros\Desktop\STM\CODE\GY30\EWARM\GY30\Obj\Application\EWARM\startup_stm32f103xb.o
#        C:\Users\Zagros\Desktop\STM\CODE\GY30\EWARM\GY30\Obj\Drivers\STM32F1xx_HAL_Driver\stm32f1xx_hal.o
#        C:\Users\Zagros\Desktop\STM\CODE\GY30\EWARM\GY30\Obj\Drivers\STM32F1xx_HAL_Driver\stm32f1xx_hal_cortex.o
#        C:\Users\Zagros\Desktop\STM\CODE\GY30\EWARM\GY30\Obj\Drivers\STM32F1xx_HAL_Driver\stm32f1xx_hal_dma.o
#        C:\Users\Zagros\Desktop\STM\CODE\GY30\EWARM\GY30\Obj\Drivers\STM32F1xx_HAL_Driver\stm32f1xx_hal_exti.o
#        C:\Users\Zagros\Desktop\STM\CODE\GY30\EWARM\GY30\Obj\Drivers\STM32F1xx_HAL_Driver\stm32f1xx_hal_flash.o
#        C:\Users\Zagros\Desktop\STM\CODE\GY30\EWARM\GY30\Obj\Drivers\STM32F1xx_HAL_Driver\stm32f1xx_hal_flash_ex.o
#        C:\Users\Zagros\Desktop\STM\CODE\GY30\EWARM\GY30\Obj\Drivers\STM32F1xx_HAL_Driver\stm32f1xx_hal_gpio.o
#        C:\Users\Zagros\Desktop\STM\CODE\GY30\EWARM\GY30\Obj\Drivers\STM32F1xx_HAL_Driver\stm32f1xx_hal_gpio_ex.o
#        C:\Users\Zagros\Desktop\STM\CODE\GY30\EWARM\GY30\Obj\Drivers\STM32F1xx_HAL_Driver\stm32f1xx_hal_i2c.o
#        C:\Users\Zagros\Desktop\STM\CODE\GY30\EWARM\GY30\Obj\Application\User\Core\stm32f1xx_hal_msp.o
#        C:\Users\Zagros\Desktop\STM\CODE\GY30\EWARM\GY30\Obj\Drivers\STM32F1xx_HAL_Driver\stm32f1xx_hal_pwr.o
#        C:\Users\Zagros\Desktop\STM\CODE\GY30\EWARM\GY30\Obj\Drivers\STM32F1xx_HAL_Driver\stm32f1xx_hal_rcc.o
#        C:\Users\Zagros\Desktop\STM\CODE\GY30\EWARM\GY30\Obj\Drivers\STM32F1xx_HAL_Driver\stm32f1xx_hal_rcc_ex.o
#        C:\Users\Zagros\Desktop\STM\CODE\GY30\EWARM\GY30\Obj\Application\User\Core\stm32f1xx_it.o
#        C:\Users\Zagros\Desktop\STM\CODE\GY30\EWARM\GY30\Obj\Drivers\CMSIS\system_stm32f1xx.o
#        --no_out_extension -o
#        C:\Users\Zagros\Desktop\STM\CODE\GY30\EWARM\GY30\Exe\GY30.out
#        --redirect _Printf=_PrintfFullNoMb --redirect _Scanf=_ScanfFullNoMb
#        --map C:\Users\Zagros\Desktop\STM\CODE\GY30\EWARM\GY30\List\GY30.map
#        --config
#        C:\Users\Zagros\Desktop\STM\CODE\GY30\EWARM/stm32f103xb_flash.icf
#        --semihosting --entry __iar_program_start --vfe --text_out locale)
#
###############################################################################

*******************************************************************************
*** RUNTIME MODEL ATTRIBUTES
***

CppFlavor       = *
__SystemLibrary = DLib
__dlib_version  = 6


*******************************************************************************
*** HEAP SELECTION
***

The basic heap was selected because no calls to memory allocation
functions were found in the application outside of system library
functions, and there are calls to deallocation functions in the
application.


*******************************************************************************
*** PLACEMENT SUMMARY
***

"A0":  place at address 0x800'0000 { ro section .intvec };
"P1":  place in [from 0x800'0000 to 0x801'ffff] { ro };
define block CSTACK with size = 1K, alignment = 8 { };
define block HEAP with size = 512, alignment = 8 { };
"P2":  place in [from 0x2000'0000 to 0x2000'4fff] {
          rw, block CSTACK, block HEAP };
initialize by copy { rw };

  Section            Kind         Address    Size  Object
  -------            ----         -------    ----  ------
"A0":                                        0xec
  .intvec            ro code   0x800'0000    0xec  startup_stm32f103xb.o [1]
                             - 0x800'00ec    0xec

"P1":                                      0x1824
  .text              ro code   0x800'00ec   0x8f6  stm32f1xx_hal_i2c.o [4]
  .text              ro code   0x800'09e2    0x2a  copy_init3.o [7]
  .text              ro code   0x800'0a0c    0xa0  stm32f1xx_hal_msp.o [2]
  .text              ro code   0x800'0aac   0x4ae  stm32f1xx_hal_rcc.o [4]
  .text              ro code   0x800'0f5c     0xc  stm32f1xx_hal.o [4]
  .text              ro code   0x800'0f68    0x14  memset.o [7]
  .text              ro code   0x800'0f7c   0x1b4  stm32f1xx_hal_gpio.o [4]
  .text              ro code   0x800'1130    0x40  stm32f1xx_hal.o [4]
  .text              ro code   0x800'1170    0x66  ABImemset.o [7]
  .text              ro code   0x800'11d8    0xac  stm32f1xx_hal_cortex.o [4]
  .text              ro code   0x800'1284   0x246  DblDiv.o [6]
  .text              ro code   0x800'14cc    0xfe  main.o [2]
  .text              ro code   0x800'15cc    0x24  stm32f1xx_hal.o [4]
  .text              ro code   0x800'15f0    0x80  GY-30.o [2]
  .text              ro code   0x800'1670    0x28  stm32f1xx_hal.o [4]
  .text              ro code   0x800'1698    0x1c  U32ToDbl.o [6]
  .text              ro code   0x800'16b4    0x68  DblToFlt.o [6]
  .text              ro code   0x800'171c    0x38  zero_init3.o [7]
  .text              ro code   0x800'1754    0x28  data_init.o [7]
  .iar.init_table    const     0x800'177c    0x24  - Linker created -
  .text              ro code   0x800'17a0    0x1e  cmain.o [7]
  .text              ro code   0x800'17be     0x4  low_level_init.o [5]
  .text              ro code   0x800'17c2     0x4  exit.o [5]
  .text              ro code   0x800'17c8     0xa  cexit.o [7]
  .text              ro code   0x800'17d4    0x14  exit.o [8]
  .text              ro code   0x800'17e8    0x1c  cstartup_M.o [7]
  .text              ro code   0x800'1804    0x14  stm32f1xx_it.o [2]
  .text              ro code   0x800'1818    0x10  stm32f1xx_hal.o [4]
  .text              ro code   0x800'1828    0x14  system_stm32f1xx.o [3]
  .text              ro code   0x800'183c    0x10  startup_stm32f103xb.o [1]
  Initializer bytes  const     0x800'184c    0x10  <for P2-1>
  .rodata            const     0x800'185c     0x8  system_stm32f1xx.o [3]
  .text              ro code   0x800'1864     0x4  startup_stm32f103xb.o [1]
  .text              ro code   0x800'1868     0x4  startup_stm32f103xb.o [1]
  .text              ro code   0x800'186c     0x4  startup_stm32f103xb.o [1]
  .text              ro code   0x800'1870     0x4  startup_stm32f103xb.o [1]
  .text              ro code   0x800'1874     0x4  startup_stm32f103xb.o [1]
  .text              ro code   0x800'1878     0x4  startup_stm32f103xb.o [1]
  .text              ro code   0x800'187c     0x4  startup_stm32f103xb.o [1]
  .text              ro code   0x800'1880     0x4  startup_stm32f103xb.o [1]
  .text              ro code   0x800'1884     0x4  startup_stm32f103xb.o [1]
  .text              ro code   0x800'1888     0x4  startup_stm32f103xb.o [1]
  .text              ro code   0x800'188c     0x4  startup_stm32f103xb.o [1]
  .text              ro code   0x800'1890     0x4  startup_stm32f103xb.o [1]
  .text              ro code   0x800'1894     0x4  startup_stm32f103xb.o [1]
  .text              ro code   0x800'1898     0x4  startup_stm32f103xb.o [1]
  .text              ro code   0x800'189c     0x4  startup_stm32f103xb.o [1]
  .text              ro code   0x800'18a0     0x4  startup_stm32f103xb.o [1]
  .text              ro code   0x800'18a4     0x4  startup_stm32f103xb.o [1]
  .text              ro code   0x800'18a8     0x4  startup_stm32f103xb.o [1]
  .text              ro code   0x800'18ac     0x4  startup_stm32f103xb.o [1]
  .text              ro code   0x800'18b0     0x4  startup_stm32f103xb.o [1]
  .text              ro code   0x800'18b4     0x4  startup_stm32f103xb.o [1]
  .text              ro code   0x800'18b8     0x4  startup_stm32f103xb.o [1]
  .text              ro code   0x800'18bc     0x4  startup_stm32f103xb.o [1]
  .text              ro code   0x800'18c0     0x4  startup_stm32f103xb.o [1]
  .text              ro code   0x800'18c4     0x4  startup_stm32f103xb.o [1]
  .text              ro code   0x800'18c8     0x4  startup_stm32f103xb.o [1]
  .text              ro code   0x800'18cc     0x4  startup_stm32f103xb.o [1]
  .text              ro code   0x800'18d0     0x4  startup_stm32f103xb.o [1]
  .text              ro code   0x800'18d4     0x4  startup_stm32f103xb.o [1]
  .text              ro code   0x800'18d8     0x4  startup_stm32f103xb.o [1]
  .text              ro code   0x800'18dc     0x4  startup_stm32f103xb.o [1]
  .text              ro code   0x800'18e0     0x4  startup_stm32f103xb.o [1]
  .text              ro code   0x800'18e4     0x4  startup_stm32f103xb.o [1]
  .text              ro code   0x800'18e8     0x4  startup_stm32f103xb.o [1]
  .text              ro code   0x800'18ec     0x4  startup_stm32f103xb.o [1]
  .text              ro code   0x800'18f0     0x4  startup_stm32f103xb.o [1]
  .text              ro code   0x800'18f4     0x4  startup_stm32f103xb.o [1]
  .text              ro code   0x800'18f8     0x4  startup_stm32f103xb.o [1]
  .text              ro code   0x800'18fc     0x4  startup_stm32f103xb.o [1]
  .text              ro code   0x800'1900     0x4  startup_stm32f103xb.o [1]
  .text              ro code   0x800'1904     0x4  startup_stm32f103xb.o [1]
  .text              ro code   0x800'1908     0x4  startup_stm32f103xb.o [1]
  .text              ro code   0x800'190c     0x4  startup_stm32f103xb.o [1]
  .rodata            const     0x800'1910     0x0  zero_init3.o [7]
  .rodata            const     0x800'1910     0x0  copy_init3.o [7]
                             - 0x800'1910  0x1824

"P2", part 1 of 3:                           0x10
  P2-1                        0x2000'0000    0x10  <Init block>
    .data            inited   0x2000'0000     0xc  stm32f1xx_hal.o [4]
    .data            inited   0x2000'000c     0x4  system_stm32f1xx.o [3]
                            - 0x2000'0010    0x10

"P2", part 2 of 3:                           0x58
  .bss               zero     0x2000'0010    0x58  main.o [2]
                            - 0x2000'0068    0x58

"P2", part 3 of 3:                          0x400
  CSTACK                      0x2000'0068   0x400  <Block>
    CSTACK           uninit   0x2000'0068   0x400  <Block tail>
                            - 0x2000'0468   0x400

Unused ranges:

         From           To      Size
         ----           --      ----
   0x800'1910   0x801'ffff  0x1'e6f0
  0x2000'0468  0x2000'4fff    0x4b98


*******************************************************************************
*** INIT TABLE
***

          Address      Size
          -------      ----
Zero (__iar_zero_init3)
    1 destination range, total size 0x58:
          0x2000'0010  0x58

Copy (__iar_copy_init3)
    1 source range, total size 0x10:
           0x800'184c  0x10
    1 destination range, total size 0x10:
          0x2000'0000  0x10



*******************************************************************************
*** MODULE SUMMARY
***

    Module                  ro code  ro data  rw data
    ------                  -------  -------  -------
command line/config:
    -------------------------------------------------
    Total:

C:\Users\Zagros\Desktop\STM\CODE\GY30\EWARM\GY30\Obj\Application\EWARM: [1]
    startup_stm32f103xb.o       424
    -------------------------------------------------
    Total:                      424

C:\Users\Zagros\Desktop\STM\CODE\GY30\EWARM\GY30\Obj\Application\User\Core: [2]
    GY-30.o                     128
    main.o                      254                88
    stm32f1xx_hal_msp.o         160
    stm32f1xx_it.o               20
    -------------------------------------------------
    Total:                      562                88

C:\Users\Zagros\Desktop\STM\CODE\GY30\EWARM\GY30\Obj\Drivers\CMSIS: [3]
    system_stm32f1xx.o           20       12        4
    -------------------------------------------------
    Total:                       20       12        4

C:\Users\Zagros\Desktop\STM\CODE\GY30\EWARM\GY30\Obj\Drivers\STM32F1xx_HAL_Driver: [4]
    stm32f1xx_hal.o             168       12       12
    stm32f1xx_hal_cortex.o      172
    stm32f1xx_hal_gpio.o        436
    stm32f1xx_hal_i2c.o       2'294
    stm32f1xx_hal_rcc.o       1'198
    -------------------------------------------------
    Total:                    4'268       12       12

dl7M_tln.a: [5]
    exit.o                        4
    low_level_init.o              4
    -------------------------------------------------
    Total:                        8

m7M_tl.a: [6]
    DblDiv.o                    582
    DblToFlt.o                  104
    U32ToDbl.o                   28
    -------------------------------------------------
    Total:                      714

rt7M_tl.a: [7]
    ABImemset.o                 102
    cexit.o                      10
    cmain.o                      30
    copy_init3.o                 42
    cstartup_M.o                 28
    data_init.o                  40
    memset.o                     20
    zero_init3.o                 56
    -------------------------------------------------
    Total:                      328

shb_l.a: [8]
    exit.o                       20
    -------------------------------------------------
    Total:                       20

    Gaps                         12
    Linker created                        36    1'024
-----------------------------------------------------
    Grand Total:              6'356       60    1'128


*******************************************************************************
*** ENTRY LIST
***

Entry                       Address   Size  Type      Object
-----                       -------   ----  ----      ------
.iar.init_table$$Base    0x800'177c          --   Gb  - Linker created -
.iar.init_table$$Limit   0x800'17a0          --   Gb  - Linker created -
?main                    0x800'17a1         Code  Gb  cmain.o [7]
AHBPrescTable            0x800'182c   0x10  Data  Gb  system_stm32f1xx.o [3]
APBPrescTable            0x800'185c    0x8  Data  Gb  system_stm32f1xx.o [3]
BusFault_Handler         0x800'180b    0x2  Code  Gb  stm32f1xx_it.o [2]
CSTACK$$Base            0x2000'0068          --   Gb  - Linker created -
CSTACK$$Limit           0x2000'0468          --   Gb  - Linker created -
DebugMon_Handler         0x800'1811    0x2  Code  Gb  stm32f1xx_it.o [2]
Error_Handler            0x800'15c7    0x4  Code  Gb  main.o [2]
GY30_Init                0x800'15f1   0x28  Code  Gb  GY-30.o [2]
GY30_ReadLight           0x800'1627   0x42  Code  Gb  GY-30.o [2]
HAL_Delay                0x800'1671   0x28  Code  Gb  stm32f1xx_hal.o [4]
HAL_GPIO_Init            0x800'0f7d  0x180  Code  Gb  stm32f1xx_hal_gpio.o [4]
HAL_GetTick              0x800'0f5d    0xc  Code  Gb  stm32f1xx_hal.o [4]
HAL_I2C_Init             0x800'00ed  0x12c  Code  Gb  stm32f1xx_hal_i2c.o [4]
HAL_I2C_Master_Receive   0x800'033f  0x20e  Code  Gb  stm32f1xx_hal_i2c.o [4]
HAL_I2C_Master_Transmit
                         0x800'0225  0x11a  Code  Gb  stm32f1xx_hal_i2c.o [4]
HAL_I2C_MspInit          0x800'0a47   0x56  Code  Gb  stm32f1xx_hal_msp.o [2]
HAL_IncTick              0x800'1819   0x10  Code  Gb  stm32f1xx_hal.o [4]
HAL_Init                 0x800'15cd   0x20  Code  Gb  stm32f1xx_hal.o [4]
HAL_InitTick             0x800'1131   0x40  Code  Gb  stm32f1xx_hal.o [4]
HAL_MspInit              0x800'0a0d   0x3a  Code  Gb  stm32f1xx_hal_msp.o [2]
HAL_NVIC_SetPriority     0x800'120d   0x3a  Code  Gb  stm32f1xx_hal_cortex.o [4]
HAL_NVIC_SetPriorityGrouping
                         0x800'11f3   0x1a  Code  Gb  stm32f1xx_hal_cortex.o [4]
HAL_RCC_ClockConfig      0x800'0dc1   0xf4  Code  Gb  stm32f1xx_hal_rcc.o [4]
HAL_RCC_GetPCLK1Freq     0x800'0f03   0x10  Code  Gb  stm32f1xx_hal_rcc.o [4]
HAL_RCC_GetSysClockFreq
                         0x800'0ec9   0x3a  Code  Gb  stm32f1xx_hal_rcc.o [4]
HAL_RCC_GetSysClockFreq::aPLLMULFactorTable
                         0x800'0f48   0x10  Data  Lc  stm32f1xx_hal_rcc.o [4]
HAL_RCC_GetSysClockFreq::aPredivFactorTable
                         0x800'0f58    0x2  Data  Lc  stm32f1xx_hal_rcc.o [4]
HAL_RCC_OscConfig        0x800'0aad  0x30c  Code  Gb  stm32f1xx_hal_rcc.o [4]
HAL_SYSTICK_Config       0x800'1247   0x28  Code  Gb  stm32f1xx_hal_cortex.o [4]
HardFault_Handler        0x800'1807    0x2  Code  Gb  stm32f1xx_it.o [2]
I2C_IsAcknowledgeFailed
                         0x800'09b1   0x32  Code  Lc  stm32f1xx_hal_i2c.o [4]
I2C_WaitOnBTFFlagUntilTimeout
                         0x800'08fd   0x44  Code  Lc  stm32f1xx_hal_i2c.o [4]
I2C_WaitOnFlagUntilTimeout
                         0x800'0783   0x68  Code  Lc  stm32f1xx_hal_i2c.o [4]
I2C_WaitOnMasterAddressFlagUntilTimeout
                         0x800'07eb   0x9a  Code  Lc  stm32f1xx_hal_i2c.o [4]
I2C_WaitOnRXNEFlagUntilTimeout
                         0x800'095b   0x56  Code  Lc  stm32f1xx_hal_i2c.o [4]
I2C_WaitOnTXEFlagUntilTimeout
                         0x800'08b9   0x44  Code  Lc  stm32f1xx_hal_i2c.o [4]
MemManage_Handler        0x800'1809    0x2  Code  Gb  stm32f1xx_it.o [2]
NMI_Handler              0x800'1805    0x2  Code  Gb  stm32f1xx_it.o [2]
PendSV_Handler           0x800'1813    0x2  Code  Gb  stm32f1xx_it.o [2]
Region$$Table$$Base      0x800'177c          --   Gb  - Linker created -
Region$$Table$$Limit     0x800'17a0          --   Gb  - Linker created -
SVC_Handler              0x800'180f    0x2  Code  Gb  stm32f1xx_it.o [2]
SysTick_Handler          0x800'1815    0x4  Code  Gb  stm32f1xx_it.o [2]
SystemClock_Config       0x800'1561   0x66  Code  Gb  main.o [2]
SystemCoreClock         0x2000'000c    0x4  Data  Gb  system_stm32f1xx.o [3]
SystemInit               0x800'1829    0x2  Code  Gb  system_stm32f1xx.o [3]
UsageFault_Handler       0x800'180d    0x2  Code  Gb  stm32f1xx_it.o [2]
__NVIC_SetPriority       0x800'11d9   0x1a  Code  Lc  stm32f1xx_hal_cortex.o [4]
__aeabi_d2f              0x800'16b5         Code  Gb  DblToFlt.o [6]
__aeabi_ddiv             0x800'1285         Code  Gb  DblDiv.o [6]
__aeabi_memset           0x800'1171         Code  Gb  ABImemset.o [7]
__aeabi_ui2d             0x800'1699         Code  Gb  U32ToDbl.o [6]
__cmain                  0x800'17a1         Code  Gb  cmain.o [7]
__exit                   0x800'17d5   0x14  Code  Gb  exit.o [8]
__iar_Memset             0x800'1171         Code  Gb  ABImemset.o [7]
__iar_Memset_word        0x800'1179         Code  Gb  ABImemset.o [7]
__iar_copy_init3         0x800'09e3   0x2a  Code  Gb  copy_init3.o [7]
__iar_data_init3         0x800'1755   0x28  Code  Gb  data_init.o [7]
__iar_program_start      0x800'17e9         Code  Gb  cstartup_M.o [7]
__iar_zero_init3         0x800'171d   0x38  Code  Gb  zero_init3.o [7]
__low_level_init         0x800'17bf    0x4  Code  Gb  low_level_init.o [5]
__vector_table           0x800'0000         Data  Gb  startup_stm32f103xb.o [1]
_call_main               0x800'17ad         Code  Gb  cmain.o [7]
_exit                    0x800'17c9         Code  Gb  cexit.o [7]
exit                     0x800'17c3    0x4  Code  Gb  exit.o [5]
hi2c1                   0x2000'0010   0x54  Data  Gb  main.o [2]
light                   0x2000'0064    0x4  Data  Gb  main.o [2]
main                     0x800'14cd   0x84  Code  Gb  main.o [2]
memset                   0x800'0f69   0x14  Code  Gb  memset.o [7]
uwTick                  0x2000'0004    0x4  Data  Gb  stm32f1xx_hal.o [4]
uwTickFreq              0x2000'0000    0x1  Data  Gb  stm32f1xx_hal.o [4]
uwTickPrio              0x2000'0008    0x4  Data  Gb  stm32f1xx_hal.o [4]


[1] = C:\Users\Zagros\Desktop\STM\CODE\GY30\EWARM\GY30\Obj\Application\EWARM
[2] = C:\Users\Zagros\Desktop\STM\CODE\GY30\EWARM\GY30\Obj\Application\User\Core
[3] = C:\Users\Zagros\Desktop\STM\CODE\GY30\EWARM\GY30\Obj\Drivers\CMSIS
[4] = C:\Users\Zagros\Desktop\STM\CODE\GY30\EWARM\GY30\Obj\Drivers\STM32F1xx_HAL_Driver
[5] = dl7M_tln.a
[6] = m7M_tl.a
[7] = rt7M_tl.a
[8] = shb_l.a

  6'356 bytes of readonly  code memory
     60 bytes of readonly  data memory
  1'128 bytes of readwrite data memory

Errors: none
Warnings: none
