###############################################################################
#
# IAR ELF Linker V9.10.2.313/W64 for ARM                  10/Aug/2025  10:35:11
# Copyright 2007-2021 IAR Systems AB.
#
#    Output file  =
#        C:\Users\Zagros\Desktop\STM\CODE\test\EWARM\test\Exe\test.out
#    Map file     =
#        C:\Users\Zagros\Desktop\STM\CODE\test\EWARM\test\List\test.map
#    Command line =
#        -f C:\Users\Zagros\Desktop\STM\CODE\test\EWARM\test\List\test.map.rsp
#        (C:\Users\Zagros\Desktop\STM\CODE\test\EWARM\test\Obj\Application\User\Core\main.o
#        C:\Users\Zagros\Desktop\STM\CODE\test\EWARM\test\Obj\Application\EWARM\startup_stm32f103xb.o
#        C:\Users\Zagros\Desktop\STM\CODE\test\EWARM\test\Obj\Drivers\STM32F1xx_HAL_Driver\stm32f1xx_hal.o
#        C:\Users\Zagros\Desktop\STM\CODE\test\EWARM\test\Obj\Drivers\STM32F1xx_HAL_Driver\stm32f1xx_hal_cortex.o
#        C:\Users\Zagros\Desktop\STM\CODE\test\EWARM\test\Obj\Drivers\STM32F1xx_HAL_Driver\stm32f1xx_hal_dma.o
#        C:\Users\Zagros\Desktop\STM\CODE\test\EWARM\test\Obj\Drivers\STM32F1xx_HAL_Driver\stm32f1xx_hal_exti.o
#        C:\Users\Zagros\Desktop\STM\CODE\test\EWARM\test\Obj\Drivers\STM32F1xx_HAL_Driver\stm32f1xx_hal_flash.o
#        C:\Users\Zagros\Desktop\STM\CODE\test\EWARM\test\Obj\Drivers\STM32F1xx_HAL_Driver\stm32f1xx_hal_flash_ex.o
#        C:\Users\Zagros\Desktop\STM\CODE\test\EWARM\test\Obj\Drivers\STM32F1xx_HAL_Driver\stm32f1xx_hal_gpio.o
#        C:\Users\Zagros\Desktop\STM\CODE\test\EWARM\test\Obj\Drivers\STM32F1xx_HAL_Driver\stm32f1xx_hal_gpio_ex.o
#        C:\Users\Zagros\Desktop\STM\CODE\test\EWARM\test\Obj\Application\User\Core\stm32f1xx_hal_msp.o
#        C:\Users\Zagros\Desktop\STM\CODE\test\EWARM\test\Obj\Drivers\STM32F1xx_HAL_Driver\stm32f1xx_hal_pwr.o
#        C:\Users\Zagros\Desktop\STM\CODE\test\EWARM\test\Obj\Drivers\STM32F1xx_HAL_Driver\stm32f1xx_hal_rcc.o
#        C:\Users\Zagros\Desktop\STM\CODE\test\EWARM\test\Obj\Drivers\STM32F1xx_HAL_Driver\stm32f1xx_hal_rcc_ex.o
#        C:\Users\Zagros\Desktop\STM\CODE\test\EWARM\test\Obj\Application\User\Core\stm32f1xx_it.o
#        C:\Users\Zagros\Desktop\STM\CODE\test\EWARM\test\Obj\Drivers\CMSIS\system_stm32f1xx.o
#        --no_out_extension -o
#        C:\Users\Zagros\Desktop\STM\CODE\test\EWARM\test\Exe\test.out
#        --redirect _Printf=_PrintfFullNoMb --redirect _Scanf=_ScanfFullNoMb
#        --map C:\Users\Zagros\Desktop\STM\CODE\test\EWARM\test\List\test.map
#        --config
#        C:\Users\Zagros\Desktop\STM\CODE\test\EWARM/stm32f103xb_flash.icf
#        --semihosting --entry __iar_program_start --vfe --text_out locale)
#
###############################################################################

*******************************************************************************
*** RUNTIME MODEL ATTRIBUTES
***

CppFlavor       = *
__SystemLibrary = DLib
__dlib_version  = 6


*******************************************************************************
*** HEAP SELECTION
***

The basic heap was selected because no calls to memory allocation
functions were found in the application outside of system library
functions, and there are calls to deallocation functions in the
application.


*******************************************************************************
*** PLACEMENT SUMMARY
***

"A0":  place at address 0x800'0000 { ro section .intvec };
"P1":  place in [from 0x800'0000 to 0x801'ffff] { ro };
define block CSTACK with size = 1K, alignment = 8 { };
define block HEAP with size = 512, alignment = 8 { };
"P2":  place in [from 0x2000'0000 to 0x2000'4fff] {
          rw, block CSTACK, block HEAP };
initialize by copy { rw };

  Section            Kind         Address   Size  Object
  -------            ----         -------   ----  ------
"A0":                                       0xec
  .intvec            ro code   0x800'0000   0xec  startup_stm32f103xb.o [1]
                             - 0x800'00ec   0xec

"P1":                                      0x89c
  .text              ro code   0x800'00ec  0x496  stm32f1xx_hal_rcc.o [4]
  .text              ro code   0x800'0582   0x2a  copy_init3.o [6]
  .text              ro code   0x800'05ac    0xc  stm32f1xx_hal.o [4]
  .text              ro code   0x800'05b8   0x40  stm32f1xx_hal.o [4]
  .text              ro code   0x800'05f8   0xac  stm32f1xx_hal_cortex.o [4]
  .text              ro code   0x800'06a4   0x66  ABImemset.o [6]
  .text              ro code   0x800'070a   0x5e  main.o [2]
  .text              ro code   0x800'0768   0x24  stm32f1xx_hal.o [4]
  .text              ro code   0x800'078c   0x14  memset.o [6]
  .text              ro code   0x800'07a0   0x44  stm32f1xx_hal_msp.o [2]
  .text              ro code   0x800'07e4   0x28  data_init.o [6]
  .iar.init_table    const     0x800'080c   0x14  - Linker created -
  .text              ro code   0x800'0820   0x1e  cmain.o [6]
  .text              ro code   0x800'083e    0x4  low_level_init.o [5]
  .text              ro code   0x800'0842    0x4  exit.o [5]
  .text              ro code   0x800'0848    0xa  cexit.o [6]
  .text              ro code   0x800'0854   0x14  exit.o [7]
  .text              ro code   0x800'0868   0x1c  cstartup_M.o [6]
  .text              ro code   0x800'0884   0x14  stm32f1xx_it.o [2]
  .text              ro code   0x800'0898   0x10  stm32f1xx_hal.o [4]
  .text              ro code   0x800'08a8   0x14  system_stm32f1xx.o [3]
  .text              ro code   0x800'08bc   0x10  startup_stm32f103xb.o [1]
  Initializer bytes  const     0x800'08cc   0x10  <for P2-1>
  .text              ro code   0x800'08dc    0x4  startup_stm32f103xb.o [1]
  .text              ro code   0x800'08e0    0x4  startup_stm32f103xb.o [1]
  .text              ro code   0x800'08e4    0x4  startup_stm32f103xb.o [1]
  .text              ro code   0x800'08e8    0x4  startup_stm32f103xb.o [1]
  .text              ro code   0x800'08ec    0x4  startup_stm32f103xb.o [1]
  .text              ro code   0x800'08f0    0x4  startup_stm32f103xb.o [1]
  .text              ro code   0x800'08f4    0x4  startup_stm32f103xb.o [1]
  .text              ro code   0x800'08f8    0x4  startup_stm32f103xb.o [1]
  .text              ro code   0x800'08fc    0x4  startup_stm32f103xb.o [1]
  .text              ro code   0x800'0900    0x4  startup_stm32f103xb.o [1]
  .text              ro code   0x800'0904    0x4  startup_stm32f103xb.o [1]
  .text              ro code   0x800'0908    0x4  startup_stm32f103xb.o [1]
  .text              ro code   0x800'090c    0x4  startup_stm32f103xb.o [1]
  .text              ro code   0x800'0910    0x4  startup_stm32f103xb.o [1]
  .text              ro code   0x800'0914    0x4  startup_stm32f103xb.o [1]
  .text              ro code   0x800'0918    0x4  startup_stm32f103xb.o [1]
  .text              ro code   0x800'091c    0x4  startup_stm32f103xb.o [1]
  .text              ro code   0x800'0920    0x4  startup_stm32f103xb.o [1]
  .text              ro code   0x800'0924    0x4  startup_stm32f103xb.o [1]
  .text              ro code   0x800'0928    0x4  startup_stm32f103xb.o [1]
  .text              ro code   0x800'092c    0x4  startup_stm32f103xb.o [1]
  .text              ro code   0x800'0930    0x4  startup_stm32f103xb.o [1]
  .text              ro code   0x800'0934    0x4  startup_stm32f103xb.o [1]
  .text              ro code   0x800'0938    0x4  startup_stm32f103xb.o [1]
  .text              ro code   0x800'093c    0x4  startup_stm32f103xb.o [1]
  .text              ro code   0x800'0940    0x4  startup_stm32f103xb.o [1]
  .text              ro code   0x800'0944    0x4  startup_stm32f103xb.o [1]
  .text              ro code   0x800'0948    0x4  startup_stm32f103xb.o [1]
  .text              ro code   0x800'094c    0x4  startup_stm32f103xb.o [1]
  .text              ro code   0x800'0950    0x4  startup_stm32f103xb.o [1]
  .text              ro code   0x800'0954    0x4  startup_stm32f103xb.o [1]
  .text              ro code   0x800'0958    0x4  startup_stm32f103xb.o [1]
  .text              ro code   0x800'095c    0x4  startup_stm32f103xb.o [1]
  .text              ro code   0x800'0960    0x4  startup_stm32f103xb.o [1]
  .text              ro code   0x800'0964    0x4  startup_stm32f103xb.o [1]
  .text              ro code   0x800'0968    0x4  startup_stm32f103xb.o [1]
  .text              ro code   0x800'096c    0x4  startup_stm32f103xb.o [1]
  .text              ro code   0x800'0970    0x4  startup_stm32f103xb.o [1]
  .text              ro code   0x800'0974    0x4  startup_stm32f103xb.o [1]
  .text              ro code   0x800'0978    0x4  startup_stm32f103xb.o [1]
  .text              ro code   0x800'097c    0x4  startup_stm32f103xb.o [1]
  .text              ro code   0x800'0980    0x4  startup_stm32f103xb.o [1]
  .text              ro code   0x800'0984    0x4  startup_stm32f103xb.o [1]
  .rodata            const     0x800'0988    0x0  copy_init3.o [6]
                             - 0x800'0988  0x89c

"P2", part 1 of 2:                          0x10
  P2-1                        0x2000'0000   0x10  <Init block>
    .data            inited   0x2000'0000    0xc  stm32f1xx_hal.o [4]
    .data            inited   0x2000'000c    0x4  system_stm32f1xx.o [3]
                            - 0x2000'0010   0x10

"P2", part 2 of 2:                         0x400
  CSTACK                      0x2000'0010  0x400  <Block>
    CSTACK           uninit   0x2000'0010  0x400  <Block tail>
                            - 0x2000'0410  0x400

Unused ranges:

         From           To      Size
         ----           --      ----
   0x800'0988   0x801'ffff  0x1'f678
  0x2000'0410  0x2000'4fff    0x4bf0


*******************************************************************************
*** INIT TABLE
***

          Address      Size
          -------      ----
Copy (__iar_copy_init3)
    1 source range, total size 0x10:
           0x800'08cc  0x10
    1 destination range, total size 0x10:
          0x2000'0000  0x10



*******************************************************************************
*** MODULE SUMMARY
***

    Module                  ro code  ro data  rw data
    ------                  -------  -------  -------
command line/config:
    -------------------------------------------------
    Total:

C:\Users\Zagros\Desktop\STM\CODE\test\EWARM\test\Obj\Application\EWARM: [1]
    startup_stm32f103xb.o       424
    -------------------------------------------------
    Total:                      424

C:\Users\Zagros\Desktop\STM\CODE\test\EWARM\test\Obj\Application\User\Core: [2]
    main.o                       94
    stm32f1xx_hal_msp.o          68
    stm32f1xx_it.o               20
    -------------------------------------------------
    Total:                      182

C:\Users\Zagros\Desktop\STM\CODE\test\EWARM\test\Obj\Drivers\CMSIS: [3]
    system_stm32f1xx.o           20        4        4
    -------------------------------------------------
    Total:                       20        4        4

C:\Users\Zagros\Desktop\STM\CODE\test\EWARM\test\Obj\Drivers\STM32F1xx_HAL_Driver: [4]
    stm32f1xx_hal.o             128       12       12
    stm32f1xx_hal_cortex.o      172
    stm32f1xx_hal_rcc.o       1'174
    -------------------------------------------------
    Total:                    1'474       12       12

dl7M_tln.a: [5]
    exit.o                        4
    low_level_init.o              4
    -------------------------------------------------
    Total:                        8

rt7M_tl.a: [6]
    ABImemset.o                 102
    cexit.o                      10
    cmain.o                      30
    copy_init3.o                 42
    cstartup_M.o                 28
    data_init.o                  40
    memset.o                     20
    -------------------------------------------------
    Total:                      272

shb_l.a: [7]
    exit.o                       20
    -------------------------------------------------
    Total:                       20

    Gaps                          4
    Linker created                        20    1'024
-----------------------------------------------------
    Grand Total:              2'404       36    1'040


*******************************************************************************
*** ENTRY LIST
***

Entry                       Address   Size  Type      Object
-----                       -------   ----  ----      ------
.iar.init_table$$Base    0x800'080c          --   Gb  - Linker created -
.iar.init_table$$Limit   0x800'0820          --   Gb  - Linker created -
?main                    0x800'0821         Code  Gb  cmain.o [6]
AHBPrescTable            0x800'08ac   0x10  Data  Gb  system_stm32f1xx.o [3]
BusFault_Handler         0x800'088b    0x2  Code  Gb  stm32f1xx_it.o [2]
CSTACK$$Base            0x2000'0010          --   Gb  - Linker created -
CSTACK$$Limit           0x2000'0410          --   Gb  - Linker created -
DebugMon_Handler         0x800'0891    0x2  Code  Gb  stm32f1xx_it.o [2]
HAL_GetTick              0x800'05ad    0xc  Code  Gb  stm32f1xx_hal.o [4]
HAL_IncTick              0x800'0899   0x10  Code  Gb  stm32f1xx_hal.o [4]
HAL_Init                 0x800'0769   0x20  Code  Gb  stm32f1xx_hal.o [4]
HAL_InitTick             0x800'05b9   0x40  Code  Gb  stm32f1xx_hal.o [4]
HAL_MspInit              0x800'07a1   0x44  Code  Gb  stm32f1xx_hal_msp.o [2]
HAL_NVIC_SetPriority     0x800'062d   0x3a  Code  Gb  stm32f1xx_hal_cortex.o [4]
HAL_NVIC_SetPriorityGrouping
                         0x800'0613   0x1a  Code  Gb  stm32f1xx_hal_cortex.o [4]
HAL_RCC_ClockConfig      0x800'0401   0xf4  Code  Gb  stm32f1xx_hal_rcc.o [4]
HAL_RCC_GetSysClockFreq
                         0x800'0509   0x3a  Code  Gb  stm32f1xx_hal_rcc.o [4]
HAL_RCC_GetSysClockFreq::aPLLMULFactorTable
                         0x800'0570   0x10  Data  Lc  stm32f1xx_hal_rcc.o [4]
HAL_RCC_GetSysClockFreq::aPredivFactorTable
                         0x800'0580    0x2  Data  Lc  stm32f1xx_hal_rcc.o [4]
HAL_RCC_OscConfig        0x800'00ed  0x30c  Code  Gb  stm32f1xx_hal_rcc.o [4]
HAL_SYSTICK_Config       0x800'0667   0x28  Code  Gb  stm32f1xx_hal_cortex.o [4]
HardFault_Handler        0x800'0887    0x2  Code  Gb  stm32f1xx_it.o [2]
MemManage_Handler        0x800'0889    0x2  Code  Gb  stm32f1xx_it.o [2]
NMI_Handler              0x800'0885    0x2  Code  Gb  stm32f1xx_it.o [2]
PendSV_Handler           0x800'0893    0x2  Code  Gb  stm32f1xx_it.o [2]
Region$$Table$$Base      0x800'080c          --   Gb  - Linker created -
Region$$Table$$Limit     0x800'0820          --   Gb  - Linker created -
SVC_Handler              0x800'088f    0x2  Code  Gb  stm32f1xx_it.o [2]
SysTick_Handler          0x800'0895    0x4  Code  Gb  stm32f1xx_it.o [2]
SystemClock_Config       0x800'0717   0x52  Code  Gb  main.o [2]
SystemCoreClock         0x2000'000c    0x4  Data  Gb  system_stm32f1xx.o [3]
SystemInit               0x800'08a9    0x2  Code  Gb  system_stm32f1xx.o [3]
UsageFault_Handler       0x800'088d    0x2  Code  Gb  stm32f1xx_it.o [2]
__NVIC_SetPriority       0x800'05f9   0x1a  Code  Lc  stm32f1xx_hal_cortex.o [4]
__aeabi_memset           0x800'06a5         Code  Gb  ABImemset.o [6]
__cmain                  0x800'0821         Code  Gb  cmain.o [6]
__exit                   0x800'0855   0x14  Code  Gb  exit.o [7]
__iar_Memset             0x800'06a5         Code  Gb  ABImemset.o [6]
__iar_Memset_word        0x800'06ad         Code  Gb  ABImemset.o [6]
__iar_copy_init3         0x800'0583   0x2a  Code  Gb  copy_init3.o [6]
__iar_data_init3         0x800'07e5   0x28  Code  Gb  data_init.o [6]
__iar_program_start      0x800'0869         Code  Gb  cstartup_M.o [6]
__low_level_init         0x800'083f    0x4  Code  Gb  low_level_init.o [5]
__vector_table           0x800'0000         Data  Gb  startup_stm32f103xb.o [1]
_call_main               0x800'082d         Code  Gb  cmain.o [6]
_exit                    0x800'0849         Code  Gb  cexit.o [6]
exit                     0x800'0843    0x4  Code  Gb  exit.o [5]
main                     0x800'070b    0xc  Code  Gb  main.o [2]
memset                   0x800'078d   0x14  Code  Gb  memset.o [6]
uwTick                  0x2000'0004    0x4  Data  Gb  stm32f1xx_hal.o [4]
uwTickFreq              0x2000'0000    0x1  Data  Gb  stm32f1xx_hal.o [4]
uwTickPrio              0x2000'0008    0x4  Data  Gb  stm32f1xx_hal.o [4]


[1] = C:\Users\Zagros\Desktop\STM\CODE\test\EWARM\test\Obj\Application\EWARM
[2] = C:\Users\Zagros\Desktop\STM\CODE\test\EWARM\test\Obj\Application\User\Core
[3] = C:\Users\Zagros\Desktop\STM\CODE\test\EWARM\test\Obj\Drivers\CMSIS
[4] = C:\Users\Zagros\Desktop\STM\CODE\test\EWARM\test\Obj\Drivers\STM32F1xx_HAL_Driver
[5] = dl7M_tln.a
[6] = rt7M_tl.a
[7] = shb_l.a

  2'404 bytes of readonly  code memory
     36 bytes of readonly  data memory
  1'040 bytes of readwrite data memory

Errors: none
Warnings: none
