###############################################################################
#
# IAR ELF Linker V9.10.2.313/W64 for ARM                  05/Oct/2025  10:35:00
# Copyright 2007-2021 IAR Systems AB.
#
#    Output file  =
#        C:\Users\Zagros\Desktop\STM\CODE\ADXL345\EWARM\ADXL345\Exe\ADXL345.out
#    Map file     =
#        C:\Users\Zagros\Desktop\STM\CODE\ADXL345\EWARM\ADXL345\List\ADXL345.map
#    Command line =
#        -f
#        C:\Users\Zagros\Desktop\STM\CODE\ADXL345\EWARM\ADXL345\Exe\ADXL345.out.rsp
#        (C:\Users\Zagros\Desktop\STM\CODE\ADXL345\EWARM\ADXL345\Obj\Application\User\Core\ADXL345.o
#        C:\Users\Zagros\Desktop\STM\CODE\ADXL345\EWARM\ADXL345\Obj\Application\User\Core\main.o
#        C:\Users\Zagros\Desktop\STM\CODE\ADXL345\EWARM\ADXL345\Obj\Application\EWARM\startup_stm32f103xb.o
#        C:\Users\Zagros\Desktop\STM\CODE\ADXL345\EWARM\ADXL345\Obj\Drivers\STM32F1xx_HAL_Driver\stm32f1xx_hal.o
#        C:\Users\Zagros\Desktop\STM\CODE\ADXL345\EWARM\ADXL345\Obj\Drivers\STM32F1xx_HAL_Driver\stm32f1xx_hal_cortex.o
#        C:\Users\Zagros\Desktop\STM\CODE\ADXL345\EWARM\ADXL345\Obj\Drivers\STM32F1xx_HAL_Driver\stm32f1xx_hal_dma.o
#        C:\Users\Zagros\Desktop\STM\CODE\ADXL345\EWARM\ADXL345\Obj\Drivers\STM32F1xx_HAL_Driver\stm32f1xx_hal_exti.o
#        C:\Users\Zagros\Desktop\STM\CODE\ADXL345\EWARM\ADXL345\Obj\Drivers\STM32F1xx_HAL_Driver\stm32f1xx_hal_flash.o
#        C:\Users\Zagros\Desktop\STM\CODE\ADXL345\EWARM\ADXL345\Obj\Drivers\STM32F1xx_HAL_Driver\stm32f1xx_hal_flash_ex.o
#        C:\Users\Zagros\Desktop\STM\CODE\ADXL345\EWARM\ADXL345\Obj\Drivers\STM32F1xx_HAL_Driver\stm32f1xx_hal_gpio.o
#        C:\Users\Zagros\Desktop\STM\CODE\ADXL345\EWARM\ADXL345\Obj\Drivers\STM32F1xx_HAL_Driver\stm32f1xx_hal_gpio_ex.o
#        C:\Users\Zagros\Desktop\STM\CODE\ADXL345\EWARM\ADXL345\Obj\Drivers\STM32F1xx_HAL_Driver\stm32f1xx_hal_i2c.o
#        C:\Users\Zagros\Desktop\STM\CODE\ADXL345\EWARM\ADXL345\Obj\Application\User\Core\stm32f1xx_hal_msp.o
#        C:\Users\Zagros\Desktop\STM\CODE\ADXL345\EWARM\ADXL345\Obj\Drivers\STM32F1xx_HAL_Driver\stm32f1xx_hal_pwr.o
#        C:\Users\Zagros\Desktop\STM\CODE\ADXL345\EWARM\ADXL345\Obj\Drivers\STM32F1xx_HAL_Driver\stm32f1xx_hal_rcc.o
#        C:\Users\Zagros\Desktop\STM\CODE\ADXL345\EWARM\ADXL345\Obj\Drivers\STM32F1xx_HAL_Driver\stm32f1xx_hal_rcc_ex.o
#        C:\Users\Zagros\Desktop\STM\CODE\ADXL345\EWARM\ADXL345\Obj\Drivers\STM32F1xx_HAL_Driver\stm32f1xx_hal_tim.o
#        C:\Users\Zagros\Desktop\STM\CODE\ADXL345\EWARM\ADXL345\Obj\Drivers\STM32F1xx_HAL_Driver\stm32f1xx_hal_tim_ex.o
#        C:\Users\Zagros\Desktop\STM\CODE\ADXL345\EWARM\ADXL345\Obj\Application\User\Core\stm32f1xx_it.o
#        C:\Users\Zagros\Desktop\STM\CODE\ADXL345\EWARM\ADXL345\Obj\Drivers\CMSIS\system_stm32f1xx.o
#        --no_out_extension -o
#        C:\Users\Zagros\Desktop\STM\CODE\ADXL345\EWARM\ADXL345\Exe\ADXL345.out
#        --redirect _Printf=_PrintfFullNoMb --redirect _Scanf=_ScanfFullNoMb
#        --map
#        C:\Users\Zagros\Desktop\STM\CODE\ADXL345\EWARM\ADXL345\List\ADXL345.map
#        --config
#        C:\Users\Zagros\Desktop\STM\CODE\ADXL345\EWARM/stm32f103xb_flash.icf
#        --semihosting --entry __iar_program_start --vfe --text_out locale)
#
###############################################################################

*******************************************************************************
*** RUNTIME MODEL ATTRIBUTES
***

CppFlavor       = *
__SystemLibrary = DLib
__dlib_version  = 6


*******************************************************************************
*** HEAP SELECTION
***

The basic heap was selected because no calls to memory allocation
functions were found in the application outside of system library
functions, and there are calls to deallocation functions in the
application.


*******************************************************************************
*** PLACEMENT SUMMARY
***

"A0":  place at address 0x800'0000 { ro section .intvec };
"P1":  place in [from 0x800'0000 to 0x801'ffff] { ro };
define block CSTACK with size = 1K, alignment = 8 { };
define block HEAP with size = 512, alignment = 8 { };
"P2":  place in [from 0x2000'0000 to 0x2000'4fff] {
          rw, block CSTACK, block HEAP };
initialize by copy { rw };

  Section            Kind         Address    Size  Object
  -------            ----         -------    ----  ------
"A0":                                        0xec
  .intvec            ro code   0x800'0000    0xec  startup_stm32f103xb.o [1]
                             - 0x800'00ec    0xec

"P1":                                      0x19a4
  .text              ro code   0x800'00ec   0x960  stm32f1xx_hal_i2c.o [4]
  .text              ro code   0x800'0a4c    0xc8  stm32f1xx_hal_msp.o [2]
  .text              ro code   0x800'0b14   0x4ae  stm32f1xx_hal_rcc.o [4]
  .text              ro code   0x800'0fc2    0x2a  copy_init3.o [6]
  .text              ro code   0x800'0fec     0xc  stm32f1xx_hal.o [4]
  .text              ro code   0x800'0ff8    0x14  memset.o [6]
  .text              ro code   0x800'100c   0x1b4  stm32f1xx_hal_gpio.o [4]
  .text              ro code   0x800'11c0    0x40  stm32f1xx_hal.o [4]
  .text              ro code   0x800'1200    0x66  ABImemset.o [6]
  .text              ro code   0x800'1268    0xac  stm32f1xx_hal_cortex.o [4]
  .text              ro code   0x800'1314   0x1f8  stm32f1xx_hal_tim.o [4]
  .text              ro code   0x800'150c   0x1ce  main.o [2]
  .text              ro code   0x800'16dc    0x24  stm32f1xx_hal.o [4]
  .text              ro code   0x800'1700    0x64  stm32f1xx_hal_tim_ex.o [4]
  .text              ro code   0x800'1764   0x10e  ADXL345.o [2]
  .text              ro code   0x800'1874    0x28  stm32f1xx_hal.o [4]
  .text              ro code   0x800'189c    0x38  zero_init3.o [6]
  .text              ro code   0x800'18d4    0x28  data_init.o [6]
  .iar.init_table    const     0x800'18fc    0x24  - Linker created -
  .text              ro code   0x800'1920    0x1e  cmain.o [6]
  .text              ro code   0x800'193e     0x4  low_level_init.o [5]
  .text              ro code   0x800'1942     0x4  exit.o [5]
  .text              ro code   0x800'1948     0xa  cexit.o [6]
  .text              ro code   0x800'1954    0x14  exit.o [7]
  .text              ro code   0x800'1968    0x1c  cstartup_M.o [6]
  .text              ro code   0x800'1984    0x14  stm32f1xx_it.o [2]
  .text              ro code   0x800'1998    0x10  stm32f1xx_hal.o [4]
  .text              ro code   0x800'19a8    0x14  system_stm32f1xx.o [3]
  .text              ro code   0x800'19bc    0x10  startup_stm32f103xb.o [1]
  Initializer bytes  const     0x800'19cc    0x10  <for P2-1>
  .rodata            const     0x800'19dc     0x8  system_stm32f1xx.o [3]
  .text              ro code   0x800'19e4     0x4  startup_stm32f103xb.o [1]
  .text              ro code   0x800'19e8     0x4  startup_stm32f103xb.o [1]
  .text              ro code   0x800'19ec     0x4  startup_stm32f103xb.o [1]
  .text              ro code   0x800'19f0     0x4  startup_stm32f103xb.o [1]
  .text              ro code   0x800'19f4     0x4  startup_stm32f103xb.o [1]
  .text              ro code   0x800'19f8     0x4  startup_stm32f103xb.o [1]
  .text              ro code   0x800'19fc     0x4  startup_stm32f103xb.o [1]
  .text              ro code   0x800'1a00     0x4  startup_stm32f103xb.o [1]
  .text              ro code   0x800'1a04     0x4  startup_stm32f103xb.o [1]
  .text              ro code   0x800'1a08     0x4  startup_stm32f103xb.o [1]
  .text              ro code   0x800'1a0c     0x4  startup_stm32f103xb.o [1]
  .text              ro code   0x800'1a10     0x4  startup_stm32f103xb.o [1]
  .text              ro code   0x800'1a14     0x4  startup_stm32f103xb.o [1]
  .text              ro code   0x800'1a18     0x4  startup_stm32f103xb.o [1]
  .text              ro code   0x800'1a1c     0x4  startup_stm32f103xb.o [1]
  .text              ro code   0x800'1a20     0x4  startup_stm32f103xb.o [1]
  .text              ro code   0x800'1a24     0x4  startup_stm32f103xb.o [1]
  .text              ro code   0x800'1a28     0x4  startup_stm32f103xb.o [1]
  .text              ro code   0x800'1a2c     0x4  startup_stm32f103xb.o [1]
  .text              ro code   0x800'1a30     0x4  startup_stm32f103xb.o [1]
  .text              ro code   0x800'1a34     0x4  startup_stm32f103xb.o [1]
  .text              ro code   0x800'1a38     0x4  startup_stm32f103xb.o [1]
  .text              ro code   0x800'1a3c     0x4  startup_stm32f103xb.o [1]
  .text              ro code   0x800'1a40     0x4  startup_stm32f103xb.o [1]
  .text              ro code   0x800'1a44     0x4  startup_stm32f103xb.o [1]
  .text              ro code   0x800'1a48     0x4  startup_stm32f103xb.o [1]
  .text              ro code   0x800'1a4c     0x4  startup_stm32f103xb.o [1]
  .text              ro code   0x800'1a50     0x4  startup_stm32f103xb.o [1]
  .text              ro code   0x800'1a54     0x4  startup_stm32f103xb.o [1]
  .text              ro code   0x800'1a58     0x4  startup_stm32f103xb.o [1]
  .text              ro code   0x800'1a5c     0x4  startup_stm32f103xb.o [1]
  .text              ro code   0x800'1a60     0x4  startup_stm32f103xb.o [1]
  .text              ro code   0x800'1a64     0x4  startup_stm32f103xb.o [1]
  .text              ro code   0x800'1a68     0x4  startup_stm32f103xb.o [1]
  .text              ro code   0x800'1a6c     0x4  startup_stm32f103xb.o [1]
  .text              ro code   0x800'1a70     0x4  startup_stm32f103xb.o [1]
  .text              ro code   0x800'1a74     0x4  startup_stm32f103xb.o [1]
  .text              ro code   0x800'1a78     0x4  startup_stm32f103xb.o [1]
  .text              ro code   0x800'1a7c     0x4  startup_stm32f103xb.o [1]
  .text              ro code   0x800'1a80     0x4  startup_stm32f103xb.o [1]
  .text              ro code   0x800'1a84     0x4  startup_stm32f103xb.o [1]
  .text              ro code   0x800'1a88     0x4  startup_stm32f103xb.o [1]
  .text              ro code   0x800'1a8c     0x4  startup_stm32f103xb.o [1]
  .rodata            const     0x800'1a90     0x0  zero_init3.o [6]
  .rodata            const     0x800'1a90     0x0  copy_init3.o [6]
                             - 0x800'1a90  0x19a4

"P2", part 1 of 3:                           0x10
  P2-1                        0x2000'0000    0x10  <Init block>
    .data            inited   0x2000'0000     0xc  stm32f1xx_hal.o [4]
    .data            inited   0x2000'000c     0x4  system_stm32f1xx.o [3]
                            - 0x2000'0010    0x10

"P2", part 2 of 3:                           0xa8
  .bss               zero     0x2000'0010    0x60  main.o [2]
  .bss               zero     0x2000'0070    0x48  main.o [2]
                            - 0x2000'00b8    0xa8

"P2", part 3 of 3:                          0x400
  CSTACK                      0x2000'00b8   0x400  <Block>
    CSTACK           uninit   0x2000'00b8   0x400  <Block tail>
                            - 0x2000'04b8   0x400

Unused ranges:

         From           To      Size
         ----           --      ----
   0x800'1a90   0x801'ffff  0x1'e570
  0x2000'04b8  0x2000'4fff    0x4b48


*******************************************************************************
*** INIT TABLE
***

          Address      Size
          -------      ----
Zero (__iar_zero_init3)
    1 destination range, total size 0xa8:
          0x2000'0010  0xa8

Copy (__iar_copy_init3)
    1 source range, total size 0x10:
           0x800'19cc  0x10
    1 destination range, total size 0x10:
          0x2000'0000  0x10



*******************************************************************************
*** MODULE SUMMARY
***

    Module                  ro code  ro data  rw data
    ------                  -------  -------  -------
command line/config:
    -------------------------------------------------
    Total:

C:\Users\Zagros\Desktop\STM\CODE\ADXL345\EWARM\ADXL345\Obj\Application\EWARM: [1]
    startup_stm32f103xb.o       424
    -------------------------------------------------
    Total:                      424

C:\Users\Zagros\Desktop\STM\CODE\ADXL345\EWARM\ADXL345\Obj\Application\User\Core: [2]
    ADXL345.o                   270
    main.o                      462               168
    stm32f1xx_hal_msp.o         200
    stm32f1xx_it.o               20
    -------------------------------------------------
    Total:                      952               168

C:\Users\Zagros\Desktop\STM\CODE\ADXL345\EWARM\ADXL345\Obj\Drivers\CMSIS: [3]
    system_stm32f1xx.o           20       12        4
    -------------------------------------------------
    Total:                       20       12        4

C:\Users\Zagros\Desktop\STM\CODE\ADXL345\EWARM\ADXL345\Obj\Drivers\STM32F1xx_HAL_Driver: [4]
    stm32f1xx_hal.o             168       12       12
    stm32f1xx_hal_cortex.o      172
    stm32f1xx_hal_gpio.o        436
    stm32f1xx_hal_i2c.o       2'400
    stm32f1xx_hal_rcc.o       1'198
    stm32f1xx_hal_tim.o         504
    stm32f1xx_hal_tim_ex.o      100
    -------------------------------------------------
    Total:                    4'978       12       12

dl7M_tln.a: [5]
    exit.o                        4
    low_level_init.o              4
    -------------------------------------------------
    Total:                        8

rt7M_tl.a: [6]
    ABImemset.o                 102
    cexit.o                      10
    cmain.o                      30
    copy_init3.o                 42
    cstartup_M.o                 28
    data_init.o                  40
    memset.o                     20
    zero_init3.o                 56
    -------------------------------------------------
    Total:                      328

shb_l.a: [7]
    exit.o                       20
    -------------------------------------------------
    Total:                       20

    Gaps                         10
    Linker created                        36    1'024
-----------------------------------------------------
    Grand Total:              6'740       60    1'208


*******************************************************************************
*** ENTRY LIST
***

Entry                       Address   Size  Type      Object
-----                       -------   ----  ----      ------
.iar.init_table$$Base    0x800'18fc          --   Gb  - Linker created -
.iar.init_table$$Limit   0x800'1920          --   Gb  - Linker created -
?main                    0x800'1921         Code  Gb  cmain.o [6]
ADXL345_EnableInterrupts
                         0x800'182d   0x24  Code  Gb  ADXL345.o [2]
ADXL345_Init             0x800'1765   0x22  Code  Gb  ADXL345.o [2]
ADXL345_ReadXYZ          0x800'17e7   0x46  Code  Gb  ADXL345.o [2]
ADXL345_SetDataRate      0x800'17c9   0x1e  Code  Gb  ADXL345.o [2]
ADXL345_SetRange         0x800'1787   0x42  Code  Gb  ADXL345.o [2]
AHBPrescTable            0x800'19ac   0x10  Data  Gb  system_stm32f1xx.o [3]
APBPrescTable            0x800'19dc    0x8  Data  Gb  system_stm32f1xx.o [3]
BusFault_Handler         0x800'198b    0x2  Code  Gb  stm32f1xx_it.o [2]
CSTACK$$Base            0x2000'00b8          --   Gb  - Linker created -
CSTACK$$Limit           0x2000'04b8          --   Gb  - Linker created -
DebugMon_Handler         0x800'1991    0x2  Code  Gb  stm32f1xx_it.o [2]
Error_Handler            0x800'16d7    0x4  Code  Gb  main.o [2]
HAL_Delay                0x800'1875   0x28  Code  Gb  stm32f1xx_hal.o [4]
HAL_GPIO_Init            0x800'100d  0x180  Code  Gb  stm32f1xx_hal_gpio.o [4]
HAL_GetTick              0x800'0fed    0xc  Code  Gb  stm32f1xx_hal.o [4]
HAL_I2C_Init             0x800'00ed  0x12c  Code  Gb  stm32f1xx_hal_i2c.o [4]
HAL_I2C_Mem_Read         0x800'03ad  0x192  Code  Gb  stm32f1xx_hal_i2c.o [4]
HAL_I2C_Mem_Write        0x800'0271   0xe0  Code  Gb  stm32f1xx_hal_i2c.o [4]
HAL_I2C_MspInit          0x800'0a87   0x56  Code  Gb  stm32f1xx_hal_msp.o [2]
HAL_IncTick              0x800'1999   0x10  Code  Gb  stm32f1xx_hal.o [4]
HAL_Init                 0x800'16dd   0x20  Code  Gb  stm32f1xx_hal.o [4]
HAL_InitTick             0x800'11c1   0x40  Code  Gb  stm32f1xx_hal.o [4]
HAL_MspInit              0x800'0a4d   0x3a  Code  Gb  stm32f1xx_hal_msp.o [2]
HAL_NVIC_SetPriority     0x800'129d   0x3a  Code  Gb  stm32f1xx_hal_cortex.o [4]
HAL_NVIC_SetPriorityGrouping
                         0x800'1283   0x1a  Code  Gb  stm32f1xx_hal_cortex.o [4]
HAL_RCC_ClockConfig      0x800'0e29   0xf4  Code  Gb  stm32f1xx_hal_rcc.o [4]
HAL_RCC_GetPCLK1Freq     0x800'0f6b   0x10  Code  Gb  stm32f1xx_hal_rcc.o [4]
HAL_RCC_GetSysClockFreq
                         0x800'0f31   0x3a  Code  Gb  stm32f1xx_hal_rcc.o [4]
HAL_RCC_GetSysClockFreq::aPLLMULFactorTable
                         0x800'0fb0   0x10  Data  Lc  stm32f1xx_hal_rcc.o [4]
HAL_RCC_GetSysClockFreq::aPredivFactorTable
                         0x800'0fc0    0x2  Data  Lc  stm32f1xx_hal_rcc.o [4]
HAL_RCC_OscConfig        0x800'0b15  0x30c  Code  Gb  stm32f1xx_hal_rcc.o [4]
HAL_SYSTICK_Config       0x800'12d7   0x28  Code  Gb  stm32f1xx_hal_cortex.o [4]
HAL_TIMEx_MasterConfigSynchronization
                         0x800'1701   0x56  Code  Gb  stm32f1xx_hal_tim_ex.o [4]
HAL_TIM_Base_Init        0x800'1315   0x1a  Code  Gb  stm32f1xx_hal_tim.o [4]
HAL_TIM_Base_MspInit     0x800'0add   0x22  Code  Gb  stm32f1xx_hal_msp.o [2]
HAL_TIM_ConfigClockSource
                         0x800'135d   0xaa  Code  Gb  stm32f1xx_hal_tim.o [4]
HardFault_Handler        0x800'1987    0x2  Code  Gb  stm32f1xx_it.o [2]
I2C_IsAcknowledgeFailed
                         0x800'0a1b   0x32  Code  Lc  stm32f1xx_hal_i2c.o [4]
I2C_RequestMemoryRead    0x800'070b   0xb2  Code  Lc  stm32f1xx_hal_i2c.o [4]
I2C_RequestMemoryWrite   0x800'066f   0x86  Code  Lc  stm32f1xx_hal_i2c.o [4]
I2C_WaitOnBTFFlagUntilTimeout
                         0x800'0967   0x44  Code  Lc  stm32f1xx_hal_i2c.o [4]
I2C_WaitOnFlagUntilTimeout
                         0x800'07ed   0x68  Code  Lc  stm32f1xx_hal_i2c.o [4]
I2C_WaitOnMasterAddressFlagUntilTimeout
                         0x800'0855   0x9a  Code  Lc  stm32f1xx_hal_i2c.o [4]
I2C_WaitOnRXNEFlagUntilTimeout
                         0x800'09c5   0x56  Code  Lc  stm32f1xx_hal_i2c.o [4]
I2C_WaitOnTXEFlagUntilTimeout
                         0x800'0923   0x44  Code  Lc  stm32f1xx_hal_i2c.o [4]
MemManage_Handler        0x800'1989    0x2  Code  Gb  stm32f1xx_it.o [2]
NMI_Handler              0x800'1985    0x2  Code  Gb  stm32f1xx_it.o [2]
PendSV_Handler           0x800'1993    0x2  Code  Gb  stm32f1xx_it.o [2]
Region$$Table$$Base      0x800'18fc          --   Gb  - Linker created -
Region$$Table$$Limit     0x800'1920          --   Gb  - Linker created -
SVC_Handler              0x800'198f    0x2  Code  Gb  stm32f1xx_it.o [2]
SysTick_Handler          0x800'1995    0x4  Code  Gb  stm32f1xx_it.o [2]
SystemClock_Config       0x800'164b   0x66  Code  Gb  main.o [2]
SystemCoreClock         0x2000'000c    0x4  Data  Gb  system_stm32f1xx.o [3]
SystemInit               0x800'19a9    0x2  Code  Gb  system_stm32f1xx.o [3]
TIM_Base_SetConfig       0x800'1421   0x6c  Code  Gb  stm32f1xx_hal_tim.o [4]
TIM_ETR_SetConfig        0x800'14f3   0x14  Code  Gb  stm32f1xx_hal_tim.o [4]
TIM_ITRx_SetConfig       0x800'14e3   0x10  Code  Lc  stm32f1xx_hal_tim.o [4]
TIM_TI1_ConfigInputStage
                         0x800'14a1   0x1e  Code  Lc  stm32f1xx_hal_tim.o [4]
TIM_TI2_ConfigInputStage
                         0x800'14bf   0x24  Code  Lc  stm32f1xx_hal_tim.o [4]
UsageFault_Handler       0x800'198d    0x2  Code  Gb  stm32f1xx_it.o [2]
__NVIC_SetPriority       0x800'1269   0x1a  Code  Lc  stm32f1xx_hal_cortex.o [4]
__aeabi_memset           0x800'1201         Code  Gb  ABImemset.o [6]
__cmain                  0x800'1921         Code  Gb  cmain.o [6]
__exit                   0x800'1955   0x14  Code  Gb  exit.o [7]
__iar_Memset             0x800'1201         Code  Gb  ABImemset.o [6]
__iar_Memset_word        0x800'1209         Code  Gb  ABImemset.o [6]
__iar_copy_init3         0x800'0fc3   0x2a  Code  Gb  copy_init3.o [6]
__iar_data_init3         0x800'18d5   0x28  Code  Gb  data_init.o [6]
__iar_program_start      0x800'1969         Code  Gb  cstartup_M.o [6]
__iar_zero_init3         0x800'189d   0x38  Code  Gb  zero_init3.o [6]
__low_level_init         0x800'193f    0x4  Code  Gb  low_level_init.o [5]
__vector_table           0x800'0000         Data  Gb  startup_stm32f103xb.o [1]
_call_main               0x800'192d         Code  Gb  cmain.o [6]
_exit                    0x800'1949         Code  Gb  cexit.o [6]
accel                   0x2000'0010    0xc  Data  Gb  main.o [2]
exit                     0x800'1943    0x4  Code  Gb  exit.o [5]
hi2c1                   0x2000'001c   0x54  Data  Gb  main.o [2]
htim2                   0x2000'0070   0x48  Data  Gb  main.o [2]
main                     0x800'150d  0x13e  Code  Gb  main.o [2]
memset                   0x800'0ff9   0x14  Code  Gb  memset.o [6]
uwTick                  0x2000'0004    0x4  Data  Gb  stm32f1xx_hal.o [4]
uwTickFreq              0x2000'0000    0x1  Data  Gb  stm32f1xx_hal.o [4]
uwTickPrio              0x2000'0008    0x4  Data  Gb  stm32f1xx_hal.o [4]


[1] = C:\Users\Zagros\Desktop\STM\CODE\ADXL345\EWARM\ADXL345\Obj\Application\EWARM
[2] = C:\Users\Zagros\Desktop\STM\CODE\ADXL345\EWARM\ADXL345\Obj\Application\User\Core
[3] = C:\Users\Zagros\Desktop\STM\CODE\ADXL345\EWARM\ADXL345\Obj\Drivers\CMSIS
[4] = C:\Users\Zagros\Desktop\STM\CODE\ADXL345\EWARM\ADXL345\Obj\Drivers\STM32F1xx_HAL_Driver
[5] = dl7M_tln.a
[6] = rt7M_tl.a
[7] = shb_l.a

  6'740 bytes of readonly  code memory
     60 bytes of readonly  data memory
  1'208 bytes of readwrite data memory

Errors: none
Warnings: none
