GNU Tool Chain  

Linker command line:

--edf=C:\Program Files (x86)\CCompiler\Compiler\data\dat\en_msgs.txt -cs \
  -h+touchlib.sym --cmf=touchlib.cmf -z -QFT62F08X \
  -oC:\Users\Zagros\AppData\Local\Temp\s4e0.2 -Mtouchlib.map -E1 -ver=XC8 \
  -ASTACK=020DCh-022ffh -pstack=STACK -p_ad3nop_text=3h -ACODE=00h-07FFhx4 \
  -ASTRCODE=00h-01FFFh -ASTRING=00h-0FFhx32 -ACONST=00h-0FFhx32 \
  -AENTRY=00h-0FFhx32 -ACOMMON=070h-07Fh -ABANK0=020h-06Fh \
  -ABANK1=0A0h-0EFh -ABANK2=0120h-016Fh -ABANK3=01A0h-01EFh \
  -ABANK4=0220h-026Fh -ABANK5=02A0h-02EFh -ABANK6=0320h-036Fh \
  -ABANK7=03A0h-03EFh -ABANK8=0420h-046Fh -ABANK9=04A0h-04EFh \
  -ABANK10=0520h-056Fh -ABANK11=05A0h-05EFh -ABANK12=0620h-064Fh \
  -ABIGRAM=02000h-023EFh \
  -ARAM=020h-06Fh,0A0h-0EFh,0120h-016Fh,01A0h-01EFh,0220h-026Fh,02A0h-02EFh,0320h-036Fh,03A0h-03EFh,0420h-046Fh,04A0h-04EFh,0520h-056Fh,05A0h-05EFh,0620h-064Fh \
  -AABS1=020h-07Fh,0A0h-0EFh,0120h-016Fh,01A0h-01EFh,0220h-026Fh,02A0h-02EFh,0320h-036Fh,03A0h-03EFh,0420h-046Fh,04A0h-04EFh,0520h-056Fh,05A0h-05EFh,0620h-064Fh \
  -ASFR0=00h-01Fh -ASFR1=080h-09Fh -ASFR2=0100h-011Fh -ASFR3=0180h-019Fh \
  -ASFR4=0200h-021Fh -ASFR5=0280h-029Fh -ASFR6=0300h-031Fh \
  -ASFR7=0380h-039Fh -ASFR8=0400h-041Fh -ASFR9=0480h-049Fh \
  -ASFR10=0500h-051Fh -ASFR11=0580h-059Fh -ASFR12=0600h-061Fh \
  -ASFR13=0680h-06EFh -ASFR14=0700h-076Fh -ASFR15=0780h-07EFh \
  -ASFR16=0800h-086Fh -ASFR17=0880h-08EFh -ASFR18=0900h-096Fh \
  -ASFR19=0980h-09EFh -ASFR20=0A00h-0A6Fh -ASFR21=0A80h-0AEFh \
  -ASFR22=0B00h-0B6Fh -ASFR23=0B80h-0BEFh -ASFR24=0C00h-0C6Fh \
  -ASFR25=0C80h-0CEFh -ASFR26=0D00h-0D6Fh -ASFR27=0D80h-0DEFh \
  -ASFR28=0E00h-0E6Fh -ASFR29=0E80h-0EEFh -ASFR30=0F00h-0F6Fh \
  -ASFR31=0F80h-0FEFh -preset_vec=00h,intentry=04h,init,end_init \
  -ppowerup=CODE -pcinit=CODE -pfunctab=ENTRY -ACONFIG=08007h-08008h \
  -pconfig=CONFIG -DCONFIG=2 -AIDLOC=08000h-08003h -pidloc=IDLOC -DIDLOC=2 \
  -AEEDATA=00h-0FFh/0F000h -peeprom_data=EEDATA -DEEDATA=2 -DCODE=2 \
  -DSTRCODE=2 -DSTRING=2 -DCONST=2 -DENTRY=2 -k \
  C:\Users\Zagros\AppData\Local\Temp\s4e0.obj touchlib.obj 

Object code version is 3.11

Machine type is FT62F08X



                Name                               Link     Load   Length Selector   Space Scale
C:\Users\Zagros\AppData\Local\Temp\s4e0.obj
                end_init                             1F       1F        2        8       0
                reset_vec                             0        0        2        0       0
touchlib.obj    cinit                                21       21      59B        8       0
                intentry                              4        4       1B        8       0
                text15                              5D6      5D6        A        8       0
                text5                               A32      A32      5CE     1464       0
                text4                               5BC      5BC        E        8       0
                cstackBANK0hh                        2B       2B       16       2B       1
                cstackCOMMON                         72       72        B       72       1
                clrtext                             5CA      5CA        C        8       0
                bssBANK2                            120      120       3C      120       1
                dataBANK1                            E7       E7        4       A0       1
                bssBANK1                             A0       A0       47       A0       1
                dataBANK0hh                          53       53        4       2B       1
                bssBANK0hh                           41       41       12       2B       1
                bitbssBANK0hh                       2B8       57        1       2B       1     8
                bitbssCOMMON                        3E8       7D        4       72       1     8
                _ad3nop_text                          3        3        1        6       0
                stringtext8                        10C0     10C0        1     2000       0
                stringtext7                        10BF     10BF        1     2000       0
                stringtext6                        10BE     10BE        1     2000       0
                stringtext5                        10BC     10BC        2     2000       0
                stringtext4                        10B8     10B8        4     2000       0
                stringtext3                        10B4     10B4        4     2000       0
                stringtext2                        105A     105A       5A     2000       0
                stringtext1                        1000     1000       5A     2000       0

TOTAL           Name                               Link     Load   Length     Space
        CLASS   STACK          

        CLASS   CODE           
                end_init                             1F       1F        2         0
                cinit                                21       21      59B         0
                intentry                              4        4       1B         0
                reset_vec                             0        0        2         0
                text15                              5D6      5D6        A         0
                text5                               A32      A32      5CE         0
                text4                               5BC      5BC        E         0
                clrtext                             5CA      5CA        C         0
                _ad3nop_text                          3        3        1         0

        CLASS   STRCODE        
                stringtext8                        10C0     10C0        1         0
                stringtext7                        10BF     10BF        1         0
                stringtext6                        10BE     10BE        1         0
                stringtext5                        10BC     10BC        2         0
                stringtext4                        10B8     10B8        4         0
                stringtext3                        10B4     10B4        4         0
                stringtext2                        105A     105A       5A         0
                stringtext1                        1000     1000       5A         0

        CLASS   STRING         

        CLASS   CONST          

        CLASS   ENTRY          

        CLASS   COMMON         
                cstackCOMMON                         72       72        B         1
                bitbssCOMMON                        3E8       7D        4         1

        CLASS   BANK0          
                cstackBANK0hh                        2B       2B       16         1
                dataBANK0hh                          53       53        4         1
                bssBANK0hh                           41       41       12         1
                bitbssBANK0hh                       2B8       57        1         1

        CLASS   BANK1          
                dataBANK1                            E7       E7        4         1
                bssBANK1                             A0       A0       47         1

        CLASS   BANK2          
                bssBANK2                            120      120       3C         1

        CLASS   BANK3          

        CLASS   BANK4          

        CLASS   BANK5          

        CLASS   BANK6          

        CLASS   BANK7          

        CLASS   BANK8          

        CLASS   BANK9          

        CLASS   BANK10         

        CLASS   BANK11         

        CLASS   BANK12         

        CLASS   BIGRAM         

        CLASS   RAM            

        CLASS   ABS1           
                abs_s1                               20       20        B         1
                abs_s1                               70       70        2         1
                abs_s1                               7E       7E        2         1
                abs_s1                              4D0      4D0       20         1
                abs_s1                              520      520       50         1
                abs_s1                              5A0      5A0       50         1
                abs_s1                              620      620       30         1
                abs_s1                             2300     2300        0         1
                abs_s1                             2378     2378        0         1

        CLASS   SFR0           

        CLASS   SFR1           

        CLASS   SFR2           

        CLASS   SFR3           

        CLASS   SFR4           

        CLASS   SFR5           

        CLASS   SFR6           

        CLASS   SFR7           

        CLASS   SFR8           

        CLASS   SFR9           

        CLASS   SFR10          

        CLASS   SFR11          

        CLASS   SFR12          

        CLASS   SFR13          

        CLASS   SFR14          

        CLASS   SFR15          

        CLASS   SFR16          

        CLASS   SFR17          

        CLASS   SFR18          

        CLASS   SFR19          

        CLASS   SFR20          

        CLASS   SFR21          

        CLASS   SFR22          

        CLASS   SFR23          

        CLASS   SFR24          

        CLASS   SFR25          

        CLASS   SFR26          

        CLASS   SFR27          

        CLASS   SFR28          

        CLASS   SFR29          

        CLASS   SFR30          

        CLASS   SFR31          

        CLASS   CONFIG         

        CLASS   IDLOC          

        CLASS   EEDATA         

        CLASS   BANK31         

        CLASS   BANK30         

        CLASS   BANK29         

        CLASS   BANK28         

        CLASS   BANK27         

        CLASS   BANK26         

        CLASS   BANK25         

        CLASS   BANK24         

        CLASS   BANK23         

        CLASS   BANK22         

        CLASS   BANK21         

        CLASS   BANK20         

        CLASS   BANK19         

        CLASS   BANK18         

        CLASS   BANK17         

        CLASS   BANK16         

        CLASS   BANK15         

        CLASS   BANK14         

        CLASS   BANK13         



SEGMENTS        Name                           Load    Length   Top    Selector   Space  Class     Delta

                reset_vec                      000000  000002  000002         0       0  CODE        2
                _ad3nop_text                   000003  000001  000004         6       0  CODE        2
                intentry                       000004  0005DC  0005E0         8       0  CODE        2
                cstackBANK0hh                  00002B  00002D  000058        2B       1  BANK0       1
                cstackCOMMON                   000072  00000C  00007E        72       1  COMMON      1
                bssBANK1                       0000A0  00004B  0000EB        A0       1  BANK1       1
                bssBANK2                       000120  00003C  00015C       120       1  BANK2       1
                text5                          000A32  0005CE  001000      1464       0  CODE        2
                stringtext1                    001000  0000C1  0010C1      2000       0  STRCODE     2


UNUSED ADDRESS RANGES

        Name                Unused          Largest block    Delta
        BANK0            0058-006F             18           1
        BANK1            00EB-00EF              5           1
        BANK2            015C-016F             14           1
        BANK3            01A0-01EF             50           1
        BANK4            0220-026F             50           1
        BANK5            02A0-02EF             50           1
        BANK6            0320-036F             50           1
        BANK7            03A0-03EF             50           1
        BANK8            0420-046F             50           1
        BANK9            04A0-04CF             30           1
        BIGRAM           2000-23EF            3F0           1
        CODE             0002-0002              1           2
                         05E0-0A31            220
                         10C1-1FFF            73F
        CONFIG           8007-8008              2           2
        CONST            0002-0002              1           2
                         05E0-0A31            100
                         10C1-1FFF            100
        EEDATA           F000-F0FF            100           2
        ENTRY            0002-0002              1           2
                         05E0-0A31            100
                         10C1-1FFF            100
        IDLOC            8000-8003              4           2
        RAM              0058-006F             18           1
                         00EB-00EF              5
                         015C-016F             14
                         01A0-01EF             50
                         0220-026F             50
                         02A0-02EF             50
                         0320-036F             50
                         03A0-03EF             50
                         0420-046F             50
                         04A0-04CF             30
        SFR0             0000-001F             20           1
        SFR1             0080-009F             20           1
        SFR10            0500-051F             20           1
        SFR11            0580-059F             20           1
        SFR12            0600-061F             20           1
        SFR13            0680-06EF             70           1
        SFR14            0700-076F             70           1
        SFR15            0780-07EF             70           1
        SFR16            0800-086F             70           1
        SFR17            0880-08EF             70           1
        SFR18            0900-096F             70           1
        SFR19            0980-09EF             70           1
        SFR2             0100-011F             20           1
        SFR20            0A00-0A6F             70           1
        SFR21            0A80-0AEF             70           1
        SFR22            0B00-0B6F             70           1
        SFR23            0B80-0BEF             70           1
        SFR24            0C00-0C6F             70           1
        SFR25            0C80-0CEF             70           1
        SFR26            0D00-0D6F             70           1
        SFR27            0D80-0DEF             70           1
        SFR28            0E00-0E6F             70           1
        SFR29            0E80-0EEF             70           1
        SFR3             0180-019F             20           1
        SFR30            0F00-0F6F             70           1
        SFR31            0F80-0FEF             70           1
        SFR4             0200-021F             20           1
        SFR5             0280-029F             20           1
        SFR6             0300-031F             20           1
        SFR7             0380-039F             20           1
        SFR8             0400-041F             20           1
        SFR9             0480-049F             20           1
        STACK            20DC-22FF            224           1
        STRCODE          0002-0002              1           2
                         05E0-0A31            452
                         10C1-1FFF            F3F
        STRING           0002-0002              1           2
                         05E0-0A31            100
                         10C1-1FFF            100

                                  Symbol Table

?_TouchKeyScan                 cstackBANK0hh 003F
?___awdiv                      cstackCOMMON  0072
?___wmul                       cstackCOMMON  0072
HighFreqCo@a                   cstackCOMMON  0078
MxSet013@a                     cstackCOMMON  0072
PL10                           cinit         0458
PL100                          cinit         05B8
PL102                          text5         0FF1
PL104                          text5         0FF6
PL106                          text5         0FFB
PL12                           cinit         0478
PL14                           cinit         0498
PL16                           cinit         04B7
PL18                           text5         0EC0
PL2                            cinit         044A
PL20                           cinit         04E3
PL22                           cinit         050D
PL24                           text5         0EDE
PL26                           text5         0F0B
PL28                           text5         0F11
PL30                           text5         0F1E
PL32                           text5         0F2B
PL34                           text5         0F30
PL36                           text5         0F39
PL38                           text5         0F3F
PL4                            text5         0E89
PL40                           cinit         0535
PL42                           cinit         054D
PL44                           cinit         0555
PL46                           text5         0F5D
PL48                           text5         0F68
PL50                           cinit         0564
PL52                           text5         0F6F
PL54                           text5         0F81
PL56                           cinit         056B
PL58                           cinit         0579
PL6                            text5         0EA4
PL60                           cinit         0589
PL62                           text5         0F8C
PL64                           text5         0F9A
PL66                           text5         0F9F
PL68                           cinit         0597
PL70                           text5         0FA6
PL72                           text5         0FB2
PL74                           cinit         059D
PL76                           text5         0FB7
PL78                           text5         0FC1
PL8                            text5         0EBA
PL80                           text5         0FC7
PL82                           text5         0FCD
PL84                           text5         0FD6
PL86                           text5         0FDF
PL88                           text5         0FE5
PL90                           cinit         05A2
PL92                           text5         0FEB
PL94                           cinit         05A8
PL96                           cinit         05AE
PL98                           cinit         05B3
StartHigeFreq@a                cstackCOMMON  0077
TouchInit@Time                 cstackCOMMON  0072
_ACTIVE_SENSOR_DELTA           stringtext2   105A
_BSR_TMP                       (abs)         0071
_DIV                           cinit         03C9
_DataProcessing                text5         0A32
_FWHEELSILERB                  stringtext4   10B8
_HighFreqCo                    text5         0E2E
_INACTIVE_SENSOR_DELTA         stringtext1   1000
_INTCON                        (abs)         000B
_ISR                           intentry      0004
_M0ANALOG                      (abs)         0392
_M1ANALOG                      (abs)         0393
_M2ANALOG                      (abs)         0394
_M3ANALOG                      (abs)         0395
_MxSet013                      text4         05BC
_NumD                          bssBANK1      00E4
_OSCCON                        (abs)         0099
_PCKEN                         (abs)         009A
_PORTA                         (abs)         000C
_PORTB                         (abs)         000D
_PORTC                         (abs)         000E
_PORTD                         (abs)         000F
_ReadTouchData                 cinit         0197
_STATUS                        (abs)         0003
_SWHEELSILERB                  stringtext3   10B4
_StartHigeFreq                 cinit         0279
_SysInit                       cinit         00D4
_T4UIE                         (abs)         0890
_T4UIF                         (abs)         0898
_TIM4ARR                       (abs)         0117
_TIM4CNTR                      (abs)         0115
_TIM4CR1                       (abs)         0111
_TIM4EGR                       (abs)         0114
_TIM4IER                       (abs)         0112
_TIM4PSCR                      (abs)         0116
_TIM4SR                        (abs)         0113
_TKC0                          (abs)         038D
_TKC1                          (abs)         038E
_TKM016DH                      (abs)         0F95
_TKM016DL                      (abs)         0F94
_TKM0C0                        (abs)         0396
_TKM0C1                        (abs)         0397
_TKM116DH                      (abs)         0F9D
_TKM116DL                      (abs)         0F9C
_TKM1C0                        (abs)         0398
_TKM1C1                        (abs)         0399
_TKM216DH                      (abs)         0FA5
_TKM216DL                      (abs)         0FA4
_TKM2C0                        (abs)         039A
_TKM2C1                        (abs)         039B
_TKM316DH                      (abs)         0FAD
_TKM316DL                      (abs)         0FAC
_TKM3C0                        (abs)         039C
_TKM3C1                        (abs)         039D
_TKRCOV                        (abs)         1C6E
_TKST                          (abs)         1C6D
_TKTMR                         (abs)         038C
_TRISA                         (abs)         008C
_TRISA4                        (abs)         0464
_TRISA5                        (abs)         0465
_TRISA6                        (abs)         0466
_TRISA7                        (abs)         0467
_TRISB                         (abs)         008D
_TRISB2                        (abs)         046A
_TRISB3                        (abs)         046B
_TRISB4                        (abs)         046C
_TRISB7                        (abs)         046F
_TRISC                         (abs)         008E
_TRISC0                        (abs)         0470
_TRISC1                        (abs)         0471
_TRISC3                        (abs)         0473
_TRISC4                        (abs)         0474
_TRISC5                        (abs)         0475
_TRISC6                        (abs)         0476
_TRISC7                        (abs)         0477
_TRISD5                        (abs)         047D
_Time4Initial                  cinit         00E9
_TouchInit                     cinit         03B1
_TouchInital                   cinit         00FA
_TouchKeyScan                  cinit         0157
_TouchTimeCount                bssBANK0hh    0049
_TouchcapBuff1                 bssBANK2      013E
_TouchcapBuff2                 bssBANK2      0120
_WPROOF1                       (abs)         038F
_WPROOF2                       (abs)         0390
_WPROOF3                       (abs)         0391
_W_TMP                         (abs)         0070
__H_ad3nop_text                _ad3nop_text  0004
__Habs1                        abs1          0000
__Hbank0                       bank0         0000
__Hbank1                       bank1         0000
__Hbank10                      bank10        0000
__Hbank11                      bank11        0000
__Hbank12                      bank12        0000
__Hbank13                      bank13        0000
__Hbank14                      bank14        0000
__Hbank15                      bank15        0000
__Hbank16                      bank16        0000
__Hbank17                      bank17        0000
__Hbank18                      bank18        0000
__Hbank19                      bank19        0000
__Hbank2                       bank2         0000
__Hbank20                      bank20        0000
__Hbank21                      bank21        0000
__Hbank22                      bank22        0000
__Hbank23                      bank23        0000
__Hbank24                      bank24        0000
__Hbank25                      bank25        0000
__Hbank26                      bank26        0000
__Hbank27                      bank27        0000
__Hbank28                      bank28        0000
__Hbank29                      bank29        0000
__Hbank3                       bank3         0000
__Hbank30                      bank30        0000
__Hbank31                      bank31        0000
__Hbank4                       bank4         0000
__Hbank5                       bank5         0000
__Hbank6                       bank6         0000
__Hbank7                       bank7         0000
__Hbank8                       bank8         0000
__Hbank9                       bank9         0000
__Hbigram                      bigram        0000
__HbitbssBANK0hh               bitbssBANK0hh 0000
__HbitbssCOMMON                bitbssCOMMON  0000
__HbssBANK0hh                  bssBANK0hh    0000
__HbssBANK1                    bssBANK1      0000
__HbssBANK2                    bssBANK2      0000
__Hcinit                       cinit         05BC
__Hclrtext                     clrtext       0000
__Hcode                        code          0000
__Hcommon                      common        0000
__Hconfig                      config        0000
__HcstackBANK0hh               cstackBANK0hh 0000
__HcstackCOMMON                cstackCOMMON  0000
__HdataBANK0hh                 dataBANK0hh   0000
__HdataBANK1                   dataBANK1     0000
__Heeprom_data                 eeprom_data   0000
__Hend_init                    end_init      0021
__Hfunctab                     functab       0000
__HidataBANK0hh                idataBANK0hh  0000
__HidataBANK1                  idataBANK1    0000
__Hidloc                       idloc         0000
__Hinit                        init          001F
__Hintentry                    intentry      001F
__Hmaintext                    maintext      0000
__Hpa_nodes0                   pa_nodes0     0000
__Hpowerup                     powerup       0000
__Hram                         ram           0000
__Hreset_vec                   reset_vec     0002
__Hsfr0                        sfr0          0000
__Hsfr1                        sfr1          0000
__Hsfr10                       sfr10         0000
__Hsfr11                       sfr11         0000
__Hsfr12                       sfr12         0000
__Hsfr13                       sfr13         0000
__Hsfr14                       sfr14         0000
__Hsfr15                       sfr15         0000
__Hsfr16                       sfr16         0000
__Hsfr17                       sfr17         0000
__Hsfr18                       sfr18         0000
__Hsfr19                       sfr19         0000
__Hsfr2                        sfr2          0000
__Hsfr20                       sfr20         0000
__Hsfr21                       sfr21         0000
__Hsfr22                       sfr22         0000
__Hsfr23                       sfr23         0000
__Hsfr24                       sfr24         0000
__Hsfr25                       sfr25         0000
__Hsfr26                       sfr26         0000
__Hsfr27                       sfr27         0000
__Hsfr28                       sfr28         0000
__Hsfr29                       sfr29         0000
__Hsfr3                        sfr3          0000
__Hsfr30                       sfr30         0000
__Hsfr31                       sfr31         0000
__Hsfr4                        sfr4          0000
__Hsfr5                        sfr5          0000
__Hsfr6                        sfr6          0000
__Hsfr7                        sfr7          0000
__Hsfr8                        sfr8          0000
__Hsfr9                        sfr9          0000
__Hspace_0                     (abs)         10C1
__Hspace_1                     (abs)         03EC
__Hspace_2                     (abs)         0000
__Hspace_3                     (abs)         0000
__Hstack                       stack         0000
__Hstrings                     strings       0000
__Hstringtext1                 stringtext1   0000
__Hstringtext2                 stringtext2   0000
__Hstringtext3                 stringtext3   0000
__Hstringtext4                 stringtext4   0000
__Hstringtext5                 stringtext5   0000
__Hstringtext6                 stringtext6   0000
__Hstringtext7                 stringtext7   0000
__Hstringtext8                 stringtext8   0000
__Htext                        text          0000
__L_ad3nop_text                _ad3nop_text  0003
__Labs1                        abs1          0000
__Lbank0                       bank0         0000
__Lbank1                       bank1         0000
__Lbank10                      bank10        0000
__Lbank11                      bank11        0000
__Lbank12                      bank12        0000
__Lbank13                      bank13        0000
__Lbank14                      bank14        0000
__Lbank15                      bank15        0000
__Lbank16                      bank16        0000
__Lbank17                      bank17        0000
__Lbank18                      bank18        0000
__Lbank19                      bank19        0000
__Lbank2                       bank2         0000
__Lbank20                      bank20        0000
__Lbank21                      bank21        0000
__Lbank22                      bank22        0000
__Lbank23                      bank23        0000
__Lbank24                      bank24        0000
__Lbank25                      bank25        0000
__Lbank26                      bank26        0000
__Lbank27                      bank27        0000
__Lbank28                      bank28        0000
__Lbank29                      bank29        0000
__Lbank3                       bank3         0000
__Lbank30                      bank30        0000
__Lbank31                      bank31        0000
__Lbank4                       bank4         0000
__Lbank5                       bank5         0000
__Lbank6                       bank6         0000
__Lbank7                       bank7         0000
__Lbank8                       bank8         0000
__Lbank9                       bank9         0000
__Lbigram                      bigram        0000
__LbitbssBANK0hh               bitbssBANK0hh 0000
__LbitbssCOMMON                bitbssCOMMON  0000
__LbssBANK0hh                  bssBANK0hh    0000
__LbssBANK1                    bssBANK1      0000
__LbssBANK2                    bssBANK2      0000
__Lcinit                       cinit         0021
__Lclrtext                     clrtext       0000
__Lcode                        code          0000
__Lcommon                      common        0000
__Lconfig                      config        0000
__LcstackBANK0hh               cstackBANK0hh 0000
__LcstackCOMMON                cstackCOMMON  0000
__LdataBANK0hh                 dataBANK0hh   0000
__LdataBANK1                   dataBANK1     0000
__Leeprom_data                 eeprom_data   0000
__Lend_init                    end_init      001F
__Lfunctab                     functab       0000
__LidataBANK0hh                idataBANK0hh  0000
__LidataBANK1                  idataBANK1    0000
__Lidloc                       idloc         0000
__Linit                        init          001F
__Lintentry                    intentry      0004
__Lmaintext                    maintext      0000
__Lpa_nodes0                   pa_nodes0     0000
__Lpowerup                     powerup       0000
__Lram                         ram           0000
__Lreset_vec                   reset_vec     0000
__Lsfr0                        sfr0          0000
__Lsfr1                        sfr1          0000
__Lsfr10                       sfr10         0000
__Lsfr11                       sfr11         0000
__Lsfr12                       sfr12         0000
__Lsfr13                       sfr13         0000
__Lsfr14                       sfr14         0000
__Lsfr15                       sfr15         0000
__Lsfr16                       sfr16         0000
__Lsfr17                       sfr17         0000
__Lsfr18                       sfr18         0000
__Lsfr19                       sfr19         0000
__Lsfr2                        sfr2          0000
__Lsfr20                       sfr20         0000
__Lsfr21                       sfr21         0000
__Lsfr22                       sfr22         0000
__Lsfr23                       sfr23         0000
__Lsfr24                       sfr24         0000
__Lsfr25                       sfr25         0000
__Lsfr26                       sfr26         0000
__Lsfr27                       sfr27         0000
__Lsfr28                       sfr28         0000
__Lsfr29                       sfr29         0000
__Lsfr3                        sfr3          0000
__Lsfr30                       sfr30         0000
__Lsfr31                       sfr31         0000
__Lsfr4                        sfr4          0000
__Lsfr5                        sfr5          0000
__Lsfr6                        sfr6          0000
__Lsfr7                        sfr7          0000
__Lsfr8                        sfr8          0000
__Lsfr9                        sfr9          0000
__Lspace_0                     (abs)         0000
__Lspace_1                     (abs)         0000
__Lspace_2                     (abs)         0000
__Lspace_3                     (abs)         0000
__Lstack                       stack         0000
__Lstrings                     strings       0000
__Lstringtext1                 stringtext1   0000
__Lstringtext2                 stringtext2   0000
__Lstringtext3                 stringtext3   0000
__Lstringtext4                 stringtext4   0000
__Lstringtext5                 stringtext5   0000
__Lstringtext6                 stringtext6   0000
__Lstringtext7                 stringtext7   0000
__Lstringtext8                 stringtext8   0000
__Ltext                        text          0000
__S0                           (abs)         10C1
__S1                           (abs)         015C
__S2                           (abs)         0000
__S3                           (abs)         0000
___awdiv                       cinit         040A
___awdiv@counter               cstackCOMMON  0076
___awdiv@dividend              cstackCOMMON  0074
___awdiv@divisor               cstackCOMMON  0072
___awdiv@quotient              cstackCOMMON  0078
___awdiv@sign                  cstackCOMMON  0077
___int_sp                      stack         0000
___latbits                     (abs)         0002
___sp                          stack         0000
___wmul                        text5         0E19
___wmul@multiplicand           cstackCOMMON  0074
___wmul@multiplier             cstackCOMMON  0072
___wmul@product                cstackCOMMON  0076
__end_ofPL10                   cinit         0478
__end_ofPL100                  cinit         05BC
__end_ofPL102                  text5         0FF6
__end_ofPL104                  text5         0FFB
__end_ofPL106                  text5         1000
__end_ofPL12                   cinit         0498
__end_ofPL14                   cinit         04B7
__end_ofPL16                   cinit         04E3
__end_ofPL18                   text5         0EDE
__end_ofPL2                    cinit         0458
__end_ofPL20                   cinit         050D
__end_ofPL22                   cinit         0535
__end_ofPL24                   text5         0F0B
__end_ofPL26                   text5         0F11
__end_ofPL28                   text5         0F1E
__end_ofPL30                   text5         0F2B
__end_ofPL32                   text5         0F30
__end_ofPL34                   text5         0F39
__end_ofPL36                   text5         0F3F
__end_ofPL38                   text5         0F5D
__end_ofPL4                    text5         0EA4
__end_ofPL40                   cinit         054D
__end_ofPL42                   cinit         0555
__end_ofPL44                   cinit         0564
__end_ofPL46                   text5         0F68
__end_ofPL48                   text5         0F6F
__end_ofPL50                   cinit         056B
__end_ofPL52                   text5         0F81
__end_ofPL54                   text5         0F8C
__end_ofPL56                   cinit         0579
__end_ofPL58                   cinit         0589
__end_ofPL6                    text5         0EBA
__end_ofPL60                   cinit         0597
__end_ofPL62                   text5         0F9A
__end_ofPL64                   text5         0F9F
__end_ofPL66                   text5         0FA6
__end_ofPL68                   cinit         059D
__end_ofPL70                   text5         0FB2
__end_ofPL72                   text5         0FB7
__end_ofPL74                   cinit         05A2
__end_ofPL76                   text5         0FC1
__end_ofPL78                   text5         0FC7
__end_ofPL8                    text5         0EC0
__end_ofPL80                   text5         0FCD
__end_ofPL82                   text5         0FD6
__end_ofPL84                   text5         0FDF
__end_ofPL86                   text5         0FE5
__end_ofPL88                   text5         0FEB
__end_ofPL90                   cinit         05A8
__end_ofPL92                   text5         0FF1
__end_ofPL94                   cinit         05AE
__end_ofPL96                   cinit         05B3
__end_ofPL98                   cinit         05B8
__end_of_ACTIVE_SENSOR_DELTA   stringtext2   10B4
__end_of_DIV                   cinit         040A
__end_of_DataProcessing        text5         0E19
__end_of_FWHEELSILERB          stringtext4   10BC
__end_of_HighFreqCo            text5         0E89
__end_of_INACTIVE_SENSOR_DELTA stringtext1   105A
__end_of_IO_TOUCH_ATTR1        stringtext5   10BE
__end_of_ISR                   intentry      001F
__end_of_LONGKEYPROTECT1       stringtext8   10C1
__end_of_MxSet013              text4         05CA
__end_of_PRIMARYKEY11          stringtext7   10C0
__end_of_ReadTouchData         cinit         0279
__end_of_SCANNINGTIME1         stringtext6   10BF
__end_of_SWHEELSILERB          stringtext3   10B8
__end_of_StartHigeFreq         cinit         03B1
__end_of_SysInit               cinit         00E9
__end_of_Time4Initial          cinit         00FA
__end_of_TouchInit             cinit         03C9
__end_of_TouchInital           cinit         0157
__end_of_TouchKeyScan          cinit         0197
__end_of___awdiv               cinit         044A
__end_of___wmul                text5         0E2E
__end_of__initialization       cinit         005C
__end_of_ad3nop                _ad3nop_text  0004
__end_of_main                  cinit         00D4
__end_of_user_isr              text15        05E0
__initialization               cinit         0021
__p_ad3nop_text                _ad3nop_text  0003
__pbitbssBANK0hh               bitbssBANK0hh 02B8
__pbitbssCOMMON                bitbssCOMMON  03E8
__pbssBANK0hh                  bssBANK0hh    0041
__pbssBANK1                    bssBANK1      00A0
__pbssBANK2                    bssBANK2      0120
__pbssBIGRAM                   (abs)         2300
__pcstackBANK0hh               cstackBANK0hh 002B
__pcstackCOMMON                cstackCOMMON  0072
__pdataBANK0hh                 dataBANK0hh   0053
__pdataBANK1                   dataBANK1     00E7
__pidataBANK0hh                idataBANK0hh  0000
__pidataBANK1                  idataBANK1    0000
__pintentry                    intentry      0004
__pmaintext                    cinit         005F
__pstringtext1                 stringtext1   1000
__pstringtext2                 stringtext2   105A
__pstringtext3                 stringtext3   10B4
__pstringtext4                 stringtext4   10B8
__pstringtext5                 stringtext5   10BC
__pstringtext6                 stringtext6   10BE
__pstringtext7                 stringtext7   10BF
__pstringtext8                 stringtext8   10C0
__ptext1                       cinit         040A
__ptext10                      text5         0E2E
__ptext11                      cinit         00FA
__ptext12                      cinit         00E9
__ptext13                      cinit         00D4
__ptext15                      text15        05D6
__ptext2                       cinit         0157
__ptext3                       cinit         0197
__ptext4                       text4         05BC
__ptext5                       text5         0A32
__ptext6                       text5         0E19
__ptext7                       cinit         0279
__ptext8                       cinit         03B1
__ptext9                       cinit         03C9
__size_of_DIV                  (abs)         0000
__size_of_DataProcessing       (abs)         0000
__size_of_HighFreqCo           (abs)         0000
__size_of_ISR                  (abs)         0000
__size_of_MxSet013             (abs)         0000
__size_of_ReadTouchData        (abs)         0000
__size_of_StartHigeFreq        (abs)         0000
__size_of_SysInit              (abs)         0000
__size_of_Time4Initial         (abs)         0000
__size_of_TouchInit            (abs)         0000
__size_of_TouchInital          (abs)         0000
__size_of_TouchKeyScan         (abs)         0000
__size_of___awdiv              (abs)         0000
__size_of___wmul               (abs)         0000
__size_of_main                 (abs)         0000
__size_of_user_isr             (abs)         0000
_ad3nop                        _ad3nop_text  0003
_ad3nop_absaddr                (abs)         0003
_fmd_AntiWaterBit              bssBANK1      00E5
_fmd_DownDataTime              dataBANK1     00E7
_fmd_DownTouchCount            dataBANK0hh   0053
_fmd_HfreqOn                   bssBANK1      00D8
_fmd_KeyBuffPress              bssBANK1      00E1
_fmd_KeyBuffUnPress            bssBANK1      00E0
_fmd_KeyDValue_Key             bssBANK1      00CE
_fmd_KeyDValue_Key_base        bssBANK1      00CA
_fmd_KeyDValue_Key_baseBuff    bssBANK1      00C6
_fmd_Keystatus                 bssBANK1      00D4
_fmd_Keystatus1                bssBANK0hh    0047
_fmd_Keystatus2                bssBANK1      00D2
_fmd_Null0                     (abs)         0020
_fmd_Null1                     (abs)         0023
_fmd_Null2                     (abs)         0024
_fmd_Null3                     (abs)         002A
_fmd_OriginalData              (abs)         0021
_fmd_PressOff                  bssBANK1      00DA
_fmd_PressOffCount             bssBANK1      00D9
_fmd_ReferenceData             (abs)         0025
_fmd_ResultData                (abs)         0027
_fmd_ResultDataH               (abs)         0029
_fmd_Startgx                   bssBANK1      00D6
_fmd_TestCount                 bssBANK1      00DB
_fmd_TouchDataBuff_Key         bssBANK1      00BE
_fmd_UpDataTime                dataBANK1     00E9
_fmd_UpTouchCount              dataBANK0hh   0055
_fmd_a                         bssBANK1      00E6
_fmd_a1                        bssBANK1      00DF
_fmd_a2                        bssBANK0hh    0050
_fmd_a3                        bssBANK1      00DE
_fmd_antishaketimecount        bssBANK1      00E3
_fmd_antishaketimecount1       bssBANK1      00E2
_fmd_channels                  bssBANK0hh    0052
_fmd_currentCount              bssBANK1      00DC
_fmd_f_firstdown               bitbssCOMMON  03EB
_fmd_f_firstloop               bitbssCOMMON  03EA
_fmd_f_forbidden               bitbssCOMMON  03E8
_fmd_f_keydown_flag            bitbssBANK0hh 02B8
_fmd_f_main_key                bitbssCOMMON  03E9
_fmd_nodownavrdata_Key         (abs)         2378
_fmd_nodownsum_Key             (abs)         2300
_fmd_theUsedChannel            bssBANK1      00A0
_fmd_thedeathcount             bssBANK0hh    0045
_fmd_thedeathcount1            bssBANK0hh    0043
_fmd_thedeathcount2            bssBANK0hh    0041
_fmd_u                         bssBANK1      00DD
_fmd_updataChannel             bssBANK1      00AF
_fmd_updataFlag                bssBANK0hh    004F
_fmd_x                         bssBANK1      00D7
_lastkey                       bssBANK0hh    004B
_main                          cinit         005F
_power_index                   bssBANK0hh    0051
_readKeyNum                    bssBANK0hh    004D
_user_isr                      text15        05D6
btemp                          (abs)         007E
clear_ram0                     clrtext       05CA
end_of_initialization          cinit         005C
int$flags                      (abs)         007E
intlevel0                      functab       0000
intlevel1                      functab       0000
intlevel2                      functab       0000
intlevel3                      functab       0000
intlevel4                      functab       0000
intlevel5                      functab       0000
reset_vec                      reset_vec     0000
stackhi                        (abs)         22FF
stacklo                        (abs)         20DC
start                          init          001F
start_initialization           cinit         0021
wtemp0                         (abs)         007E


FUNCTION INFORMATION:

 *************** function _main *****************
 Defined at:
		line 175 in file "main.c"
 Parameters:    Size  Location     Type
		None
 Auto vars:     Size  Location     Type
		None
 Return value:  Size  Location     Type
                  1    wreg      void 
 Registers used:
		wreg, fsr0l, fsr0h, fsr1l, fsr1h, status,2, status,0, pclath, cstack
 Tracked objects:
		On entry : 
		On exit  : 
		Unchanged: 
 Data sizes:     COMMON BANK0hh   BANK1   BANK2   BANK3   BANK4   BANK5   BANK6   BANK7   BANK8   BANK9  BANK10  BANK11  BANK12
      Params:         0       0       0       0       0       0       0       0       0       0       0       0       0       0
      Locals:         0       0       0       0       0       0       0       0       0       0       0       0       0       0
      Temps:          0       0       0       0       0       0       0       0       0       0       0       0       0       0
      Totals:         0       0       0       0       0       0       0       0       0       0       0       0       0       0
Total ram usage:        0 bytes
 Hardware stack levels required when called:    7
 This function calls:
		_SysInit
		_Time4Initial
		_TouchInital
		_TouchKeyScan
		___awdiv
 This function is called by:
		Startup code after reset
 This function uses a non-reentrant model


 *************** function ___awdiv *****************
 Defined at:
		line 6 in file "C:\Program Files (x86)\CCompiler\Compiler\data\sources\common\awdiv.c"
 Parameters:    Size  Location     Type
  divisor         2    0[COMMON] int 
  dividend        2    2[COMMON] int 
 Auto vars:     Size  Location     Type
  quotient        2    6[COMMON] int 
  sign            1    5[COMMON] unsigned char 
  counter         1    4[COMMON] unsigned char 
 Return value:  Size  Location     Type
                  2    0[COMMON] int 
 Registers used:
		wreg, status,2, status,0
 Tracked objects:
		On entry : 
		On exit  : 
		Unchanged: 
 Data sizes:     COMMON BANK0hh   BANK1   BANK2   BANK3   BANK4   BANK5   BANK6   BANK7   BANK8   BANK9  BANK10  BANK11  BANK12
      Params:         4       0       0       0       0       0       0       0       0       0       0       0       0       0
      Locals:         4       0       0       0       0       0       0       0       0       0       0       0       0       0
      Temps:          0       0       0       0       0       0       0       0       0       0       0       0       0       0
      Totals:         8       0       0       0       0       0       0       0       0       0       0       0       0       0
Total ram usage:        8 bytes
 Hardware stack levels used:    1
 Hardware stack levels required when called:    2
 This function calls:
		Nothing
 This function is called by:
		_main
 This function uses a non-reentrant model


 *************** function _TouchKeyScan *****************
 Defined at:
		line 1406 in file "TOUCH.C"
 Parameters:    Size  Location     Type
		None
 Auto vars:     Size  Location     Type
		None
 Return value:  Size  Location     Type
                  2   20[BANK0h] unsigned int 
 Registers used:
		wreg, fsr0l, fsr0h, fsr1l, fsr1h, status,2, status,0, pclath, cstack
 Tracked objects:
		On entry : 
		On exit  : 
		Unchanged: 
 Data sizes:     COMMON BANK0hh   BANK1   BANK2   BANK3   BANK4   BANK5   BANK6   BANK7   BANK8   BANK9  BANK10  BANK11  BANK12
      Params:         0       2       0       0       0       0       0       0       0       0       0       0       0       0
      Locals:         0       0       0       0       0       0       0       0       0       0       0       0       0       0
      Temps:          0       0       0       0       0       0       0       0       0       0       0       0       0       0
      Totals:         0       2       0       0       0       0       0       0       0       0       0       0       0       0
Total ram usage:        2 bytes
 Hardware stack levels used:    1
 Hardware stack levels required when called:    6
 This function calls:
		_ReadTouchData
 This function is called by:
		_main
 This function uses a non-reentrant model


 *************** function _ReadTouchData *****************
 Defined at:
		line 495 in file "TOUCH.C"
 Parameters:    Size  Location     Type
		None
 Auto vars:     Size  Location     Type
		None
 Return value:  Size  Location     Type
                  1    wreg      void 
 Registers used:
		wreg, fsr0l, fsr0h, fsr1l, fsr1h, status,2, status,0, pclath, cstack
 Tracked objects:
		On entry : 
		On exit  : 
		Unchanged: 
 Data sizes:     COMMON BANK0hh   BANK1   BANK2   BANK3   BANK4   BANK5   BANK6   BANK7   BANK8   BANK9  BANK10  BANK11  BANK12
      Params:         0       0       0       0       0       0       0       0       0       0       0       0       0       0
      Locals:         0       0       0       0       0       0       0       0       0       0       0       0       0       0
      Temps:          4       0       0       0       0       0       0       0       0       0       0       0       0       0
      Totals:         4       0       0       0       0       0       0       0       0       0       0       0       0       0
Total ram usage:        4 bytes
 Hardware stack levels used:    1
 Hardware stack levels required when called:    5
 This function calls:
		_DIV
		_DataProcessing
		_MxSet013
		_StartHigeFreq
		_TouchInit
 This function is called by:
		_TouchKeyScan
 This function uses a non-reentrant model


 *************** function _MxSet013 *****************
 Defined at:
		line 296 in file "TOUCH.C"
 Parameters:    Size  Location     Type
  a               1    wreg     unsigned char 
 Auto vars:     Size  Location     Type
  a               1    0[COMMON] unsigned char 
 Return value:  Size  Location     Type
                  1    wreg      void 
 Registers used:
		wreg
 Tracked objects:
		On entry : 
		On exit  : 
		Unchanged: 
 Data sizes:     COMMON BANK0hh   BANK1   BANK2   BANK3   BANK4   BANK5   BANK6   BANK7   BANK8   BANK9  BANK10  BANK11  BANK12
      Params:         0       0       0       0       0       0       0       0       0       0       0       0       0       0
      Locals:         1       0       0       0       0       0       0       0       0       0       0       0       0       0
      Temps:          0       0       0       0       0       0       0       0       0       0       0       0       0       0
      Totals:         1       0       0       0       0       0       0       0       0       0       0       0       0       0
Total ram usage:        1 bytes
 Hardware stack levels used:    1
 Hardware stack levels required when called:    2
 This function calls:
		Nothing
 This function is called by:
		_ReadTouchData
 This function uses a non-reentrant model


 *************** function _DataProcessing *****************
 Defined at:
		line 1059 in file "TOUCH.C"
 Parameters:    Size  Location     Type
		None
 Auto vars:     Size  Location     Type
		None
 Return value:  Size  Location     Type
                  1    wreg      void 
 Registers used:
		wreg, fsr0l, fsr0h, fsr1l, fsr1h, status,2, status,0, pclath, cstack
 Tracked objects:
		On entry : 
		On exit  : 
		Unchanged: 
 Data sizes:     COMMON BANK0hh   BANK1   BANK2   BANK3   BANK4   BANK5   BANK6   BANK7   BANK8   BANK9  BANK10  BANK11  BANK12
      Params:         0       0       0       0       0       0       0       0       0       0       0       0       0       0
      Locals:         0       0       0       0       0       0       0       0       0       0       0       0       0       0
      Temps:          0      20       0       0       0       0       0       0       0       0       0       0       0       0
      Totals:         0      20       0       0       0       0       0       0       0       0       0       0       0       0
Total ram usage:       20 bytes
 Hardware stack levels used:    1
 Hardware stack levels required when called:    4
 This function calls:
		_DIV
		_HighFreqCo
		_StartHigeFreq
		___wmul
 This function is called by:
		_ReadTouchData
 This function uses a non-reentrant model


 *************** function ___wmul *****************
 Defined at:
		line 15 in file "C:\Program Files (x86)\CCompiler\Compiler\data\sources\common\Umul16.c"
 Parameters:    Size  Location     Type
  multiplier      2    0[COMMON] unsigned int 
  multiplicand    2    2[COMMON] unsigned int 
 Auto vars:     Size  Location     Type
  product         2    4[COMMON] unsigned int 
 Return value:  Size  Location     Type
                  2    0[COMMON] unsigned int 
 Registers used:
		wreg, status,2, status,0
 Tracked objects:
		On entry : 
		On exit  : 
		Unchanged: 
 Data sizes:     COMMON BANK0hh   BANK1   BANK2   BANK3   BANK4   BANK5   BANK6   BANK7   BANK8   BANK9  BANK10  BANK11  BANK12
      Params:         4       0       0       0       0       0       0       0       0       0       0       0       0       0
      Locals:         2       0       0       0       0       0       0       0       0       0       0       0       0       0
      Temps:          0       0       0       0       0       0       0       0       0       0       0       0       0       0
      Totals:         6       0       0       0       0       0       0       0       0       0       0       0       0       0
Total ram usage:        6 bytes
 Hardware stack levels used:    1
 Hardware stack levels required when called:    2
 This function calls:
		Nothing
 This function is called by:
		_DataProcessing
 This function uses a non-reentrant model


 *************** function _StartHigeFreq *****************
 Defined at:
		line 308 in file "TOUCH.C"
 Parameters:    Size  Location     Type
  a               1    wreg     unsigned char 
 Auto vars:     Size  Location     Type
  a               1    5[COMMON] unsigned char 
 Return value:  Size  Location     Type
                  1    wreg      void 
 Registers used:
		wreg, fsr1l, fsr1h, status,2, status,0, pclath, cstack
 Tracked objects:
		On entry : 
		On exit  : 
		Unchanged: 
 Data sizes:     COMMON BANK0hh   BANK1   BANK2   BANK3   BANK4   BANK5   BANK6   BANK7   BANK8   BANK9  BANK10  BANK11  BANK12
      Params:         0       0       0       0       0       0       0       0       0       0       0       0       0       0
      Locals:         1       0       0       0       0       0       0       0       0       0       0       0       0       0
      Temps:          4       0       0       0       0       0       0       0       0       0       0       0       0       0
      Totals:         5       0       0       0       0       0       0       0       0       0       0       0       0       0
Total ram usage:        5 bytes
 Hardware stack levels used:    1
 Hardware stack levels required when called:    3
 This function calls:
		_DIV
		_TouchInit
 This function is called by:
		_ReadTouchData
		_DataProcessing
 This function uses a non-reentrant model


 *************** function _TouchInit *****************
 Defined at:
		line 202 in file "TOUCH.C"
 Parameters:    Size  Location     Type
  Time            1    wreg     unsigned char 
 Auto vars:     Size  Location     Type
  Time            1    0[COMMON] unsigned char 
 Return value:  Size  Location     Type
                  1    wreg      void 
 Registers used:
		wreg, status,2
 Tracked objects:
		On entry : 
		On exit  : 
		Unchanged: 
 Data sizes:     COMMON BANK0hh   BANK1   BANK2   BANK3   BANK4   BANK5   BANK6   BANK7   BANK8   BANK9  BANK10  BANK11  BANK12
      Params:         0       0       0       0       0       0       0       0       0       0       0       0       0       0
      Locals:         1       0       0       0       0       0       0       0       0       0       0       0       0       0
      Temps:          0       0       0       0       0       0       0       0       0       0       0       0       0       0
      Totals:         1       0       0       0       0       0       0       0       0       0       0       0       0       0
Total ram usage:        1 bytes
 Hardware stack levels used:    1
 Hardware stack levels required when called:    2
 This function calls:
		Nothing
 This function is called by:
		_StartHigeFreq
		_ReadTouchData
 This function uses a non-reentrant model


 *************** function _DIV *****************
 Defined at:
		line 113 in file "TOUCH.C"
 Parameters:    Size  Location     Type
		None
 Auto vars:     Size  Location     Type
		None
 Return value:  Size  Location     Type
                  1    wreg      void 
 Registers used:
		None
 Tracked objects:
		On entry : 
		On exit  : 
		Unchanged: 
 Data sizes:     COMMON BANK0hh   BANK1   BANK2   BANK3   BANK4   BANK5   BANK6   BANK7   BANK8   BANK9  BANK10  BANK11  BANK12
      Params:         0       0       0       0       0       0       0       0       0       0       0       0       0       0
      Locals:         0       0       0       0       0       0       0       0       0       0       0       0       0       0
      Temps:          0       0       0       0       0       0       0       0       0       0       0       0       0       0
      Totals:         0       0       0       0       0       0       0       0       0       0       0       0       0       0
Total ram usage:        0 bytes
 Hardware stack levels used:    1
 Hardware stack levels required when called:    2
 This function calls:
		Nothing
 This function is called by:
		_StartHigeFreq
		_ReadTouchData
		_DataProcessing
 This function uses a non-reentrant model


 *************** function _HighFreqCo *****************
 Defined at:
		line 1023 in file "TOUCH.C"
 Parameters:    Size  Location     Type
  a               1    wreg     unsigned char 
 Auto vars:     Size  Location     Type
  a               1    6[COMMON] unsigned char 
 Return value:  Size  Location     Type
                  1    wreg      void 
 Registers used:
		wreg, fsr0l, fsr0h, fsr1l, fsr1h, status,2, status,0
 Tracked objects:
		On entry : 
		On exit  : 
		Unchanged: 
 Data sizes:     COMMON BANK0hh   BANK1   BANK2   BANK3   BANK4   BANK5   BANK6   BANK7   BANK8   BANK9  BANK10  BANK11  BANK12
      Params:         0       0       0       0       0       0       0       0       0       0       0       0       0       0
      Locals:         1       0       0       0       0       0       0       0       0       0       0       0       0       0
      Temps:          6       0       0       0       0       0       0       0       0       0       0       0       0       0
      Totals:         7       0       0       0       0       0       0       0       0       0       0       0       0       0
Total ram usage:        7 bytes
 Hardware stack levels used:    1
 Hardware stack levels required when called:    2
 This function calls:
		Nothing
 This function is called by:
		_DataProcessing
 This function uses a non-reentrant model


 *************** function _TouchInital *****************
 Defined at:
		line 229 in file "TOUCH.C"
 Parameters:    Size  Location     Type
		None
 Auto vars:     Size  Location     Type
		None
 Return value:  Size  Location     Type
                  1    wreg      void 
 Registers used:
		wreg, fsr0l, fsr0h, fsr1l, fsr1h, status,2, status,0, pclath
 Tracked objects:
		On entry : 
		On exit  : 
		Unchanged: 
 Data sizes:     COMMON BANK0hh   BANK1   BANK2   BANK3   BANK4   BANK5   BANK6   BANK7   BANK8   BANK9  BANK10  BANK11  BANK12
      Params:         0       0       0       0       0       0       0       0       0       0       0       0       0       0
      Locals:         0       0       0       0       0       0       0       0       0       0       0       0       0       0
      Temps:          2       0       0       0       0       0       0       0       0       0       0       0       0       0
      Totals:         2       0       0       0       0       0       0       0       0       0       0       0       0       0
Total ram usage:        2 bytes
 Hardware stack levels used:    1
 Hardware stack levels required when called:    2
 This function calls:
		Nothing
 This function is called by:
		_main
 This function uses a non-reentrant model


 *************** function _Time4Initial *****************
 Defined at:
		line 103 in file "main.c"
 Parameters:    Size  Location     Type
		None
 Auto vars:     Size  Location     Type
		None
 Return value:  Size  Location     Type
                  1    wreg      void 
 Registers used:
		wreg, status,2, status,0
 Tracked objects:
		On entry : 
		On exit  : 
		Unchanged: 
 Data sizes:     COMMON BANK0hh   BANK1   BANK2   BANK3   BANK4   BANK5   BANK6   BANK7   BANK8   BANK9  BANK10  BANK11  BANK12
      Params:         0       0       0       0       0       0       0       0       0       0       0       0       0       0
      Locals:         0       0       0       0       0       0       0       0       0       0       0       0       0       0
      Temps:          0       0       0       0       0       0       0       0       0       0       0       0       0       0
      Totals:         0       0       0       0       0       0       0       0       0       0       0       0       0       0
Total ram usage:        0 bytes
 Hardware stack levels used:    1
 Hardware stack levels required when called:    2
 This function calls:
		Nothing
 This function is called by:
		_main
 This function uses a non-reentrant model


 *************** function _SysInit *****************
 Defined at:
		line 84 in file "main.c"
 Parameters:    Size  Location     Type
		None
 Auto vars:     Size  Location     Type
		None
 Return value:  Size  Location     Type
                  1    wreg      void 
 Registers used:
		wreg, status,2
 Tracked objects:
		On entry : 
		On exit  : 
		Unchanged: 
 Data sizes:     COMMON BANK0hh   BANK1   BANK2   BANK3   BANK4   BANK5   BANK6   BANK7   BANK8   BANK9  BANK10  BANK11  BANK12
      Params:         0       0       0       0       0       0       0       0       0       0       0       0       0       0
      Locals:         0       0       0       0       0       0       0       0       0       0       0       0       0       0
      Temps:          0       0       0       0       0       0       0       0       0       0       0       0       0       0
      Totals:         0       0       0       0       0       0       0       0       0       0       0       0       0       0
Total ram usage:        0 bytes
 Hardware stack levels used:    1
 Hardware stack levels required when called:    2
 This function calls:
		Nothing
 This function is called by:
		_main
 This function uses a non-reentrant model


 *************** function _ISR *****************
 Defined at:
		line 35 in file "main.c"
 Parameters:    Size  Location     Type
		None
 Auto vars:     Size  Location     Type
		None
 Return value:  Size  Location     Type
                  1    wreg      void 
 Registers used:
		status,2, status,0, pclath, cstack
 Tracked objects:
		On entry : 
		On exit  : 
		Unchanged: 
 Data sizes:     COMMON BANK0hh   BANK1   BANK2   BANK3   BANK4   BANK5   BANK6   BANK7   BANK8   BANK9  BANK10  BANK11  BANK12
      Params:         0       0       0       0       0       0       0       0       0       0       0       0       0       0
      Locals:         0       0       0       0       0       0       0       0       0       0       0       0       0       0
      Temps:          0       0       0       0       0       0       0       0       0       0       0       0       0       0
      Totals:         0       0       0       0       0       0       0       0       0       0       0       0       0       0
Total ram usage:        0 bytes
 Hardware stack levels used:    1
 Hardware stack levels required when called:    1
 This function calls:
		_user_isr
 This function is called by:
		Interrupt level 1
 This function uses a non-reentrant model


 *************** function _user_isr *****************
 Defined at:
		line 69 in file "main.c"
 Parameters:    Size  Location     Type
		None
 Auto vars:     Size  Location     Type
		None
 Return value:  Size  Location     Type
                  1    wreg      void 
 Registers used:
		status,2, status,0
 Tracked objects:
		On entry : 
		On exit  : 
		Unchanged: 
 Data sizes:     COMMON BANK0hh   BANK1   BANK2   BANK3   BANK4   BANK5   BANK6   BANK7   BANK8   BANK9  BANK10  BANK11  BANK12
      Params:         0       0       0       0       0       0       0       0       0       0       0       0       0       0
      Locals:         0       0       0       0       0       0       0       0       0       0       0       0       0       0
      Temps:          0       0       0       0       0       0       0       0       0       0       0       0       0       0
      Totals:         0       0       0       0       0       0       0       0       0       0       0       0       0       0
Total ram usage:        0 bytes
 Hardware stack levels used:    1
 This function calls:
		Nothing
 This function is called by:
		_ISR
 This function uses a non-reentrant model



MODULE INFORMATION

Module		Function		Class		Link	Load	Size
C:\Program Files (x86)\CCompiler\Compiler\data\sources\common\awdiv.c
		___awdiv       		CODE           	040A	0000	65

C:\Program Files (x86)\CCompiler\Compiler\data\sources\common\awdiv.c estimated size: 65

C:\Program Files (x86)\CCompiler\Compiler\data\sources\common\Umul16.c
		___wmul        		CODE           	0E19	0000	22

C:\Program Files (x86)\CCompiler\Compiler\data\sources\common\Umul16.c estimated size: 22

TOUCH.C
		_DIV           		CODE           	03C9	0000	66
		_TouchKeyScan  		CODE           	0157	0000	65
		_ReadTouchData 		CODE           	0197	0000	227
		_HighFreqCo    		CODE           	0E2E	0000	92
		_StartHigeFreq 		CODE           	0279	0000	313
		_TouchInit     		CODE           	03B1	0000	25
		_TouchInital   		CODE           	00FA	0000	94
		_DataProcessing		CODE           	0A32	0000	1000
		_MxSet013      		CODE           	05BC	0000	15

TOUCH.C estimated size: 1897

shared
		PL12           		CODE           	0478	0000	33
		PL50           		CODE           	0564	0000	8
		PL8            		CODE           	0EBA	0000	7
		_SWHEELSILERB  		STRCODE        	10B4	0000	5
		PL22           		CODE           	050D	0000	41
		PL60           		CODE           	0589	0000	15
		PL100          		CODE           	05B8	0000	5
		PL32           		CODE           	0F2B	0000	6
		PL70           		CODE           	0FA6	0000	13
		PL42           		CODE           	054D	0000	9
		PL80           		CODE           	0FC7	0000	7
		PL14           		CODE           	0498	0000	32
		PL52           		CODE           	0F6F	0000	19
		PL90           		CODE           	05A2	0000	7
		_PRIMARYKEY11  		STRCODE        	0000	0000	0
		PL24           		CODE           	0EDE	0000	46
		PL62           		CODE           	0F8C	0000	15
		PL34           		CODE           	0F30	0000	10
		PL72           		CODE           	0FB2	0000	6
		PL44           		CODE           	0555	0000	16
		PL82           		CODE           	0FCD	0000	10
		_SCANNINGTIME1 		STRCODE        	0000	0000	0
		PL16           		CODE           	04B7	0000	45
		PL54           		CODE           	0F81	0000	12
		PL92           		CODE           	0FEB	0000	7
		_ACTIVE_SENSOR_DELTA		STRCODE        	105A	0000	91
		PL26           		CODE           	0F0B	0000	7
		PL64           		CODE           	0F9A	0000	6
		PL102          		CODE           	0FF1	0000	6
		PL36           		CODE           	0F39	0000	7
		PL74           		CODE           	059D	0000	6
		PL46           		CODE           	0F5D	0000	12
		PL84           		CODE           	0FD6	0000	10
		_LONGKEYPROTECT1		STRCODE        	0000	0000	0
		PL18           		CODE           	0EC0	0000	31
		PL56           		CODE           	056B	0000	15
		PL94           		CODE           	05A8	0000	7
		PL28           		CODE           	0F11	0000	14
		PL66           		CODE           	0F9F	0000	8
		PL38           		CODE           	0F3F	0000	31
		PL76           		CODE           	0FB7	0000	11
		PL48           		CODE           	0F68	0000	8
		PL86           		CODE           	0FDF	0000	7
		PL58           		CODE           	0579	0000	17
		PL96           		CODE           	05AE	0000	6
		PL68           		CODE           	0597	0000	7
		PL104          		CODE           	0FF6	0000	6
		PL78           		CODE           	0FC1	0000	7
		PL88           		CODE           	0FE5	0000	7
		PL98           		CODE           	05B3	0000	6
		__initialization		CODE           	0021	0000	60
		_ad3nop        		CODE           	0003	0000	2
		PL106          		CODE           	0FFB	0000	6
		_INACTIVE_SENSOR_DELTA		STRCODE        	1000	0000	91
		PL2            		CODE           	044A	0000	15
		_FWHEELSILERB  		STRCODE        	10B8	0000	5
		PL10           		CODE           	0458	0000	33
		PL4            		CODE           	0E89	0000	28
		PL20           		CODE           	04E3	0000	43
		_IO_TOUCH_ATTR1		STRCODE        	0000	0000	0
		PL30           		CODE           	0F1E	0000	14
		PL6            		CODE           	0EA4	0000	23
		PL40           		CODE           	0535	0000	25

shared estimated size: 1052

main.c
		_ISR           		CODE           	0004	0000	28
		_main          		CODE           	005F	0000	118
		_Time4Initial  		CODE           	00E9	0000	18
		_user_isr      		CODE           	05D6	0000	11
		_SysInit       		CODE           	00D4	0000	22

main.c estimated size: 197

