###############################################################################
#
# IAR ELF Linker V9.10.2.313/W64 for ARM                  12/Oct/2025  13:01:42
# Copyright 2007-2021 IAR Systems AB.
#
#    Output file  =
#        C:\Users\Zagros\Desktop\STM\CODE\AM2302\EWARM\AM2302\Exe\AM2302.out
#    Map file     =
#        C:\Users\Zagros\Desktop\STM\CODE\AM2302\EWARM\AM2302\List\AM2302.map
#    Command line =
#        -f
#        C:\Users\Zagros\Desktop\STM\CODE\AM2302\EWARM\AM2302\Exe\AM2302.out.rsp
#        (C:\Users\Zagros\Desktop\STM\CODE\AM2302\EWARM\AM2302\Obj\Application\User\Core\AM2302.o
#        C:\Users\Zagros\Desktop\STM\CODE\AM2302\EWARM\AM2302\Obj\Application\User\Core\main.o
#        C:\Users\Zagros\Desktop\STM\CODE\AM2302\EWARM\AM2302\Obj\Application\EWARM\startup_stm32f103xb.o
#        C:\Users\Zagros\Desktop\STM\CODE\AM2302\EWARM\AM2302\Obj\Drivers\STM32F1xx_HAL_Driver\stm32f1xx_hal.o
#        C:\Users\Zagros\Desktop\STM\CODE\AM2302\EWARM\AM2302\Obj\Drivers\STM32F1xx_HAL_Driver\stm32f1xx_hal_cortex.o
#        C:\Users\Zagros\Desktop\STM\CODE\AM2302\EWARM\AM2302\Obj\Drivers\STM32F1xx_HAL_Driver\stm32f1xx_hal_dma.o
#        C:\Users\Zagros\Desktop\STM\CODE\AM2302\EWARM\AM2302\Obj\Drivers\STM32F1xx_HAL_Driver\stm32f1xx_hal_exti.o
#        C:\Users\Zagros\Desktop\STM\CODE\AM2302\EWARM\AM2302\Obj\Drivers\STM32F1xx_HAL_Driver\stm32f1xx_hal_flash.o
#        C:\Users\Zagros\Desktop\STM\CODE\AM2302\EWARM\AM2302\Obj\Drivers\STM32F1xx_HAL_Driver\stm32f1xx_hal_flash_ex.o
#        C:\Users\Zagros\Desktop\STM\CODE\AM2302\EWARM\AM2302\Obj\Drivers\STM32F1xx_HAL_Driver\stm32f1xx_hal_gpio.o
#        C:\Users\Zagros\Desktop\STM\CODE\AM2302\EWARM\AM2302\Obj\Drivers\STM32F1xx_HAL_Driver\stm32f1xx_hal_gpio_ex.o
#        C:\Users\Zagros\Desktop\STM\CODE\AM2302\EWARM\AM2302\Obj\Application\User\Core\stm32f1xx_hal_msp.o
#        C:\Users\Zagros\Desktop\STM\CODE\AM2302\EWARM\AM2302\Obj\Drivers\STM32F1xx_HAL_Driver\stm32f1xx_hal_pwr.o
#        C:\Users\Zagros\Desktop\STM\CODE\AM2302\EWARM\AM2302\Obj\Drivers\STM32F1xx_HAL_Driver\stm32f1xx_hal_rcc.o
#        C:\Users\Zagros\Desktop\STM\CODE\AM2302\EWARM\AM2302\Obj\Drivers\STM32F1xx_HAL_Driver\stm32f1xx_hal_rcc_ex.o
#        C:\Users\Zagros\Desktop\STM\CODE\AM2302\EWARM\AM2302\Obj\Drivers\STM32F1xx_HAL_Driver\stm32f1xx_hal_tim.o
#        C:\Users\Zagros\Desktop\STM\CODE\AM2302\EWARM\AM2302\Obj\Drivers\STM32F1xx_HAL_Driver\stm32f1xx_hal_tim_ex.o
#        C:\Users\Zagros\Desktop\STM\CODE\AM2302\EWARM\AM2302\Obj\Application\User\Core\stm32f1xx_it.o
#        C:\Users\Zagros\Desktop\STM\CODE\AM2302\EWARM\AM2302\Obj\Drivers\CMSIS\system_stm32f1xx.o
#        --no_out_extension -o
#        C:\Users\Zagros\Desktop\STM\CODE\AM2302\EWARM\AM2302\Exe\AM2302.out
#        --redirect _Printf=_PrintfFullNoMb --redirect _Scanf=_ScanfFullNoMb
#        --map
#        C:\Users\Zagros\Desktop\STM\CODE\AM2302\EWARM\AM2302\List\AM2302.map
#        --config
#        C:\Users\Zagros\Desktop\STM\CODE\AM2302\EWARM/stm32f103xb_flash.icf
#        --semihosting --entry __iar_program_start --vfe --text_out locale)
#
###############################################################################

*******************************************************************************
*** RUNTIME MODEL ATTRIBUTES
***

CppFlavor       = *
__SystemLibrary = DLib
__dlib_version  = 6


*******************************************************************************
*** HEAP SELECTION
***

The basic heap was selected because no calls to memory allocation
functions were found in the application outside of system library
functions, and there are calls to deallocation functions in the
application.


*******************************************************************************
*** PLACEMENT SUMMARY
***

"A0":  place at address 0x800'0000 { ro section .intvec };
"P1":  place in [from 0x800'0000 to 0x801'ffff] { ro };
define block CSTACK with size = 1K, alignment = 8 { };
define block HEAP with size = 512, alignment = 8 { };
"P2":  place in [from 0x2000'0000 to 0x2000'4fff] {
          rw, block CSTACK, block HEAP };
initialize by copy { rw };

  Section            Kind         Address    Size  Object
  -------            ----         -------    ----  ------
"A0":                                        0xec
  .intvec            ro code   0x800'0000    0xec  startup_stm32f103xb.o [1]
                             - 0x800'00ec    0xec

"P1":                                      0x1450
  .text              ro code   0x800'00ec   0x496  stm32f1xx_hal_rcc.o [4]
  .text              ro code   0x800'0582    0x2a  copy_init3.o [7]
  .text              ro code   0x800'05ac     0xc  stm32f1xx_hal.o [4]
  .text              ro code   0x800'05b8    0x40  stm32f1xx_hal.o [4]
  .text              ro code   0x800'05f8    0xac  stm32f1xx_hal_cortex.o [4]
  .text              ro code   0x800'06a4   0x250  stm32f1xx_hal_tim.o [4]
  .text              ro code   0x800'08f4    0x68  stm32f1xx_hal_msp.o [2]
  .text              ro code   0x800'095c   0x212  main.o [2]
  .text              ro code   0x800'0b70    0x24  stm32f1xx_hal.o [4]
  .text              ro code   0x800'0b94    0x14  memset.o [7]
  .text              ro code   0x800'0ba8   0x1c8  stm32f1xx_hal_gpio.o [4]
  .text              ro code   0x800'0d70    0x64  stm32f1xx_hal_tim_ex.o [4]
  .text              ro code   0x800'0dd4   0x158  AM2302.o [2]
  .text              ro code   0x800'0f2c    0x24  S32ToFlt.o [6]
  .text              ro code   0x800'0f50    0x1a  U32ToFlt.o [6]
  .text              ro code   0x800'0f6c    0xd8  FltMul.o [6]
  .text              ro code   0x800'1044   0x118  FltDiv.o [6]
  .text              ro code   0x800'115c   0x162  FltAddSub.o [6]
  .text              ro code   0x800'12c0    0x28  stm32f1xx_hal.o [4]
  .text              ro code   0x800'12e8    0x66  ABImemset.o [7]
  .text              ro code   0x800'134e    0x38  zero_init3.o [7]
  .text              ro code   0x800'1388    0x28  data_init.o [7]
  .iar.init_table    const     0x800'13b0    0x24  - Linker created -
  .text              ro code   0x800'13d4    0x1e  cmain.o [7]
  .text              ro code   0x800'13f2     0x4  low_level_init.o [5]
  .text              ro code   0x800'13f6     0x4  exit.o [5]
  .text              ro code   0x800'13fc     0xa  cexit.o [7]
  .text              ro code   0x800'1408    0x14  exit.o [8]
  .text              ro code   0x800'141c    0x1c  cstartup_M.o [7]
  .text              ro code   0x800'1438    0x14  stm32f1xx_it.o [2]
  .text              ro code   0x800'144c    0x10  stm32f1xx_hal.o [4]
  .text              ro code   0x800'145c    0x14  system_stm32f1xx.o [3]
  .text              ro code   0x800'1470    0x10  startup_stm32f103xb.o [1]
  Initializer bytes  const     0x800'1480    0x10  <for P2-1>
  .text              ro code   0x800'1490     0x4  startup_stm32f103xb.o [1]
  .text              ro code   0x800'1494     0x4  startup_stm32f103xb.o [1]
  .text              ro code   0x800'1498     0x4  startup_stm32f103xb.o [1]
  .text              ro code   0x800'149c     0x4  startup_stm32f103xb.o [1]
  .text              ro code   0x800'14a0     0x4  startup_stm32f103xb.o [1]
  .text              ro code   0x800'14a4     0x4  startup_stm32f103xb.o [1]
  .text              ro code   0x800'14a8     0x4  startup_stm32f103xb.o [1]
  .text              ro code   0x800'14ac     0x4  startup_stm32f103xb.o [1]
  .text              ro code   0x800'14b0     0x4  startup_stm32f103xb.o [1]
  .text              ro code   0x800'14b4     0x4  startup_stm32f103xb.o [1]
  .text              ro code   0x800'14b8     0x4  startup_stm32f103xb.o [1]
  .text              ro code   0x800'14bc     0x4  startup_stm32f103xb.o [1]
  .text              ro code   0x800'14c0     0x4  startup_stm32f103xb.o [1]
  .text              ro code   0x800'14c4     0x4  startup_stm32f103xb.o [1]
  .text              ro code   0x800'14c8     0x4  startup_stm32f103xb.o [1]
  .text              ro code   0x800'14cc     0x4  startup_stm32f103xb.o [1]
  .text              ro code   0x800'14d0     0x4  startup_stm32f103xb.o [1]
  .text              ro code   0x800'14d4     0x4  startup_stm32f103xb.o [1]
  .text              ro code   0x800'14d8     0x4  startup_stm32f103xb.o [1]
  .text              ro code   0x800'14dc     0x4  startup_stm32f103xb.o [1]
  .text              ro code   0x800'14e0     0x4  startup_stm32f103xb.o [1]
  .text              ro code   0x800'14e4     0x4  startup_stm32f103xb.o [1]
  .text              ro code   0x800'14e8     0x4  startup_stm32f103xb.o [1]
  .text              ro code   0x800'14ec     0x4  startup_stm32f103xb.o [1]
  .text              ro code   0x800'14f0     0x4  startup_stm32f103xb.o [1]
  .text              ro code   0x800'14f4     0x4  startup_stm32f103xb.o [1]
  .text              ro code   0x800'14f8     0x4  startup_stm32f103xb.o [1]
  .text              ro code   0x800'14fc     0x4  startup_stm32f103xb.o [1]
  .text              ro code   0x800'1500     0x4  startup_stm32f103xb.o [1]
  .text              ro code   0x800'1504     0x4  startup_stm32f103xb.o [1]
  .text              ro code   0x800'1508     0x4  startup_stm32f103xb.o [1]
  .text              ro code   0x800'150c     0x4  startup_stm32f103xb.o [1]
  .text              ro code   0x800'1510     0x4  startup_stm32f103xb.o [1]
  .text              ro code   0x800'1514     0x4  startup_stm32f103xb.o [1]
  .text              ro code   0x800'1518     0x4  startup_stm32f103xb.o [1]
  .text              ro code   0x800'151c     0x4  startup_stm32f103xb.o [1]
  .text              ro code   0x800'1520     0x4  startup_stm32f103xb.o [1]
  .text              ro code   0x800'1524     0x4  startup_stm32f103xb.o [1]
  .text              ro code   0x800'1528     0x4  startup_stm32f103xb.o [1]
  .text              ro code   0x800'152c     0x4  startup_stm32f103xb.o [1]
  .text              ro code   0x800'1530     0x4  startup_stm32f103xb.o [1]
  .text              ro code   0x800'1534     0x4  startup_stm32f103xb.o [1]
  .text              ro code   0x800'1538     0x4  startup_stm32f103xb.o [1]
  .rodata            const     0x800'153c     0x0  zero_init3.o [7]
  .rodata            const     0x800'153c     0x0  copy_init3.o [7]
                             - 0x800'153c  0x1450

"P2", part 1 of 3:                           0x10
  P2-1                        0x2000'0000    0x10  <Init block>
    .data            inited   0x2000'0000     0xc  stm32f1xx_hal.o [4]
    .data            inited   0x2000'000c     0x4  system_stm32f1xx.o [3]
                            - 0x2000'0010    0x10

"P2", part 2 of 3:                           0x64
  .bss               zero     0x2000'0010    0x50  main.o [2]
  .bss               zero     0x2000'0060     0x4  AM2302.o [2]
  .bss               zero     0x2000'0064     0x4  AM2302.o [2]
  .bss               zero     0x2000'0068     0x4  AM2302.o [2]
  .bss               zero     0x2000'006c     0x4  main.o [2]
  .bss               zero     0x2000'0070     0x4  main.o [2]
                            - 0x2000'0074    0x64

"P2", part 3 of 3:                          0x400
  CSTACK                      0x2000'0078   0x400  <Block>
    CSTACK           uninit   0x2000'0078   0x400  <Block tail>
                            - 0x2000'0478   0x400

Unused ranges:

         From           To      Size
         ----           --      ----
   0x800'153c   0x801'ffff  0x1'eac4
  0x2000'0074  0x2000'0077       0x4
  0x2000'0478  0x2000'4fff    0x4b88


*******************************************************************************
*** INIT TABLE
***

          Address      Size
          -------      ----
Zero (__iar_zero_init3)
    1 destination range, total size 0x64:
          0x2000'0010  0x64

Copy (__iar_copy_init3)
    1 source range, total size 0x10:
           0x800'1480  0x10
    1 destination range, total size 0x10:
          0x2000'0000  0x10



*******************************************************************************
*** MODULE SUMMARY
***

    Module                  ro code  ro data  rw data
    ------                  -------  -------  -------
command line/config:
    -------------------------------------------------
    Total:

C:\Users\Zagros\Desktop\STM\CODE\AM2302\EWARM\AM2302\Obj\Application\EWARM: [1]
    startup_stm32f103xb.o       424
    -------------------------------------------------
    Total:                      424

C:\Users\Zagros\Desktop\STM\CODE\AM2302\EWARM\AM2302\Obj\Application\User\Core: [2]
    AM2302.o                    344                12
    main.o                      530                88
    stm32f1xx_hal_msp.o         104
    stm32f1xx_it.o               20
    -------------------------------------------------
    Total:                      998               100

C:\Users\Zagros\Desktop\STM\CODE\AM2302\EWARM\AM2302\Obj\Drivers\CMSIS: [3]
    system_stm32f1xx.o           20        4        4
    -------------------------------------------------
    Total:                       20        4        4

C:\Users\Zagros\Desktop\STM\CODE\AM2302\EWARM\AM2302\Obj\Drivers\STM32F1xx_HAL_Driver: [4]
    stm32f1xx_hal.o             168       12       12
    stm32f1xx_hal_cortex.o      172
    stm32f1xx_hal_gpio.o        456
    stm32f1xx_hal_rcc.o       1'174
    stm32f1xx_hal_tim.o         592
    stm32f1xx_hal_tim_ex.o      100
    -------------------------------------------------
    Total:                    2'662       12       12

dl7M_tln.a: [5]
    exit.o                        4
    low_level_init.o              4
    -------------------------------------------------
    Total:                        8

m7M_tl.a: [6]
    FltAddSub.o                 354
    FltDiv.o                    280
    FltMul.o                    216
    S32ToFlt.o                   36
    U32ToFlt.o                   26
    -------------------------------------------------
    Total:                      912

rt7M_tl.a: [7]
    ABImemset.o                 102
    cexit.o                      10
    cmain.o                      30
    copy_init3.o                 42
    cstartup_M.o                 28
    data_init.o                  40
    memset.o                     20
    zero_init3.o                 56
    -------------------------------------------------
    Total:                      328

shb_l.a: [8]
    exit.o                       20
    -------------------------------------------------
    Total:                       20

    Gaps                         12
    Linker created                        36    1'024
-----------------------------------------------------
    Grand Total:              5'384       52    1'140


*******************************************************************************
*** ENTRY LIST
***

Entry                       Address   Size  Type      Object
-----                       -------   ----  ----      ------
.iar.init_table$$Base    0x800'13b0          --   Gb  - Linker created -
.iar.init_table$$Limit   0x800'13d4          --   Gb  - Linker created -
?main                    0x800'13d5         Code  Gb  cmain.o [7]
AHBPrescTable            0x800'1460   0x10  Data  Gb  system_stm32f1xx.o [3]
AM2302_Humidity         0x2000'0068    0x4  Data  Gb  AM2302.o [2]
AM2302_Init              0x800'0dd5    0x6  Code  Gb  AM2302.o [2]
AM2302_ReadByte          0x800'0e95   0x7a  Code  Gb  AM2302.o [2]
AM2302_Start             0x800'0ddb   0xa6  Code  Gb  AM2302.o [2]
AM2302_TemperatureC     0x2000'0060    0x4  Data  Gb  AM2302.o [2]
AM2302_TemperatureF     0x2000'0064    0x4  Data  Gb  AM2302.o [2]
BusFault_Handler         0x800'143f    0x2  Code  Gb  stm32f1xx_it.o [2]
CHECK                   0x2000'0015    0x1  Data  Gb  main.o [2]
CSTACK$$Base            0x2000'0078          --   Gb  - Linker created -
CSTACK$$Limit           0x2000'0478          --   Gb  - Linker created -
DebugMon_Handler         0x800'1445    0x2  Code  Gb  stm32f1xx_it.o [2]
Error_Handler            0x800'0b6b    0x4  Code  Gb  main.o [2]
HAL_Delay                0x800'12c1   0x28  Code  Gb  stm32f1xx_hal.o [4]
HAL_GPIO_Init            0x800'0ba9  0x180  Code  Gb  stm32f1xx_hal_gpio.o [4]
HAL_GPIO_ReadPin         0x800'0d29    0xc  Code  Gb  stm32f1xx_hal_gpio.o [4]
HAL_GPIO_WritePin        0x800'0d35    0x8  Code  Gb  stm32f1xx_hal_gpio.o [4]
HAL_GetTick              0x800'05ad    0xc  Code  Gb  stm32f1xx_hal.o [4]
HAL_IncTick              0x800'144d   0x10  Code  Gb  stm32f1xx_hal.o [4]
HAL_Init                 0x800'0b71   0x20  Code  Gb  stm32f1xx_hal.o [4]
HAL_InitTick             0x800'05b9   0x40  Code  Gb  stm32f1xx_hal.o [4]
HAL_MspInit              0x800'08f5   0x3a  Code  Gb  stm32f1xx_hal_msp.o [2]
HAL_NVIC_SetPriority     0x800'062d   0x3a  Code  Gb  stm32f1xx_hal_cortex.o [4]
HAL_NVIC_SetPriorityGrouping
                         0x800'0613   0x1a  Code  Gb  stm32f1xx_hal_cortex.o [4]
HAL_RCC_ClockConfig      0x800'0401   0xf4  Code  Gb  stm32f1xx_hal_rcc.o [4]
HAL_RCC_GetSysClockFreq
                         0x800'0509   0x3a  Code  Gb  stm32f1xx_hal_rcc.o [4]
HAL_RCC_GetSysClockFreq::aPLLMULFactorTable
                         0x800'0570   0x10  Data  Lc  stm32f1xx_hal_rcc.o [4]
HAL_RCC_GetSysClockFreq::aPredivFactorTable
                         0x800'0580    0x2  Data  Lc  stm32f1xx_hal_rcc.o [4]
HAL_RCC_OscConfig        0x800'00ed  0x30c  Code  Gb  stm32f1xx_hal_rcc.o [4]
HAL_SYSTICK_Config       0x800'0667   0x28  Code  Gb  stm32f1xx_hal_cortex.o [4]
HAL_TIMEx_MasterConfigSynchronization
                         0x800'0d71   0x56  Code  Gb  stm32f1xx_hal_tim_ex.o [4]
HAL_TIM_Base_Init        0x800'06a5   0x1a  Code  Gb  stm32f1xx_hal_tim.o [4]
HAL_TIM_Base_MspInit     0x800'092f   0x22  Code  Gb  stm32f1xx_hal_msp.o [2]
HAL_TIM_Base_Start       0x800'06bf   0x4a  Code  Gb  stm32f1xx_hal_tim.o [4]
HAL_TIM_ConfigClockSource
                         0x800'0745   0xaa  Code  Gb  stm32f1xx_hal_tim.o [4]
HardFault_Handler        0x800'143b    0x2  Code  Gb  stm32f1xx_it.o [2]
MemManage_Handler        0x800'143d    0x2  Code  Gb  stm32f1xx_it.o [2]
NMI_Handler              0x800'1439    0x2  Code  Gb  stm32f1xx_it.o [2]
PendSV_Handler           0x800'1447    0x2  Code  Gb  stm32f1xx_it.o [2]
RH1                     0x2000'0010    0x1  Data  Gb  main.o [2]
RH2                     0x2000'0011    0x1  Data  Gb  main.o [2]
Region$$Table$$Base      0x800'13b0          --   Gb  - Linker created -
Region$$Table$$Limit     0x800'13d4          --   Gb  - Linker created -
SUM                     0x2000'0014    0x1  Data  Gb  main.o [2]
SVC_Handler              0x800'1443    0x2  Code  Gb  stm32f1xx_it.o [2]
SysTick_Handler          0x800'1449    0x4  Code  Gb  stm32f1xx_it.o [2]
SystemClock_Config       0x800'0b05   0x66  Code  Gb  main.o [2]
SystemCoreClock         0x2000'000c    0x4  Data  Gb  system_stm32f1xx.o [3]
SystemInit               0x800'145d    0x2  Code  Gb  system_stm32f1xx.o [3]
TC1                     0x2000'0012    0x1  Data  Gb  main.o [2]
TC2                     0x2000'0013    0x1  Data  Gb  main.o [2]
TIM_Base_SetConfig       0x800'0809   0x6c  Code  Gb  stm32f1xx_hal_tim.o [4]
TIM_ETR_SetConfig        0x800'08db   0x14  Code  Gb  stm32f1xx_hal_tim.o [4]
TIM_ITRx_SetConfig       0x800'08cb   0x10  Code  Lc  stm32f1xx_hal_tim.o [4]
TIM_TI1_ConfigInputStage
                         0x800'0889   0x1e  Code  Lc  stm32f1xx_hal_tim.o [4]
TIM_TI2_ConfigInputStage
                         0x800'08a7   0x24  Code  Lc  stm32f1xx_hal_tim.o [4]
UsageFault_Handler       0x800'1441    0x2  Code  Gb  stm32f1xx_it.o [2]
__NVIC_SetPriority       0x800'05f9   0x1a  Code  Lc  stm32f1xx_hal_cortex.o [4]
__aeabi_fadd             0x800'115d         Code  Gb  FltAddSub.o [6]
__aeabi_fdiv             0x800'1045         Code  Gb  FltDiv.o [6]
__aeabi_fmul             0x800'0f6d         Code  Gb  FltMul.o [6]
__aeabi_i2f              0x800'0f2d         Code  Gb  S32ToFlt.o [6]
__aeabi_memset           0x800'12e9         Code  Gb  ABImemset.o [7]
__aeabi_ui2f             0x800'0f51         Code  Gb  U32ToFlt.o [6]
__cmain                  0x800'13d5         Code  Gb  cmain.o [7]
__exit                   0x800'1409   0x14  Code  Gb  exit.o [8]
__iar_Memset             0x800'12e9         Code  Gb  ABImemset.o [7]
__iar_Memset_word        0x800'12f1         Code  Gb  ABImemset.o [7]
__iar_copy_init3         0x800'0583   0x2a  Code  Gb  copy_init3.o [7]
__iar_data_init3         0x800'1389   0x28  Code  Gb  data_init.o [7]
__iar_program_start      0x800'141d         Code  Gb  cstartup_M.o [7]
__iar_zero_init3         0x800'134f   0x38  Code  Gb  zero_init3.o [7]
__low_level_init         0x800'13f3    0x4  Code  Gb  low_level_init.o [5]
__vector_table           0x800'0000         Data  Gb  startup_stm32f103xb.o [1]
_call_main               0x800'13e1         Code  Gb  cmain.o [7]
_exit                    0x800'13fd         Code  Gb  cexit.o [7]
cMillis                 0x2000'0070    0x4  Data  Gb  main.o [2]
exit                     0x800'13f7    0x4  Code  Gb  exit.o [5]
htim1                   0x2000'0018   0x48  Data  Gb  main.o [2]
main                     0x800'095d  0x174  Code  Gb  main.o [2]
memset                   0x800'0b95   0x14  Code  Gb  memset.o [7]
pMillis                 0x2000'006c    0x4  Data  Gb  main.o [2]
uwTick                  0x2000'0004    0x4  Data  Gb  stm32f1xx_hal.o [4]
uwTickFreq              0x2000'0000    0x1  Data  Gb  stm32f1xx_hal.o [4]
uwTickPrio              0x2000'0008    0x4  Data  Gb  stm32f1xx_hal.o [4]


[1] = C:\Users\Zagros\Desktop\STM\CODE\AM2302\EWARM\AM2302\Obj\Application\EWARM
[2] = C:\Users\Zagros\Desktop\STM\CODE\AM2302\EWARM\AM2302\Obj\Application\User\Core
[3] = C:\Users\Zagros\Desktop\STM\CODE\AM2302\EWARM\AM2302\Obj\Drivers\CMSIS
[4] = C:\Users\Zagros\Desktop\STM\CODE\AM2302\EWARM\AM2302\Obj\Drivers\STM32F1xx_HAL_Driver
[5] = dl7M_tln.a
[6] = m7M_tl.a
[7] = rt7M_tl.a
[8] = shb_l.a

  5'384 bytes of readonly  code memory
     52 bytes of readonly  data memory
  1'140 bytes of readwrite data memory

Errors: none
Warnings: none
